Archive member included to satisfy reference by file (symbol)

lib/libql_app_peripheral.a(led_cfg_demo.c.obj)
                              components/ql-application/init/CMakeFiles/APPIMAGE_APP.dir/ql_init.c.obj (ql_ledcfg_app_init)
lib/libql_app_peripheral.a(ql_pin_cfg.c.obj)
                              components/ql-application/init/CMakeFiles/APPIMAGE_APP.dir/ql_init.c.obj (ql_pin_cfg_map)
lib/libql_app_power.a(power_demo.c.obj)
                              components/ql-application/init/CMakeFiles/APPIMAGE_APP.dir/ql_init.c.obj (ql_power_app_init)
lib/libql_app_autoswitch.a(call.c.obj)
                              components/ql-application/init/CMakeFiles/APPIMAGE_APP.dir/ql_init.c.obj (AutoSwitch_call_app_init)
lib/libql_app_autoswitch.a(sms.c.obj)
                              components/ql-application/init/CMakeFiles/APPIMAGE_APP.dir/ql_init.c.obj (AutoSwitch_sms_app_init)
lib/libql_app_autoswitch.a(Uart.c.obj)
                              components/ql-application/init/CMakeFiles/APPIMAGE_APP.dir/ql_init.c.obj (AutoSwitch_Uart_app_init)
lib/libql_app_autoswitch.a(audio.c.obj)
                              components/ql-application/init/CMakeFiles/APPIMAGE_APP.dir/ql_init.c.obj (AutoSwitch_audio_app_init)
lib/libql_app_autoswitch.a(embedded_flash.c.obj)
                              components/ql-application/init/CMakeFiles/APPIMAGE_APP.dir/ql_init.c.obj (AutoSwitch_embed_flash_app_init)
lib/libql_app_autoswitch.a(network.c.obj)
                              lib/libql_app_autoswitch.a(audio.c.obj) (OpNameBuff)
lib/libql_app_autoswitch.a(mqtt.c.obj)
                              components/ql-application/init/CMakeFiles/APPIMAGE_APP.dir/ql_init.c.obj (AutoSwitch_mqtt_app_init)
lib/libql_app_autoswitch.a(fota_ftp.c.obj)
                              lib/libql_app_autoswitch.a(sms.c.obj) (ASW_fota_ftp_app_init)
lib/libql_app_autoswitch.a(power.c.obj)
                              components/ql-application/init/CMakeFiles/APPIMAGE_APP.dir/ql_init.c.obj (ASW_power_app_init)
lib/libql_app_usb.a(usb_demo.c.obj)
                              components/ql-application/init/CMakeFiles/APPIMAGE_APP.dir/ql_init.c.obj (ql_usb_app_init)
../../components/newlib/armca5/libql_api_tts.a(ql_api_tts.c.obj)
                              lib/libql_app_autoswitch.a(audio.c.obj) (ql_tts_engine_init_ex)
../../components/newlib/armca5/libql_api_tts.a(tts.c.obj)
                              ../../components/newlib/armca5/libql_api_tts.a(ql_api_tts.c.obj) (ttsSetParam)
../../components/newlib/armca5/libql_api_tts.a(ivTTS_Ctrl.c.obj)
                              ../../components/newlib/armca5/libql_api_tts.a(tts.c.obj) (ivTTS_SetParam)
../../components/newlib/armca5/libql_api_tts.a(ivTTS_Input0.c.obj)
                              ../../components/newlib/armca5/libql_api_tts.a(ivTTS_Ctrl.c.obj) (g_vtabIs4Input0)
../../components/newlib/armca5/libql_api_tts.a(ivTTS_Inst.c.obj)
                              ../../components/newlib/armca5/libql_api_tts.a(tts.c.obj) (ivTTS_CreateG)
../../components/newlib/armca5/libql_api_tts.a(ivTTS_Main.c.obj)
                              ../../components/newlib/armca5/libql_api_tts.a(tts.c.obj) (ivTTS_Exit)
../../components/newlib/armca5/libql_api_tts.a(ivTTS_Output.c.obj)
                              ../../components/newlib/armca5/libql_api_tts.a(ivTTS_Inst.c.obj) (g_vtabIs4Output)
../../components/newlib/armca5/libql_api_tts.a(ivTTS_Resample.c.obj)
                              ../../components/newlib/armca5/libql_api_tts.a(ivTTS_Output.c.obj) (ReSample_Init)
../../components/newlib/armca5/libql_api_tts.a(ivTTS_Version.c.obj)
                              ../../components/newlib/armca5/libql_api_tts.a(tts.c.obj) (ivTTS_GetVersion)
../../components/newlib/armca5/libql_api_tts.a(ivTTS_Watch.c.obj)
                              ../../components/newlib/armca5/libql_api_tts.a(ivTTS_Inst.c.obj) (g_vtabIs4Watch)
../../components/newlib/armca5/libql_api_tts.a(ivTTSApi.c.obj)
                              ../../components/newlib/armca5/libql_api_tts.a(ivTTS_Ctrl.c.obj) (ivTTSApi_Create)
../../components/newlib/armca5/libql_api_tts.a(PureEnglish.c.obj)
                              ../../components/newlib/armca5/libql_api_tts.a(ivTTS_Inst.c.obj) (PureEnglishClass_CreateCTX)
../../components/newlib/armca5/libql_api_tts.a(Dictionary.c.obj)
                              ../../components/newlib/armca5/libql_api_tts.a(PureEnglish.c.obj) (PureEnglish_TestDict)
../../components/newlib/armca5/libql_api_tts.a(FrontDefine.c.obj)
                              ../../components/newlib/armca5/libql_api_tts.a(PureEnglish.c.obj) (EFrontInit)
../../components/newlib/armca5/libql_api_tts.a(IsCEEngine.c.obj)
                              ../../components/newlib/armca5/libql_api_tts.a(ivTTS_Inst.c.obj) (IsCEEngineClass_CreateCTX)
../../components/newlib/armca5/libql_api_tts.a(IsCEFront.c.obj)
                              ../../components/newlib/armca5/libql_api_tts.a(IsCEEngine.c.obj) (IsCEFront_Init)
[...]
Memory Configuration

Name             Origin             Length             Attributes
flash            0x60250000         0x000d0000         xr
ram              0x80fa0000         0x00020000         xrw
*default*        0x00000000         0xffffffff

Linker script and memory map

LOAD lib/core_stub.o
LOAD components/ql-application/init/CMakeFiles/APPIMAGE_APP.dir/ql_init.c.obj
LOAD ../../components/newlib/armca5/libc.a
LOAD ../../components/newlib/armca5/libm.a
LOAD ../../prebuilts/win32/gcc-arm-none-eabi/bin/../lib/gcc/arm-none-eabi/7.2.1/thumb/v7-ar/fpv3/hard/libgcc.a
LOAD lib/libql_app_nw.a
LOAD lib/libql_app_peripheral.a
LOAD lib/libql_app_osi.a
LOAD lib/libql_app_dev.a
LOAD lib/libql_app_sim.a
LOAD lib/libql_app_power.a
LOAD lib/libql_app_autoswitch.a
LOAD lib/libql_app_usb.a
LOAD lib/libql_app_ftp.a
LOAD lib/libql_app_http.a
LOAD lib/libql_app_mqtt.a
LOAD lib/libql_app_ssl.a
LOAD lib/libql_app_ping.a
LOAD lib/libql_app_ntp.a
LOAD lib/libql_app_socket.a
LOAD lib/libql_app_audio.a
LOAD lib/libql_app_tts.a
LOAD ../../components/newlib/armca5/libql_api_tts.a
LOAD ../../components/newlib/armca5/libm.a
LOAD lib/libql_app_bt.a
LOAD lib/libql_app_bt_hfp.a
LOAD lib/libql_app_bt_spp.a
LOAD lib/libql_app_ble_gatt.a
LOAD lib/libql_app_file.a
LOAD lib/libql_app_sms.a
LOAD lib/libql_app_voice_call.a
LOAD lib/libql_app_volte.a
LOAD lib/libql_app_spi.a
LOAD lib/libql_app_spi_nor_flash.a
LOAD lib/libql_app_spi6_ext_nor_flash.a
LOAD lib/libql_app_spi_nand_flash.a
LOAD lib/libql_app_decoder.a
LOAD ../../components/newlib/armca5/libql_api_decoder.a
LOAD ../../components/newlib/armca5/libm.a
LOAD lib/libql_app_img_at.a
LOAD lib/libql_app_rtc.a
LOAD lib/libql_ali_linkSDK.a
LOAD lib/libql_qcloud_iot.a
LOAD lib/libql_app_virt_at.a
LOAD lib/libql_app_http_fota.a
LOAD lib/libql_app_ftp_fota.a
LOAD lib/libql_app_i2c.a
LOAD lib/libql_app_sdmmc.a
LOAD lib/libql_app_mxml.a
LOAD lib/libql_app_embed_nor_flash.a
LOAD lib/libql_app_hilinksdk.a
LOAD lib/libql_app_hilinksdk.a
LOAD lib/ql_hilinksdk.a
START GROUP
LOAD ..\..\components\newlib\armca5\libc.a
LOAD ..\..\components\newlib\armca5\libm.a
LOAD ..\..\prebuilts\win32\gcc-arm-none-eabi\lib\gcc\arm-none-eabi\7.2.1\thumb\v7-ar\fpv3\hard\libgcc.a
LOAD ..\..\components\ql-application\HiLinkSDK\lib\tl8251\lib\debug\libhilinkbtsdk.a
LOAD ..\..\components\ql-application\HiLinkSDK\lib\WiFi\ota\debug\libhilinkota.a
LOAD ..\..\components\ql-application\HiLinkSDK\lib\WiFi\softap\debug\libhilinkdevicesdk.a
END GROUP
LOAD ../../components/newlib/armca5/libm.a
LOAD lib/libql_app_ss.a
LOAD lib/libql_app_bt.a
LOAD lib/libql_app_peripheral.a
LOAD lib/libql_app_hilinksdk.a
LOAD ../../components/newlib/armca5/libql_newlib.a
LOAD ../../components/newlib/armca5/libc.a
LOAD ../../components/newlib/armca5/libm.a
LOAD ../../prebuilts/win32/gcc-arm-none-eabi/bin/../lib/gcc/arm-none-eabi/7.2.1/thumb/v7-ar/fpv3/hard/libgcc.a
                0x00000000                PROVIDE (appimg_get_param, 0x0)
                0x00000000                PROVIDE (appimg_set_param, 0x0)
                0x60250000                . = ORIGIN (flash)
                0x60250000                __flash_start = .

.imageheader    0x60250000       0x80
                0x60250000        0x4 LONG 0x41505032
                0x60250004        0x4 LONG 0x0
                0x60250008        0x4 LONG 0x0
 *(.rodata.core_stub.header)
 .rodata.core_stub.header
                0x6025000c       0x14 lib/core_stub.o
                0x6025000c                gAppImageCoreHeader
                0x60250020        0x4 LONG 0x2
                0x60250024        0x4 LONG 0x80 (__corestub_load_start - __flash_start)
                0x60250028        0x4 LONG 0x3c8 (__corestub_end - __corestub_start)
                0x6025002c        0x4 LONG 0x80fa0000 __corestub_start
                0x60250030        0x4 LONG 0x4
                0x60250034        0x4 LONG 0x660 (__text_load_start - __flash_start)
                0x60250038        0x4 LONG 0x6510a (__text_end - __text_start)
                0x6025003c        0x4 LONG 0x60250660 __text_start
                0x60250040        0x4 LONG 0x4
                0x60250044        0x4 LONG 0x657a0 (__init_array_load_start - __flash_start)
                0x60250048        0x4 LONG 0x0 (__init_array_end - __init_array_start)
                0x6025004c        0x4 LONG 0x602b57a0 __init_array_start
                0x60250050        0x4 LONG 0x1
                0x60250054        0x4 LONG 0x460 (__data_load_start - __flash_start)
                0x60250058        0x4 LONG 0x1fe (__data_end - __data_start)
                0x6025005c        0x4 LONG 0x80fa03e0 __data_start
                0x60250060        0x4 LONG 0x3
                0x60250064        0x4 LONG 0x0
                0x60250068        0x4 LONG 0x147c (__bss_end - __bss_start)
                0x6025006c        0x4 LONG 0x80fa05e0 __bss_start
                0x60250070        0x4 LONG 0x0
                0x60250074        0x4 LONG 0x0
                0x60250078        0x4 LONG 0x0
                0x6025007c        0x4 LONG 0x0
                0x00000001                ASSERT ((SIZEOF (.imageheader) == 0x80), invalid app image header)
                0x80fa0000                . = ORIGIN (ram)
                0x80fa0000                __ram_start = .

.corestub       0x80fa0000      0x3e0 load address 0x60250080
                0x80fa0000                __corestub_start = .
 *(.text.core_stub.*)
 .text.core_stub.__getreent
                0x80fa0000        0x8 lib/core_stub.o
                0x80fa0000                __getreent
 .text.core_stub.calloc
                0x80fa0008        0x8 lib/core_stub.o
                0x80fa0008                calloc
 .text.core_stub.free
                0x80fa0010        0x8 lib/core_stub.o
                0x80fa0010                free
 .text.core_stub.malloc
                0x80fa0018        0x8 lib/core_stub.o
                0x80fa0018                malloc
 .text.core_stub.osiEnterCritical
                0x80fa0020        0x8 lib/core_stub.o
                0x80fa0020                osiEnterCritical
 .text.core_stub.osiExitCritical
                0x80fa0028        0x8 lib/core_stub.o
                0x80fa0028                osiExitCritical
 .text.core_stub.osiTraceBasic
                0x80fa0030        0x8 lib/core_stub.o
                0x80fa0030                osiTraceBasic
 .text.core_stub.osiTracePrintf
                0x80fa0038        0x8 lib/core_stub.o
                0x80fa0038                osiTracePrintf
 .text.core_stub.ql_aud_data_done
                0x80fa0040        0x8 lib/core_stub.o
                0x80fa0040                ql_aud_data_done
 .text.core_stub.ql_aud_pcm_open
                0x80fa0048        0x8 lib/core_stub.o
                0x80fa0048                ql_aud_pcm_open
 .text.core_stub.ql_aud_play_file_start
                0x80fa0050        0x8 lib/core_stub.o
                0x80fa0050                ql_aud_play_file_start
 .text.core_stub.ql_aud_player_stop
                0x80fa0058        0x8 lib/core_stub.o
                0x80fa0058                ql_aud_player_stop
 .text.core_stub.ql_aud_resampler_create
                0x80fa0060        0x8 lib/core_stub.o
                0x80fa0060                ql_aud_resampler_create
 .text.core_stub.ql_aud_resampler_destroy
                0x80fa0068        0x8 lib/core_stub.o
                0x80fa0068                ql_aud_resampler_destroy
 .text.core_stub.ql_aud_resampler_run
                0x80fa0070        0x8 lib/core_stub.o
                0x80fa0070                ql_aud_resampler_run
 .text.core_stub.ql_aud_tone_detect
                0x80fa0078        0x8 lib/core_stub.o
                0x80fa0078                ql_aud_tone_detect
 .text.core_stub.ql_aud_tone_detect_set_cb
                0x80fa0080        0x8 lib/core_stub.o
                0x80fa0080                ql_aud_tone_detect_set_cb
 .text.core_stub.ql_aud_wait_play_finish
                0x80fa0088        0x8 lib/core_stub.o
                0x80fa0088                ql_aud_wait_play_finish
 .text.core_stub.ql_autosleep_enable
                0x80fa0090        0x8 lib/core_stub.o
                0x80fa0090                ql_autosleep_enable
 .text.core_stub.ql_bind_sim_and_profile
                0x80fa0098        0x8 lib/core_stub.o
                0x80fa0098                ql_bind_sim_and_profile
 .text.core_stub.ql_datacall_get_default_pdn_cfg
                0x80fa00a0        0x8 lib/core_stub.o
                0x80fa00a0                ql_datacall_get_default_pdn_cfg
 .text.core_stub.ql_datacall_get_default_pdn_info
                0x80fa00a8        0x8 lib/core_stub.o
                0x80fa00a8                ql_datacall_get_default_pdn_info
 .text.core_stub.ql_datacall_get_sim_profile_is_active
                0x80fa00b0        0x8 lib/core_stub.o
                0x80fa00b0                ql_datacall_get_sim_profile_is_active
 .text.core_stub.ql_dev_cfg_wdt
                0x80fa00b8        0x8 lib/core_stub.o
                0x80fa00b8                ql_dev_cfg_wdt
 .text.core_stub.ql_dev_check_property
                0x80fa00c0        0x8 lib/core_stub.o
                0x80fa00c0                ql_dev_check_property
 .text.core_stub.ql_dev_get_firmware_version
                0x80fa00c8        0x8 lib/core_stub.o
                0x80fa00c8                ql_dev_get_firmware_version
 .text.core_stub.ql_dev_get_imei
                0x80fa00d0        0x8 lib/core_stub.o
                0x80fa00d0                ql_dev_get_imei
 .text.core_stub.ql_embed_nor_flash_erase
                0x80fa00d8        0x8 lib/core_stub.o
                0x80fa00d8                ql_embed_nor_flash_erase
 .text.core_stub.ql_embed_nor_flash_read
                0x80fa00e0        0x8 lib/core_stub.o
                0x80fa00e0                ql_embed_nor_flash_read
 .text.core_stub.ql_embed_nor_flash_write
                0x80fa00e8        0x8 lib/core_stub.o
                0x80fa00e8                ql_embed_nor_flash_write
 .text.core_stub.ql_event_try_wait
                0x80fa00f0        0x8 lib/core_stub.o
                0x80fa00f0                ql_event_try_wait
 .text.core_stub.ql_event_wait
                0x80fa00f8        0x8 lib/core_stub.o
                0x80fa00f8                ql_event_wait
 .text.core_stub.ql_fclose
                0x80fa0100        0x8 lib/core_stub.o
                0x80fa0100                ql_fclose
 .text.core_stub.ql_file_exist
                0x80fa0108        0x8 lib/core_stub.o
                0x80fa0108                ql_file_exist
 .text.core_stub.ql_fopen
                0x80fa0110        0x8 lib/core_stub.o
                0x80fa0110                ql_fopen
 .text.core_stub.ql_fota_file_reset
                0x80fa0118        0x8 lib/core_stub.o
                0x80fa0118                ql_fota_file_reset
 .text.core_stub.ql_fota_get_result
                0x80fa0120        0x8 lib/core_stub.o
                0x80fa0120                ql_fota_get_result
 .text.core_stub.ql_fota_image_verify
                0x80fa0128        0x8 lib/core_stub.o
                0x80fa0128                ql_fota_image_verify
 .text.core_stub.ql_fread
                0x80fa0130        0x8 lib/core_stub.o
                0x80fa0130                ql_fread
 .text.core_stub.ql_fs_free_size
                0x80fa0138        0x8 lib/core_stub.o
                0x80fa0138                ql_fs_free_size
 .text.core_stub.ql_fsize
                0x80fa0140        0x8 lib/core_stub.o
                0x80fa0140                ql_fsize
 .text.core_stub.ql_ftp_client_close
                0x80fa0148        0x8 lib/core_stub.o
                0x80fa0148                ql_ftp_client_close
 .text.core_stub.ql_ftp_client_get_ex
                0x80fa0150        0x8 lib/core_stub.o
                0x80fa0150                ql_ftp_client_get_ex
 .text.core_stub.ql_ftp_client_new
                0x80fa0158        0x8 lib/core_stub.o
                0x80fa0158                ql_ftp_client_new
 .text.core_stub.ql_ftp_client_open
                0x80fa0160        0x8 lib/core_stub.o
                0x80fa0160                ql_ftp_client_open
 .text.core_stub.ql_ftp_client_release
                0x80fa0168        0x8 lib/core_stub.o
                0x80fa0168                ql_ftp_client_release
 .text.core_stub.ql_ftp_client_setopt
                0x80fa0170        0x8 lib/core_stub.o
                0x80fa0170                ql_ftp_client_setopt
 .text.core_stub.ql_ftp_client_size
                0x80fa0178        0x8 lib/core_stub.o
                0x80fa0178                ql_ftp_client_size
 .text.core_stub.ql_fwrite
                0x80fa0180        0x8 lib/core_stub.o
                0x80fa0180                ql_fwrite
 .text.core_stub.ql_get_data_call_info
                0x80fa0188        0x8 lib/core_stub.o
                0x80fa0188                ql_get_data_call_info
 .text.core_stub.ql_gpio_init
                0x80fa0190        0x8 lib/core_stub.o
                0x80fa0190                ql_gpio_init
 .text.core_stub.ql_gpio_set_level
                0x80fa0198        0x8 lib/core_stub.o
                0x80fa0198                ql_gpio_set_level
 .text.core_stub.ql_ledcfg_callback_register
                0x80fa01a0        0x8 lib/core_stub.o
                0x80fa01a0                ql_ledcfg_callback_register
 .text.core_stub.ql_lpm_wakelock_unlock
                0x80fa01a8        0x8 lib/core_stub.o
                0x80fa01a8                ql_lpm_wakelock_unlock
 .text.core_stub.ql_mqtt_client_deinit
                0x80fa01b0        0x8 lib/core_stub.o
                0x80fa01b0                ql_mqtt_client_deinit
 .text.core_stub.ql_mqtt_client_init
                0x80fa01b8        0x8 lib/core_stub.o
                0x80fa01b8                ql_mqtt_client_init
 .text.core_stub.ql_mqtt_connect
                0x80fa01c0        0x8 lib/core_stub.o
                0x80fa01c0                ql_mqtt_connect
 .text.core_stub.ql_mqtt_publish
                0x80fa01c8        0x8 lib/core_stub.o
                0x80fa01c8                ql_mqtt_publish
 .text.core_stub.ql_mqtt_set_inpub_callback
                0x80fa01d0        0x8 lib/core_stub.o
                0x80fa01d0                ql_mqtt_set_inpub_callback
 .text.core_stub.ql_mqtt_sub_unsub
                0x80fa01d8        0x8 lib/core_stub.o
                0x80fa01d8                ql_mqtt_sub_unsub
 .text.core_stub.ql_network_register_wait
                0x80fa01e0        0x8 lib/core_stub.o
                0x80fa01e0                ql_network_register_wait
 .text.core_stub.ql_nvm_fread
                0x80fa01e8        0x8 lib/core_stub.o
                0x80fa01e8                ql_nvm_fread
 .text.core_stub.ql_nw_get_operator_name
                0x80fa01f0        0x8 lib/core_stub.o
                0x80fa01f0                ql_nw_get_operator_name
 .text.core_stub.ql_nw_get_reg_status
                0x80fa01f8        0x8 lib/core_stub.o
                0x80fa01f8                ql_nw_get_reg_status
 .text.core_stub.ql_nw_register_cb
                0x80fa0200        0x8 lib/core_stub.o
                0x80fa0200                ql_nw_register_cb
 .text.core_stub.ql_pcm_close
                0x80fa0208        0x8 lib/core_stub.o
                0x80fa0208                ql_pcm_close
 .text.core_stub.ql_pcm_write
                0x80fa0210        0x8 lib/core_stub.o
                0x80fa0210                ql_pcm_write
 .text.core_stub.ql_pin_set_func
                0x80fa0218        0x8 lib/core_stub.o
                0x80fa0218                ql_pin_set_func
 .text.core_stub.ql_power_down
                0x80fa0220        0x8 lib/core_stub.o
                0x80fa0220                ql_power_down
 .text.core_stub.ql_power_reset
                0x80fa0228        0x8 lib/core_stub.o
                0x80fa0228                ql_power_reset
 .text.core_stub.ql_pwm_lpg_enable
                0x80fa0230        0x8 lib/core_stub.o
                0x80fa0230                ql_pwm_lpg_enable
 .text.core_stub.ql_pwm_open
                0x80fa0238        0x8 lib/core_stub.o
                0x80fa0238                ql_pwm_open
 .text.core_stub.ql_remove
                0x80fa0240        0x8 lib/core_stub.o
                0x80fa0240                ql_remove
 .text.core_stub.ql_rtc_get_localtime
                0x80fa0248        0x8 lib/core_stub.o
                0x80fa0248                ql_rtc_get_localtime
 .text.core_stub.ql_rtc_print_time
                0x80fa0250        0x8 lib/core_stub.o
                0x80fa0250                ql_rtc_print_time
 .text.core_stub.ql_rtc_set_timezone
                0x80fa0258        0x8 lib/core_stub.o
                0x80fa0258                ql_rtc_set_timezone
 .text.core_stub.ql_rtos_event_send
                0x80fa0260        0x8 lib/core_stub.o
                0x80fa0260                ql_rtos_event_send
 .text.core_stub.ql_rtos_queue_create
                0x80fa0268        0x8 lib/core_stub.o
                0x80fa0268                ql_rtos_queue_create
 .text.core_stub.ql_rtos_queue_release
                0x80fa0270        0x8 lib/core_stub.o
                0x80fa0270                ql_rtos_queue_release
 .text.core_stub.ql_rtos_queue_wait
                0x80fa0278        0x8 lib/core_stub.o
                0x80fa0278                ql_rtos_queue_wait
 .text.core_stub.ql_rtos_semaphore_create
                0x80fa0280        0x8 lib/core_stub.o
                0x80fa0280                ql_rtos_semaphore_create
 .text.core_stub.ql_rtos_semaphore_release
                0x80fa0288        0x8 lib/core_stub.o
                0x80fa0288                ql_rtos_semaphore_release
 .text.core_stub.ql_rtos_semaphore_wait
                0x80fa0290        0x8 lib/core_stub.o
                0x80fa0290                ql_rtos_semaphore_wait
 .text.core_stub.ql_rtos_task_create
                0x80fa0298        0x8 lib/core_stub.o
                0x80fa0298                ql_rtos_task_create
 .text.core_stub.ql_rtos_task_delete
                0x80fa02a0        0x8 lib/core_stub.o
                0x80fa02a0                ql_rtos_task_delete
 .text.core_stub.ql_rtos_task_sleep_ms
                0x80fa02a8        0x8 lib/core_stub.o
                0x80fa02a8                ql_rtos_task_sleep_ms
 .text.core_stub.ql_rtos_task_sleep_s
                0x80fa02b0        0x8 lib/core_stub.o
                0x80fa02b0                ql_rtos_task_sleep_s
 .text.core_stub.ql_set_data_call_asyn_mode
                0x80fa02b8        0x8 lib/core_stub.o
                0x80fa02b8                ql_set_data_call_asyn_mode
 .text.core_stub.ql_sfs_setkey
                0x80fa02c0        0x8 lib/core_stub.o
                0x80fa02c0                ql_sfs_setkey
 .text.core_stub.ql_sim_get_iccid
                0x80fa02c8        0x8 lib/core_stub.o
                0x80fa02c8                ql_sim_get_iccid
 .text.core_stub.ql_sleep_register_cb
                0x80fa02d0        0x8 lib/core_stub.o
                0x80fa02d0                ql_sleep_register_cb
 .text.core_stub.ql_sms_callback_register
                0x80fa02d8        0x8 lib/core_stub.o
                0x80fa02d8                ql_sms_callback_register
 .text.core_stub.ql_sms_delete_msg_ex
                0x80fa02e0        0x8 lib/core_stub.o
                0x80fa02e0                ql_sms_delete_msg_ex
 .text.core_stub.ql_sms_read_msg_ex
                0x80fa02e8        0x8 lib/core_stub.o
                0x80fa02e8                ql_sms_read_msg_ex
 .text.core_stub.ql_sms_send_msg
                0x80fa02f0        0x8 lib/core_stub.o
                0x80fa02f0                ql_sms_send_msg
 .text.core_stub.ql_sms_set_code_mode
                0x80fa02f8        0x8 lib/core_stub.o
                0x80fa02f8                ql_sms_set_code_mode
 .text.core_stub.ql_sms_set_storage
                0x80fa0300        0x8 lib/core_stub.o
                0x80fa0300                ql_sms_set_storage
 .text.core_stub.ql_ss_register_cb
                0x80fa0308        0x8 lib/core_stub.o
                0x80fa0308                ql_ss_register_cb
 .text.core_stub.ql_ss_ussd_get_session_state
                0x80fa0310        0x8 lib/core_stub.o
                0x80fa0310                ql_ss_ussd_get_session_state
 .text.core_stub.ql_ss_ussd_send
                0x80fa0318        0x8 lib/core_stub.o
                0x80fa0318                ql_ss_ussd_send
 .text.core_stub.ql_start_data_call
                0x80fa0320        0x8 lib/core_stub.o
                0x80fa0320                ql_start_data_call
 .text.core_stub.ql_stat
                0x80fa0328        0x8 lib/core_stub.o
                0x80fa0328                ql_stat
 .text.core_stub.ql_stop_data_call
                0x80fa0330        0x8 lib/core_stub.o
                0x80fa0330                ql_stop_data_call
 .text.core_stub.ql_uart_open
                0x80fa0338        0x8 lib/core_stub.o
                0x80fa0338                ql_uart_open
 .text.core_stub.ql_uart_read
                0x80fa0340        0x8 lib/core_stub.o
                0x80fa0340                ql_uart_read
 .text.core_stub.ql_uart_register_cb
                0x80fa0348        0x8 lib/core_stub.o
                0x80fa0348                ql_uart_register_cb
 .text.core_stub.ql_uart_set_dcbconfig
                0x80fa0350        0x8 lib/core_stub.o
                0x80fa0350                ql_uart_set_dcbconfig
 .text.core_stub.ql_uart_write
                0x80fa0358        0x8 lib/core_stub.o
                0x80fa0358                ql_uart_write
 .text.core_stub.ql_ucs2_to_utf8
                0x80fa0360        0x8 lib/core_stub.o
                0x80fa0360                ql_ucs2_to_utf8
 .text.core_stub.ql_usb_bind_hotplug_cb
                0x80fa0368        0x8 lib/core_stub.o
                0x80fa0368                ql_usb_bind_hotplug_cb
 .text.core_stub.ql_usb_get_enum_mode
                0x80fa0370        0x8 lib/core_stub.o
                0x80fa0370                ql_usb_get_enum_mode
 .text.core_stub.ql_usb_msc_config_set
                0x80fa0378        0x8 lib/core_stub.o
                0x80fa0378                ql_usb_msc_config_set
 .text.core_stub.ql_usb_set_enum_mode
                0x80fa0380        0x8 lib/core_stub.o
                0x80fa0380                ql_usb_set_enum_mode
 .text.core_stub.ql_utf8_to_gbk
                0x80fa0388        0x8 lib/core_stub.o
                0x80fa0388                ql_utf8_to_gbk
 .text.core_stub.ql_voice_call_answer
                0x80fa0390        0x8 lib/core_stub.o
                0x80fa0390                ql_voice_call_answer
 .text.core_stub.ql_voice_call_callback_register
                0x80fa0398        0x8 lib/core_stub.o
                0x80fa0398                ql_voice_call_callback_register
 .text.core_stub.ql_voice_call_clcc
                0x80fa03a0        0x8 lib/core_stub.o
                0x80fa03a0                ql_voice_call_clcc
 .text.core_stub.ql_voice_call_end
                0x80fa03a8        0x8 lib/core_stub.o
                0x80fa03a8                ql_voice_call_end
 .text.core_stub.ql_voice_call_start
                0x80fa03b0        0x8 lib/core_stub.o
                0x80fa03b0                ql_voice_call_start
 .text.core_stub.ql_wakeup_register_cb
                0x80fa03b8        0x8 lib/core_stub.o
                0x80fa03b8                ql_wakeup_register_cb
 .text.core_stub.realloc
                0x80fa03c0        0x8 lib/core_stub.o
                0x80fa03c0                realloc
                0x80fa03c8                __corestub_end = .
                0x80fa03e0                . = ALIGN (0x20)
 *fill*         0x80fa03c8       0x18 
                0x60250080                __corestub_load_start = LOADADDR (.corestub)

.data           0x80fa03e0      0x200 load address 0x60250460
                0x80fa03e0                __data_start = .
 *(.data .data.* .gnu.linkonce.d.*)
 .data.AudioLanguage
                0x80fa03e0        0x1 lib/libql_app_autoswitch.a(audio.c.obj)
                0x80fa03e0                AudioLanguage
 *fill*         0x80fa03e1        0x3 
 .data.approximate_zero
                0x80fa03e4        0x4 lib/libql_app_autoswitch.a(fota_ftp.c.obj)
                0x80fa03e4                approximate_zero
 .data.file_full_path
                0x80fa03e8       0x32 lib/libql_app_autoswitch.a(fota_ftp.c.obj)
                0x80fa03e8                file_full_path
 .data.file_progress_show
                0x80fa041a        0x1 lib/libql_app_autoswitch.a(fota_ftp.c.obj)
                0x80fa041a                file_progress_show
 .data.hostname
                0x80fa041b       0x14 lib/libql_app_autoswitch.a(fota_ftp.c.obj)
                0x80fa041b                hostname
 .data.local_filename
                0x80fa042f        0xd lib/libql_app_autoswitch.a(fota_ftp.c.obj)
                0x80fa042f                local_filename
 .data.password
                0x80fa043c        0x6 lib/libql_app_autoswitch.a(fota_ftp.c.obj)
                0x80fa043c                password
 *fill*         0x80fa0442        0x2 
 .data.profile_idx
                0x80fa0444        0x4 lib/libql_app_autoswitch.a(fota_ftp.c.obj)
                0x80fa0444                profile_idx
 .data.username
                0x80fa0448        0x6 lib/libql_app_autoswitch.a(fota_ftp.c.obj)
                0x80fa0448                username
 *fill*         0x80fa044e        0x2 
 .data.QL_TTS_TYPECONGIF
                0x80fa0450       0x20 ../../components/newlib/armca5/libql_api_tts.a(ql_api_tts.c.obj)
                0x80fa0450                QL_TTS_TYPECONGIF
 .data.__global_locale
                0x80fa0470      0x16c ..\..\components\newlib\armca5\libc.a(lib_a-locale.o)
                0x80fa0470                __global_locale
 .data.numempty
                0x80fa05dc        0x2 ..\..\components\newlib\armca5\libc.a(lib_a-lnumeric.o)
                0x80fa05de                __data_end = .
                0x80fa05e0                . = ALIGN (0x20)
 *fill*         0x80fa05de        0x2 
                0x60250460                __data_load_start = LOADADDR (.data)

.igot.plt       0x60250660        0x0
 .igot.plt      0x60250660        0x0 lib/core_stub.o

.bss            0x80fa05e0     0x1480
                0x80fa05e0                __bss_start = .
 *(.bss .bss.* COMMON .scommon .sbss .sbss.* .sbss2 .sbss2.* .gnu.linkonce.b.*)
 .bss.ledcfg_task
                0x80fa05e0        0x4 lib/libql_app_peripheral.a(led_cfg_demo.c.obj)
                0x80fa05e0                ledcfg_task
 .bss.power_task
                0x80fa05e4        0x4 lib/libql_app_power.a(power_demo.c.obj)
                0x80fa05e4                power_task
 COMMON         0x80fa05e8        0x8 lib/libql_app_power.a(power_demo.c.obj)
                0x80fa05e8                wake_lock_1
                0x80fa05ec                wake_lock_2
 .bss.call_task
                0x80fa05f0        0x4 lib/libql_app_autoswitch.a(call.c.obj)
                0x80fa05f0                call_task
 .bss.vc_event  0x80fa05f4       0x10 lib/libql_app_autoswitch.a(call.c.obj)
                0x80fa05f4                vc_event
 .bss.BR        0x80fa0604        0x4 lib/libql_app_autoswitch.a(sms.c.obj)
                0x80fa0604                BR
 .bss.Current   0x80fa0608        0x4 lib/libql_app_autoswitch.a(sms.c.obj)
                0x80fa0608                Current
 .bss.RY        0x80fa060c        0x4 lib/libql_app_autoswitch.a(sms.c.obj)
                0x80fa060c                RY
 .bss.RevMobileIndex
                0x80fa0610        0x1 lib/libql_app_autoswitch.a(sms.c.obj)
                0x80fa0610                RevMobileIndex
 *fill*         0x80fa0611        0x3 
 .bss.SendSmsBuff
                0x80fa0614        0x4 lib/libql_app_autoswitch.a(sms.c.obj)
                0x80fa0614                SendSmsBuff
 .bss.TempVal   0x80fa0618        0x2 lib/libql_app_autoswitch.a(sms.c.obj)
                0x80fa0618                TempVal
 *fill*         0x80fa061a        0x2 
 .bss.YB        0x80fa061c        0x4 lib/libql_app_autoswitch.a(sms.c.obj)
                0x80fa061c                YB
 .bss.sms_init_sem
                0x80fa0620        0x4 lib/libql_app_autoswitch.a(sms.c.obj)
                0x80fa0620                sms_init_sem
 .bss.sms_list_sem
                0x80fa0624        0x4 lib/libql_app_autoswitch.a(sms.c.obj)
                0x80fa0624                sms_list_sem
 .bss.sms_task  0x80fa0628        0x4 lib/libql_app_autoswitch.a(sms.c.obj)
                0x80fa0628                sms_task
 COMMON         0x80fa062c       0xbc lib/libql_app_autoswitch.a(sms.c.obj)
                0x80fa062c                Settings
                0x80fa0642                SmsRevMob
                0x80fa0651                SavePhNum
                0x80fa06a3                LastMob
                0x80fa06b4                Flags
 .bss.Uart_queue_01
                0x80fa06e8        0x4 lib/libql_app_autoswitch.a(Uart.c.obj)
                0x80fa06e8                Uart_queue_01
 .bss.recv_buff_queue
                0x80fa06ec      0x401 lib/libql_app_autoswitch.a(Uart.c.obj)
                0x80fa06ec                recv_buff_queue
 COMMON         0x80fa0aed      0x800 lib/libql_app_autoswitch.a(Uart.c.obj)
                0x80fa0aed                MCU_BUFFER
                0x80fa0eed                DBG_BUFFER
 *fill*         0x80fa12ed        0x3 
 .bss.audio_event
                0x80fa12f0       0x10 lib/libql_app_autoswitch.a(audio.c.obj)
                0x80fa12f0                audio_event
 .bss.audio_task
                0x80fa1300        0x4 lib/libql_app_autoswitch.a(audio.c.obj)
                0x80fa1300                audio_task
 .bss.ql_ussd_buffer
                0x80fa1304      0x142 lib/libql_app_autoswitch.a(audio.c.obj)
                0x80fa1304                ql_ussd_buffer
 *fill*         0x80fa1446        0x2 
 .bss.ql_ussd_sem
                0x80fa1448        0x4 lib/libql_app_autoswitch.a(audio.c.obj)
                0x80fa1448                ql_ussd_sem
 .bss.tts_loacl_info
                0x80fa144c       0x18 lib/libql_app_autoswitch.a(audio.c.obj)
 .bss.tts_player
                0x80fa1464        0x4 lib/libql_app_autoswitch.a(audio.c.obj)
                0x80fa1464                tts_player
 COMMON         0x80fa1468        0x4 lib/libql_app_autoswitch.a(audio.c.obj)
                0x80fa1468                Audio
 .bss.embed_flash_event
                0x80fa146c       0x10 lib/libql_app_autoswitch.a(embedded_flash.c.obj)
                0x80fa146c                embed_flash_event
 .bss.embed_flash_task
                0x80fa147c        0x4 lib/libql_app_autoswitch.a(embedded_flash.c.obj)
                0x80fa147c                embed_flash_task
 .bss.nw_event  0x80fa1480       0x10 lib/libql_app_autoswitch.a(network.c.obj)
                0x80fa1480                nw_event
 .bss.nw_task   0x80fa1490        0x4 lib/libql_app_autoswitch.a(network.c.obj)
                0x80fa1490                nw_task
 COMMON         0x80fa1494       0x21 lib/libql_app_autoswitch.a(network.c.obj)
                0x80fa1494                OpNameBuff
 .bss.IMEI_buff
                0x80fa14b5       0x40 lib/libql_app_autoswitch.a(mqtt.c.obj)
                0x80fa14b5                IMEI_buff
 *fill*         0x80fa14f5        0x3 
 .bss.mqtt_connected
                0x80fa14f8        0x4 lib/libql_app_autoswitch.a(mqtt.c.obj)
 .bss.mqtt_semp
                0x80fa14fc        0x4 lib/libql_app_autoswitch.a(mqtt.c.obj)
 .bss.mqtt_task
                0x80fa1500        0x4 lib/libql_app_autoswitch.a(mqtt.c.obj)
                0x80fa1500                mqtt_task
 COMMON         0x80fa1504       0x74 lib/libql_app_autoswitch.a(mqtt.c.obj)
                0x80fa1504                mqtt_event
                0x80fa1514                PubData
 .bss.FotaFail  0x80fa1578        0x1 lib/libql_app_autoswitch.a(fota_ftp.c.obj)
                0x80fa1578                FotaFail
 *fill*         0x80fa1579        0x3 
 .bss.fota_ftp_cli
                0x80fa157c      0x4cc lib/libql_app_autoswitch.a(fota_ftp.c.obj)
                0x80fa157c                fota_ftp_cli
 .bss.fota_ftp_task
                0x80fa1a48        0x4 lib/libql_app_autoswitch.a(fota_ftp.c.obj)
                0x80fa1a48                fota_ftp_task
 .bss.nSim      0x80fa1a4c        0x1 lib/libql_app_autoswitch.a(fota_ftp.c.obj)
                0x80fa1a4c                nSim
 *fill*         0x80fa1a4d        0x3 
 .bss.ASW_power_task
                0x80fa1a50        0x4 lib/libql_app_autoswitch.a(power.c.obj)
                0x80fa1a50                ASW_power_task
 .bss.mLocalEngine
                0x80fa1a54        0x4 ../../components/newlib/armca5/libql_api_tts.a(tts.c.obj)
                0x80fa1a54                mLocalEngine
 .bss.qlBuffer  0x80fa1a58        0x4 ../../components/newlib/armca5/libql_api_tts.a(tts.c.obj)
                0x80fa1a58                qlBuffer
                0x80fa1a5c                __bss_end = .
                0x80fa1a60                . = ALIGN (0x20)
 *fill*         0x80fa1a5c        0x4 
                0x60250660                . = ((LOADADDR (.corestub) + SIZEOF (.corestub)) + SIZEOF (.data))

.text           0x60250660    0x65120
                0x60250660                __text_start = .
 *(.text .text.* .gnu.linkonce.t.* .rdata .rodata .rodata.* .gnu.linkonce.r.* .glue_7 .glue_7t .vfp11_veneer .v4_bx)
 .glue_7        0x60250660        0x0 linker stubs
 .glue_7t       0x60250660        0x0 linker stubs
 .vfp11_veneer  0x60250660        0x0 linker stubs
 .v4_bx         0x60250660        0x0 linker stubs
 .text.ql_init_demo_thread
                0x60250660       0x60 components/ql-application/init/CMakeFiles/APPIMAGE_APP.dir/ql_init.c.obj
 .text.ql_pin_cfg_init
                0x602506c0       0x6c components/ql-application/init/CMakeFiles/APPIMAGE_APP.dir/ql_init.c.obj
                0x602506c0                ql_pin_cfg_init
 .text.appimg_enter
                0x6025072c       0x98 components/ql-application/init/CMakeFiles/APPIMAGE_APP.dir/ql_init.c.obj
                0x6025072c                appimg_enter
 .text.appimg_exit
                0x602507c4       0x1c components/ql-application/init/CMakeFiles/APPIMAGE_APP.dir/ql_init.c.obj
                0x602507c4                appimg_exit
 .rodata.__FUNCTION__.10779
                0x602507e0       0x10 components/ql-application/init/CMakeFiles/APPIMAGE_APP.dir/ql_init.c.obj
 .rodata.__FUNCTION__.10786
                0x602507f0       0x14 components/ql-application/init/CMakeFiles/APPIMAGE_APP.dir/ql_init.c.obj
 .rodata.__FUNCTION__.10792
                0x60250804        0xd components/ql-application/init/CMakeFiles/APPIMAGE_APP.dir/ql_init.c.obj
 .rodata.__FUNCTION__.10796
                0x60250811        0xc components/ql-application/init/CMakeFiles/APPIMAGE_APP.dir/ql_init.c.obj
 .rodata.appimg_enter.str1.1
                0x6025081d       0x5e components/ql-application/init/CMakeFiles/APPIMAGE_APP.dir/ql_init.c.obj
 .rodata.appimg_exit.str1.1
                0x6025087b       0x1d components/ql-application/init/CMakeFiles/APPIMAGE_APP.dir/ql_init.c.obj
 .rodata.ql_init_demo_thread.str1.1
                0x60250898       0x31 components/ql-application/init/CMakeFiles/APPIMAGE_APP.dir/ql_init.c.obj
 .rodata.ql_pin_cfg_init.str1.1
                0x602508c9       0x1c components/ql-application/init/CMakeFiles/APPIMAGE_APP.dir/ql_init.c.obj
 *fill*         0x602508e5        0x3 
 .text.ql_ledcfg_demo_thread
                0x602508e8      0x134 lib/libql_app_peripheral.a(led_cfg_demo.c.obj)
 .text._ledcfg_demo_cb
                0x60250a1c       0x58 lib/libql_app_peripheral.a(led_cfg_demo.c.obj)
 .text.ql_ledcfg_app_init
                0x60250a74       0x50 lib/libql_app_peripheral.a(led_cfg_demo.c.obj)
                0x60250a74                ql_ledcfg_app_init
 .rodata.__FUNCTION__.8112
                0x60250ac4       0x10 lib/libql_app_peripheral.a(led_cfg_demo.c.obj)
 .rodata.__FUNCTION__.8116
                0x60250ad4       0x16 lib/libql_app_peripheral.a(led_cfg_demo.c.obj)
 .rodata.__FUNCTION__.8140
                0x60250aea       0x13 lib/libql_app_peripheral.a(led_cfg_demo.c.obj)
 .rodata._ledcfg_demo_cb.str1.1
                0x60250afd       0x6a lib/libql_app_peripheral.a(led_cfg_demo.c.obj)
 .rodata.ql_ledcfg_app_init.str1.1
                0x60250b67       0x46 lib/libql_app_peripheral.a(led_cfg_demo.c.obj)
 .rodata.ql_ledcfg_demo_thread.str1.1
                0x60250bad      0x1a6 lib/libql_app_peripheral.a(led_cfg_demo.c.obj)
 .rodata.ql_pin_cfg_map
                0x60250d53      0x17a lib/libql_app_peripheral.a(ql_pin_cfg.c.obj)
                0x60250d53                ql_pin_cfg_map
 *fill*         0x60250ecd        0x1 
 .text.ql_enter_sleep_cb
                0x60250ece        0x2 lib/libql_app_power.a(power_demo.c.obj)
                0x60250ece                ql_enter_sleep_cb
 .text.ql_power_demo_thread
                0x60250ed0      0x10c lib/libql_app_power.a(power_demo.c.obj)
 .text.usb_hotplug_cb
                0x60250fdc       0x2c lib/libql_app_power.a(power_demo.c.obj)
                0x60250fdc                usb_hotplug_cb
 .text.ql_exit_sleep_cb
                0x60251008        0x2 lib/libql_app_power.a(power_demo.c.obj)
                0x60251008                ql_exit_sleep_cb
 *fill*         0x6025100a        0x2 
 .text.ql_power_app_init
                0x6025100c       0x50 lib/libql_app_power.a(power_demo.c.obj)
                0x6025100c                ql_power_app_init
 .rodata.__FUNCTION__.8319
                0x6025105c        0xf lib/libql_app_power.a(power_demo.c.obj)
 .rodata.__FUNCTION__.8326
                0x6025106b       0x15 lib/libql_app_power.a(power_demo.c.obj)
 .rodata.__FUNCTION__.8344
                0x60251080       0x12 lib/libql_app_power.a(power_demo.c.obj)
 .rodata.ql_power_app_init.str1.1
                0x60251092       0x3b lib/libql_app_power.a(power_demo.c.obj)
 .rodata.ql_power_demo_thread.str1.1
                0x602510cd       0xbf lib/libql_app_power.a(power_demo.c.obj)
 .rodata.usb_hotplug_cb.str1.1
                0x6025118c       0x38 lib/libql_app_power.a(power_demo.c.obj)
 .text.user_voice_call_event_callback
                0x602511c4       0x6c lib/libql_app_autoswitch.a(call.c.obj)
                0x602511c4                user_voice_call_event_callback
 .text.voice_call_task
                0x60251230      0x354 lib/libql_app_autoswitch.a(call.c.obj)
                0x60251230                voice_call_task
 .text.DTMFKeyAction
                0x60251584      0x220 lib/libql_app_autoswitch.a(call.c.obj)
                0x60251584                DTMFKeyAction
 .text.dtmf_callback
                0x602517a4       0x2c lib/libql_app_autoswitch.a(call.c.obj)
                0x602517a4                dtmf_callback
 .text.AutoSwitch_call_app_init
                0x602517d0       0x50 lib/libql_app_autoswitch.a(call.c.obj)
                0x602517d0                AutoSwitch_call_app_init
 .rodata.AutoSwitch_call_app_init.str1.1
                0x60251820       0x46 lib/libql_app_autoswitch.a(call.c.obj)
 .rodata.__FUNCTION__.15684
                0x60251866       0x1f lib/libql_app_autoswitch.a(call.c.obj)
 .rodata.__FUNCTION__.15691
                0x60251885        0xe lib/libql_app_autoswitch.a(call.c.obj)
 .rodata.__FUNCTION__.15705
                0x60251893       0x10 lib/libql_app_autoswitch.a(call.c.obj)
 .rodata.__FUNCTION__.15724
                0x602518a3       0x19 lib/libql_app_autoswitch.a(call.c.obj)
 .rodata.dtmf_callback.str1.1
                0x602518bc       0x1e lib/libql_app_autoswitch.a(call.c.obj)
 .rodata.user_voice_call_event_callback.str1.1
                0x602518da       0x4c lib/libql_app_autoswitch.a(call.c.obj)
 .rodata.voice_call_task.str1.1
                0x60251926      0x1fe lib/libql_app_autoswitch.a(call.c.obj)
 .text.user_sms_event_callback
                0x60251b24       0xac lib/libql_app_autoswitch.a(sms.c.obj)
                0x60251b24                user_sms_event_callback
 .text.FotaUpdate
                0x60251bd0        0x4 lib/libql_app_autoswitch.a(sms.c.obj)
                0x60251bd0                FotaUpdate
 .text.AutoSwitch_sms_app_init
                0x60251bd4       0x90 lib/libql_app_autoswitch.a(sms.c.obj)
                0x60251bd4                AutoSwitch_sms_app_init
 .text.StrToUpper
                0x60251c64       0x2c lib/libql_app_autoswitch.a(sms.c.obj)
                0x60251c64                StrToUpper
 .text.MsgHandler
                0x60251c90       0x5c lib/libql_app_autoswitch.a(sms.c.obj)
                0x60251c90                MsgHandler
 .text.ReplyToUser
                0x60251cec       0xc8 lib/libql_app_autoswitch.a(sms.c.obj)
                0x60251cec                ReplyToUser
 .text.PhoneNumberList
                0x60251db4       0xd8 lib/libql_app_autoswitch.a(sms.c.obj)
                0x60251db4                PhoneNumberList
 .text.PhoneNumberSave
                0x60251e8c      0x124 lib/libql_app_autoswitch.a(sms.c.obj)
                0x60251e8c                PhoneNumberSave
 .text.PhoneNumberDelete
                0x60251fb0       0xc8 lib/libql_app_autoswitch.a(sms.c.obj)
                0x60251fb0                PhoneNumberDelete
 .text.GetSettings
                0x60252078      0x110 lib/libql_app_autoswitch.a(sms.c.obj)
                0x60252078                GetSettings
 .text.GetStatus
                0x60252188      0x160 lib/libql_app_autoswitch.a(sms.c.obj)
                0x60252188                GetStatus
 .text.SetAutoMode
                0x602522e8       0xf4 lib/libql_app_autoswitch.a(sms.c.obj)
                0x602522e8                SetAutoMode
 .text.SetManualMode
                0x602523dc       0xf4 lib/libql_app_autoswitch.a(sms.c.obj)
                0x602523dc                SetManualMode
 .text.SetAutoCurrent
                0x602524d0       0xc4 lib/libql_app_autoswitch.a(sms.c.obj)
                0x602524d0                SetAutoCurrent
 .text.MotorOn  0x60252594      0x160 lib/libql_app_autoswitch.a(sms.c.obj)
                0x60252594                MotorOn
 .text.MotorOff
                0x602526f4      0x11c lib/libql_app_autoswitch.a(sms.c.obj)
                0x602526f4                MotorOff
 .text.DeviceActivation
                0x60252810       0xe4 lib/libql_app_autoswitch.a(sms.c.obj)
                0x60252810                DeviceActivation
 .text.SetReplyMode
                0x602528f4       0xd8 lib/libql_app_autoswitch.a(sms.c.obj)
                0x602528f4                SetReplyMode
 .text.ResetSetting
                0x602529cc       0xa0 lib/libql_app_autoswitch.a(sms.c.obj)
                0x602529cc                ResetSetting
 .text.FactoryReset
                0x60252a6c      0x124 lib/libql_app_autoswitch.a(sms.c.obj)
                0x60252a6c                FactoryReset
 .text.CheckBal
                0x60252b90      0x138 lib/libql_app_autoswitch.a(sms.c.obj)
                0x60252b90                CheckBal
 .text.SendFaultSms
                0x60252cc8      0x1b8 lib/libql_app_autoswitch.a(sms.c.obj)
                0x60252cc8                SendFaultSms
 .text.SendPowerOnSms
                0x60252e80      0x12c lib/libql_app_autoswitch.a(sms.c.obj)
                0x60252e80                SendPowerOnSms
 .text.GetVersion
                0x60252fac       0x4c lib/libql_app_autoswitch.a(sms.c.obj)
                0x60252fac                GetVersion
 .text.GetIMEI  0x60252ff8       0x68 lib/libql_app_autoswitch.a(sms.c.obj)
                0x60252ff8                GetIMEI
 .text.PsrSetting
                0x60253060       0xc8 lib/libql_app_autoswitch.a(sms.c.obj)
                0x60253060                PsrSetting
 .text.GetVal   0x60253128       0x1e lib/libql_app_autoswitch.a(sms.c.obj)
                0x60253128                GetVal
 *fill*         0x60253146        0x2 
 .text.SetPodValue
                0x60253148       0xf4 lib/libql_app_autoswitch.a(sms.c.obj)
                0x60253148                SetPodValue
 .text.SetSdtValue
                0x6025323c       0xec lib/libql_app_autoswitch.a(sms.c.obj)
                0x6025323c                SetSdtValue
 .text.SetHighVoltageValue
                0x60253328       0xf4 lib/libql_app_autoswitch.a(sms.c.obj)
                0x60253328                SetHighVoltageValue
 .text.SetLowVoltageValue
                0x6025341c       0xf0 lib/libql_app_autoswitch.a(sms.c.obj)
                0x6025341c                SetLowVoltageValue
 .text.SetOverCurrentValue
                0x6025350c       0xf0 lib/libql_app_autoswitch.a(sms.c.obj)
                0x6025350c                SetOverCurrentValue
 .text.SetDryCurrentValue
                0x602535fc       0xf0 lib/libql_app_autoswitch.a(sms.c.obj)
                0x602535fc                SetDryCurrentValue
 .text.SetOverLoadRestart
                0x602536ec       0xf0 lib/libql_app_autoswitch.a(sms.c.obj)
                0x602536ec                SetOverLoadRestart
 .text.SetDryRunRestart
                0x602537dc       0xf0 lib/libql_app_autoswitch.a(sms.c.obj)
                0x602537dc                SetDryRunRestart
 .text.CurCalibration
                0x602538cc       0xa8 lib/libql_app_autoswitch.a(sms.c.obj)
                0x602538cc                CurCalibration
 .text.VoltCalibration
                0x60253974       0xa8 lib/libql_app_autoswitch.a(sms.c.obj)
                0x60253974                VoltCalibration
 .text.CheckMobNo
                0x60253a1c       0xb0 lib/libql_app_autoswitch.a(sms.c.obj)
                0x60253a1c                CheckMobNo
 .text.sms_demo_task
                0x60253acc      0x250 lib/libql_app_autoswitch.a(sms.c.obj)
                0x60253acc                sms_demo_task
 .rodata        0x60253d1c        0xc lib/libql_app_autoswitch.a(sms.c.obj)
 .rodata.AUTO_CURR
                0x60253d28        0xe lib/libql_app_autoswitch.a(sms.c.obj)
                0x60253d28                AUTO_CURR
 .rodata.AutoSwitch_sms_app_init.str1.1
                0x60253d36       0x6e lib/libql_app_autoswitch.a(sms.c.obj)
 .rodata.CALL_CONN
                0x60253da4        0xe lib/libql_app_autoswitch.a(sms.c.obj)
                0x60253da4                CALL_CONN
 .rodata.CALL_CUT
                0x60253db2        0xf lib/libql_app_autoswitch.a(sms.c.obj)
                0x60253db2                CALL_CUT
 .rodata.CAL_CUR
                0x60253dc1        0xb lib/libql_app_autoswitch.a(sms.c.obj)
                0x60253dc1                CAL_CUR
 .rodata.CAL_VOLT
                0x60253dcc        0xc lib/libql_app_autoswitch.a(sms.c.obj)
                0x60253dcc                CAL_VOLT
 .rodata.CheckBal.str1.1
                0x60253dd8       0x75 lib/libql_app_autoswitch.a(sms.c.obj)
                                 0x78 (size before relaxing)
 .rodata.CheckMobNo.str1.1
                0x60253e4d       0x30 lib/libql_app_autoswitch.a(sms.c.obj)
 .rodata.CurCalibration.str1.1
                0x60253e7d       0x47 lib/libql_app_autoswitch.a(sms.c.obj)
 .rodata.DEV_ACT
                0x60253ec4        0x9 lib/libql_app_autoswitch.a(sms.c.obj)
                0x60253ec4                DEV_ACT
 .rodata.DRR_SET
                0x60253ecd        0xb lib/libql_app_autoswitch.a(sms.c.obj)
                0x60253ecd                DRR_SET
 .rodata.DRY_SET
                0x60253ed8        0xb lib/libql_app_autoswitch.a(sms.c.obj)
                0x60253ed8                DRY_SET
 .rodata.DeviceActivation.str1.1
                0x60253ee3       0x6c lib/libql_app_autoswitch.a(sms.c.obj)
 .rodata.FactoryReset.str1.1
                0x60253f4f       0x74 lib/libql_app_autoswitch.a(sms.c.obj)
 .rodata.FaultStr
                0x60253fc3       0xdc lib/libql_app_autoswitch.a(sms.c.obj)
                0x60253fc3                FaultStr
 .rodata.GET_SET
                0x6025409f        0xc lib/libql_app_autoswitch.a(sms.c.obj)
                0x6025409f                GET_SET
 .rodata.GET_STATUS
                0x602540ab        0xf lib/libql_app_autoswitch.a(sms.c.obj)
                0x602540ab                GET_STATUS
 .rodata.GetIMEI.str1.1
                0x602540ba       0x12 lib/libql_app_autoswitch.a(sms.c.obj)
 .rodata.GetSettings.str1.1
                0x602540cc       0x95 lib/libql_app_autoswitch.a(sms.c.obj)
 .rodata.GetStatus.str1.1
                0x60254161       0xb1 lib/libql_app_autoswitch.a(sms.c.obj)
 .rodata.GetVersion.str1.1
                0x60254212       0x2d lib/libql_app_autoswitch.a(sms.c.obj)
 .rodata.HV_SET
                0x6025423f        0xa lib/libql_app_autoswitch.a(sms.c.obj)
                0x6025423f                HV_SET
 .rodata.LV_SET
                0x60254249        0xa lib/libql_app_autoswitch.a(sms.c.obj)
                0x60254249                LV_SET
 .rodata.MODE_AUTO
                0x60254253        0xe lib/libql_app_autoswitch.a(sms.c.obj)
                0x60254253                MODE_AUTO
 .rodata.MODE_MAN
                0x60254261        0xd lib/libql_app_autoswitch.a(sms.c.obj)
                0x60254261                MODE_MAN
 .rodata.MOTOR_OFF
                0x6025426e        0xe lib/libql_app_autoswitch.a(sms.c.obj)
                0x6025426e                MOTOR_OFF
 .rodata.MOTOR_ON
                0x6025427c        0xd lib/libql_app_autoswitch.a(sms.c.obj)
                0x6025427c                MOTOR_ON
 .rodata.MotorOff.str1.1
                0x60254289       0xd8 lib/libql_app_autoswitch.a(sms.c.obj)
 .rodata.MotorOn.str1.1
                0x60254361       0x8d lib/libql_app_autoswitch.a(sms.c.obj)
 .rodata.MsgHandler.str1.1
                0x602543ee       0x1f lib/libql_app_autoswitch.a(sms.c.obj)
 .rodata.OLR_SET
                0x6025440d        0xb lib/libql_app_autoswitch.a(sms.c.obj)
                0x6025440d                OLR_SET
 .rodata.OL_SET
                0x60254418        0xa lib/libql_app_autoswitch.a(sms.c.obj)
                0x60254418                OL_SET
 .rodata.PHONE  0x60254422        0x5 lib/libql_app_autoswitch.a(sms.c.obj)
                0x60254422                PHONE
 .rodata.PHONE_DEL
                0x60254427        0x8 lib/libql_app_autoswitch.a(sms.c.obj)
                0x60254427                PHONE_DEL
 .rodata.POD_SET
                0x6025442f        0xb lib/libql_app_autoswitch.a(sms.c.obj)
                0x6025442f                POD_SET
 .rodata.PSR_DIS
                0x6025443a        0xc lib/libql_app_autoswitch.a(sms.c.obj)
                0x6025443a                PSR_DIS
 .rodata.PSR_EN
                0x60254446        0xb lib/libql_app_autoswitch.a(sms.c.obj)
                0x60254446                PSR_EN
 .rodata.PSR_OFF
                0x60254451        0xb lib/libql_app_autoswitch.a(sms.c.obj)
                0x60254451                PSR_OFF
 .rodata.PSR_ON
                0x6025445c        0xa lib/libql_app_autoswitch.a(sms.c.obj)
                0x6025445c                PSR_ON
 .rodata.PhoneNumberDelete.str1.1
                0x60254466       0x44 lib/libql_app_autoswitch.a(sms.c.obj)
 .rodata.PhoneNumberList.str1.1
                0x602544aa       0x83 lib/libql_app_autoswitch.a(sms.c.obj)
 .rodata.PhoneNumberSave.str1.1
                0x6025452d       0x24 lib/libql_app_autoswitch.a(sms.c.obj)
 .rodata.PsrSetting.str1.1
                0x60254551       0x36 lib/libql_app_autoswitch.a(sms.c.obj)
 .rodata.RESET  0x60254587        0xa lib/libql_app_autoswitch.a(sms.c.obj)
                0x60254587                RESET
 .rodata.ReplyToUser.str1.1
                0x60254591       0x8c lib/libql_app_autoswitch.a(sms.c.obj)
 .rodata.ResetSetting.str1.1
                0x6025461d       0x2f lib/libql_app_autoswitch.a(sms.c.obj)
 .rodata.SDT_SET
                0x6025464c        0xb lib/libql_app_autoswitch.a(sms.c.obj)
                0x6025464c                SDT_SET
 .rodata.SET_REPLYMOD
                0x60254657        0xc lib/libql_app_autoswitch.a(sms.c.obj)
                0x60254657                SET_REPLYMOD
 .rodata.SendFaultSms.str1.1
                0x60254663      0x124 lib/libql_app_autoswitch.a(sms.c.obj)
                                0x134 (size before relaxing)
 .rodata.SendPowerOnSms.str1.1
                0x60254787       0x5e lib/libql_app_autoswitch.a(sms.c.obj)
 .rodata.SetAutoCurrent.str1.1
                0x602547e5       0x5a lib/libql_app_autoswitch.a(sms.c.obj)
 .rodata.SetAutoMode.str1.1
                0x6025483f       0x3e lib/libql_app_autoswitch.a(sms.c.obj)
                                 0x4e (size before relaxing)
 .rodata.SetDryCurrentValue.str1.1
                0x6025487d       0xa0 lib/libql_app_autoswitch.a(sms.c.obj)
 .rodata.SetDryRunRestart.str1.1
                0x6025491d       0xac lib/libql_app_autoswitch.a(sms.c.obj)
 .rodata.SetHighVoltageValue.str1.1
                0x602549c9       0x9a lib/libql_app_autoswitch.a(sms.c.obj)
 .rodata.SetLowVoltageValue.str1.1
                0x60254a63       0x97 lib/libql_app_autoswitch.a(sms.c.obj)
 .rodata.SetManualMode.str1.1
                0x60254afa       0x42 lib/libql_app_autoswitch.a(sms.c.obj)
                                 0x54 (size before relaxing)
 .rodata.SetOverCurrentValue.str1.1
                0x60254b3c       0xa0 lib/libql_app_autoswitch.a(sms.c.obj)
 .rodata.SetOverLoadRestart.str1.1
                0x60254bdc       0xb7 lib/libql_app_autoswitch.a(sms.c.obj)
 .rodata.SetPodValue.str1.1
                0x60254c93       0x93 lib/libql_app_autoswitch.a(sms.c.obj)
 .rodata.SetReplyMode.str1.1
                0x60254d26       0x7a lib/libql_app_autoswitch.a(sms.c.obj)
 .rodata.SetSdtValue.str1.1
                0x60254da0       0x8c lib/libql_app_autoswitch.a(sms.c.obj)
 .rodata.VoltCalibration.str1.1
                0x60254e2c       0x1d lib/libql_app_autoswitch.a(sms.c.obj)
 .rodata.__FUNCTION__.16820
                0x60254e49       0x18 lib/libql_app_autoswitch.a(sms.c.obj)
 .rodata.__FUNCTION__.16831
                0x60254e61        0xe lib/libql_app_autoswitch.a(sms.c.obj)
 .rodata.__FUNCTION__.16842
                0x60254e6f       0x18 lib/libql_app_autoswitch.a(sms.c.obj)
 .rodata.__FUNCTION__.16857
                0x60254e87        0xb lib/libql_app_autoswitch.a(sms.c.obj)
 .rodata.__FUNCTION__.16867
                0x60254e92       0x10 lib/libql_app_autoswitch.a(sms.c.obj)
 .rodata.__FUNCTION__.16879
                0x60254ea2       0x10 lib/libql_app_autoswitch.a(sms.c.obj)
 .rodata.__FUNCTION__.16887
                0x60254eb2       0x12 lib/libql_app_autoswitch.a(sms.c.obj)
 .rodata.__FUNCTION__.16892
                0x60254ec4        0xc lib/libql_app_autoswitch.a(sms.c.obj)
 .rodata.__FUNCTION__.16897
                0x60254ed0        0xc lib/libql_app_autoswitch.a(sms.c.obj)
 .rodata.__FUNCTION__.16902
                0x60254edc       0x14 lib/libql_app_autoswitch.a(sms.c.obj)
 .rodata.__FUNCTION__.16907
                0x60254ef0       0x13 lib/libql_app_autoswitch.a(sms.c.obj)
 .rodata.__FUNCTION__.16912
                0x60254f03       0x14 lib/libql_app_autoswitch.a(sms.c.obj)
 .rodata.__FUNCTION__.16917
                0x60254f17       0x13 lib/libql_app_autoswitch.a(sms.c.obj)
 .rodata.__FUNCTION__.16922
                0x60254f2a       0x13 lib/libql_app_autoswitch.a(sms.c.obj)
 .rodata.__FUNCTION__.16927
                0x60254f3d       0x11 lib/libql_app_autoswitch.a(sms.c.obj)
 .rodata.__FUNCTION__.16941
                0x60254f4e        0xc lib/libql_app_autoswitch.a(sms.c.obj)
 .rodata.__FUNCTION__.16946
                0x60254f5a        0xe lib/libql_app_autoswitch.a(sms.c.obj)
 .rodata.__FUNCTION__.16951
                0x60254f68        0xf lib/libql_app_autoswitch.a(sms.c.obj)
 .rodata.__FUNCTION__.16981
                0x60254f77        0xd lib/libql_app_autoswitch.a(sms.c.obj)
 .rodata.__FUNCTION__.16989
                0x60254f84        0x9 lib/libql_app_autoswitch.a(sms.c.obj)
 .rodata.__FUNCTION__.17013
                0x60254f8d        0xd lib/libql_app_autoswitch.a(sms.c.obj)
 .rodata.__FUNCTION__.17018
                0x60254f9a        0xf lib/libql_app_autoswitch.a(sms.c.obj)
 .rodata.__FUNCTION__.17040
                0x60254fa9        0xf lib/libql_app_autoswitch.a(sms.c.obj)
 .rodata.__FUNCTION__.17045
                0x60254fb8       0x10 lib/libql_app_autoswitch.a(sms.c.obj)
 .rodata.__FUNCTION__.17054
                0x60254fc8        0xc lib/libql_app_autoswitch.a(sms.c.obj)
 .rodata.m_SmsHdlEntery
                0x60254fd4      0xbc8 lib/libql_app_autoswitch.a(sms.c.obj)
                0x60254fd4                m_SmsHdlEntery
 .rodata.sms_demo_task.str1.1
                0x60255b9c      0x14e lib/libql_app_autoswitch.a(sms.c.obj)
 .rodata.user_sms_event_callback.str1.1
                0x60255cea       0xa4 lib/libql_app_autoswitch.a(sms.c.obj)
 *fill*         0x60255d8e        0x2 
 .text.ql_uart_notify_cb
                0x60255d90       0xd4 lib/libql_app_autoswitch.a(Uart.c.obj)
                0x60255d90                ql_uart_notify_cb
 .text.AutoSwitch_Uart_app_init
                0x60255e64       0x68 lib/libql_app_autoswitch.a(Uart.c.obj)
                0x60255e64                AutoSwitch_Uart_app_init
 .text.McuUartHandle
                0x60255ecc      0x6b0 lib/libql_app_autoswitch.a(Uart.c.obj)
                0x60255ecc                McuUartHandle
 .text.uart_demo_task
                0x6025657c      0x140 lib/libql_app_autoswitch.a(Uart.c.obj)
 .rodata.AutoSwitch_Uart_app_init.str1.1
                0x602566bc       0x60 lib/libql_app_autoswitch.a(Uart.c.obj)
 .rodata.McuUartHandle.str1.1
                0x6025671c      0x33d lib/libql_app_autoswitch.a(Uart.c.obj)
                                0x342 (size before relaxing)
 .rodata.PON_SMS
                0x60256a59        0x8 lib/libql_app_autoswitch.a(Uart.c.obj)
                0x60256a59                PON_SMS
 .rodata.RESET_GSM
                0x60256a61        0xa lib/libql_app_autoswitch.a(Uart.c.obj)
                0x60256a61                RESET_GSM
 .rodata.SETTINGS
                0x60256a6b        0x9 lib/libql_app_autoswitch.a(Uart.c.obj)
                0x60256a6b                SETTINGS
 .rodata.STATUS
                0x60256a74        0x8 lib/libql_app_autoswitch.a(Uart.c.obj)
                0x60256a74                STATUS
 .rodata.__FUNCTION__.8633
                0x60256a7c       0x12 lib/libql_app_autoswitch.a(Uart.c.obj)
 .rodata.__FUNCTION__.8647
                0x60256a8e        0xf lib/libql_app_autoswitch.a(Uart.c.obj)
 .rodata.__FUNCTION__.8654
                0x60256a9d       0x19 lib/libql_app_autoswitch.a(Uart.c.obj)
 .rodata.__FUNCTION__.8658
                0x60256ab6        0xe lib/libql_app_autoswitch.a(Uart.c.obj)
 .rodata.ql_uart_notify_cb.str1.1
                0x60256ac4       0x9e lib/libql_app_autoswitch.a(Uart.c.obj)
 .rodata.uart_demo_task.str1.1
                0x60256b62      0x182 lib/libql_app_autoswitch.a(Uart.c.obj)
 .text.ql_ss_ussd_ind_cb
                0x60256ce4      0x104 lib/libql_app_autoswitch.a(audio.c.obj)
                0x60256ce4                ql_ss_ussd_ind_cb
 .text.osibuffCreate
                0x60256de8       0x1c lib/libql_app_autoswitch.a(audio.c.obj)
                0x60256de8                osibuffCreate
 .text.osibuffWrite
                0x60256e04       0x72 lib/libql_app_autoswitch.a(audio.c.obj)
                0x60256e04                osibuffWrite
 .text.osibuffWriteAll
                0x60256e76       0x36 lib/libql_app_autoswitch.a(audio.c.obj)
                0x60256e76                osibuffWriteAll
 .text.osibuffReadAvail
                0x60256eac       0x1e lib/libql_app_autoswitch.a(audio.c.obj)
                0x60256eac                osibuffReadAvail
 .text.osibuffRead
                0x60256eca       0x6e lib/libql_app_autoswitch.a(audio.c.obj)
                0x60256eca                osibuffRead
 .text.osibuffReadAll
                0x60256f38       0x36 lib/libql_app_autoswitch.a(audio.c.obj)
                0x60256f38                osibuffReadAll
 *fill*         0x60256f6e        0x2 
 .text.TTSuserCallback
                0x60256f70       0xdc lib/libql_app_autoswitch.a(audio.c.obj)
                0x60256f70                TTSuserCallback
 .text.TTS_Init
                0x6025704c      0x11c lib/libql_app_autoswitch.a(audio.c.obj)
                0x6025704c                TTS_Init
 .text.AutoSwitch_audio_app_init
                0x60257168       0x64 lib/libql_app_autoswitch.a(audio.c.obj)
                0x60257168                AutoSwitch_audio_app_init
 .text.PlayTTS  0x602571cc       0xe4 lib/libql_app_autoswitch.a(audio.c.obj)
                0x602571cc                PlayTTS
 .text.StopTTS  0x602572b0       0x3c lib/libql_app_autoswitch.a(audio.c.obj)
                0x602572b0                StopTTS
 .text.PlayAudio
                0x602572ec       0xb0 lib/libql_app_autoswitch.a(audio.c.obj)
                0x602572ec                PlayAudio
 .text.CheckNextAudio
                0x6025739c      0x158 lib/libql_app_autoswitch.a(audio.c.obj)
                0x6025739c                CheckNextAudio
 .text.Audio_play_callback
                0x602574f4       0x80 lib/libql_app_autoswitch.a(audio.c.obj)
 .text.CheckBalance
                0x60257574       0xc0 lib/libql_app_autoswitch.a(audio.c.obj)
                0x60257574                CheckBalance
 .text.audio_play_task
                0x60257634       0xd4 lib/libql_app_autoswitch.a(audio.c.obj)
                0x60257634                audio_play_task
 .rodata        0x60257708        0x8 lib/libql_app_autoswitch.a(audio.c.obj)
 .rodata.AudioFile
                0x60257710      0x5dc lib/libql_app_autoswitch.a(audio.c.obj)
                0x60257710                AudioFile
 .rodata.Audio_play_callback.str1.1
                0x60257cec       0x6b lib/libql_app_autoswitch.a(audio.c.obj)
 .rodata.AutoSwitch_audio_app_init.str1.1
                0x60257d57       0x53 lib/libql_app_autoswitch.a(audio.c.obj)
 .rodata.CheckBalance.str1.1
                0x60257daa       0x3f lib/libql_app_autoswitch.a(audio.c.obj)
                                 0x43 (size before relaxing)
 .rodata.CheckNextAudio.str1.1
                0x60257de9       0x57 lib/libql_app_autoswitch.a(audio.c.obj)
 .rodata.PlayAudio.str1.1
                0x60257e40       0x45 lib/libql_app_autoswitch.a(audio.c.obj)
 .rodata.PlayTTS.str1.1
                0x60257e85       0x8f lib/libql_app_autoswitch.a(audio.c.obj)
 .rodata.TTS_Init.str1.1
                0x60257f14       0x86 lib/libql_app_autoswitch.a(audio.c.obj)
 .rodata.TTSuserCallback.str1.1
                0x60257f9a       0xba lib/libql_app_autoswitch.a(audio.c.obj)
 .rodata.__FUNCTION__.16277
                0x60258054       0x10 lib/libql_app_autoswitch.a(audio.c.obj)
 .rodata.__FUNCTION__.16286
                0x60258064       0x14 lib/libql_app_autoswitch.a(audio.c.obj)
 .rodata.__FUNCTION__.16293
                0x60258078       0x12 lib/libql_app_autoswitch.a(audio.c.obj)
 .rodata.__FUNCTION__.16305
                0x6025808a       0x10 lib/libql_app_autoswitch.a(audio.c.obj)
 .rodata.__FUNCTION__.16316
                0x6025809a        0xf lib/libql_app_autoswitch.a(audio.c.obj)
 .rodata.__FUNCTION__.16338
                0x602580a9        0xa lib/libql_app_autoswitch.a(audio.c.obj)
 .rodata.__FUNCTION__.16345
                0x602580b3        0x9 lib/libql_app_autoswitch.a(audio.c.obj)
 .rodata.__FUNCTION__.16351
                0x602580bc       0x1a lib/libql_app_autoswitch.a(audio.c.obj)
 .rodata.__FUNCTION__.16357
                0x602580d6        0x8 lib/libql_app_autoswitch.a(audio.c.obj)
 .rodata.__FUNCTION__.16361
                0x602580de        0x8 lib/libql_app_autoswitch.a(audio.c.obj)
 .rodata.__FUNCTION__.16366
                0x602580e6        0xd lib/libql_app_autoswitch.a(audio.c.obj)
 .rodata.audio_play_task.str1.1
                0x602580f3       0x86 lib/libql_app_autoswitch.a(audio.c.obj)
 .rodata.ql_ss_ussd_ind_cb.str1.1
                0x60258179      0x108 lib/libql_app_autoswitch.a(audio.c.obj)
 .rodata.str1.1
                0x60258281        0x8 lib/libql_app_autoswitch.a(audio.c.obj)
 *fill*         0x60258289        0x3 
 .text.Embedded_flash_task
                0x6025828c      0x270 lib/libql_app_autoswitch.a(embedded_flash.c.obj)
 .text.AutoSwitch_embed_flash_app_init
                0x602584fc       0x64 lib/libql_app_autoswitch.a(embedded_flash.c.obj)
                0x602584fc                AutoSwitch_embed_flash_app_init
 .rodata.AutoSwitch_embed_flash_app_init.str1.1
                0x60258560       0x4f lib/libql_app_autoswitch.a(embedded_flash.c.obj)
 .rodata.Embedded_flash_task.str1.1
                0x602585af      0x2b3 lib/libql_app_autoswitch.a(embedded_flash.c.obj)
 .rodata.__FUNCTION__.8076
                0x60258862       0x14 lib/libql_app_autoswitch.a(embedded_flash.c.obj)
 .rodata.__FUNCTION__.8086
                0x60258876       0x20 lib/libql_app_autoswitch.a(embedded_flash.c.obj)
 *fill*         0x60258896        0x2 
 .text.ql_nw_notify_cb
                0x60258898       0x90 lib/libql_app_autoswitch.a(network.c.obj)
                0x60258898                ql_nw_notify_cb
 .text.nw_thread
                0x60258928      0x22c lib/libql_app_autoswitch.a(network.c.obj)
 .text.AutoSwitch_nw_app_init
                0x60258b54       0x50 lib/libql_app_autoswitch.a(network.c.obj)
                0x60258b54                AutoSwitch_nw_app_init
 .rodata.AutoSwitch_nw_app_init.str1.1
                0x60258ba4       0x2e lib/libql_app_autoswitch.a(network.c.obj)
 .rodata.__FUNCTION__.15433
                0x60258bd2       0x10 lib/libql_app_autoswitch.a(network.c.obj)
 .rodata.__FUNCTION__.15445
                0x60258be2        0xa lib/libql_app_autoswitch.a(network.c.obj)
 .rodata.__FUNCTION__.15461
                0x60258bec       0x17 lib/libql_app_autoswitch.a(network.c.obj)
 .rodata.nw_thread.str1.1
                0x60258c03      0x174 lib/libql_app_autoswitch.a(network.c.obj)
 .rodata.ql_nw_notify_cb.str1.1
                0x60258d77       0x91 lib/libql_app_autoswitch.a(network.c.obj)
 .text.mqtt_state_exception_cb
                0x60258e08       0x28 lib/libql_app_autoswitch.a(mqtt.c.obj)
 .text.mqtt_app_thread
                0x60258e30      0x254 lib/libql_app_autoswitch.a(mqtt.c.obj)
 .text.mqtt_requst_result_cb
                0x60259084       0x30 lib/libql_app_autoswitch.a(mqtt.c.obj)
 .text.mqtt_connect_result_cb
                0x602590b4       0x3c lib/libql_app_autoswitch.a(mqtt.c.obj)
 .text.mqtt_inpub_data_cb
                0x602590f0       0x54 lib/libql_app_autoswitch.a(mqtt.c.obj)
 .text.AutoSwitch_mqtt_app_init
                0x60259144       0x4c lib/libql_app_autoswitch.a(mqtt.c.obj)
                0x60259144                AutoSwitch_mqtt_app_init
 .rodata        0x60259190       0x13 lib/libql_app_autoswitch.a(mqtt.c.obj)
 .rodata.AutoSwitch_mqtt_app_init.str1.1
                0x602591a3       0x2c lib/libql_app_autoswitch.a(mqtt.c.obj)
 .rodata.__FUNCTION__.18594
                0x602591cf       0x18 lib/libql_app_autoswitch.a(mqtt.c.obj)
 .rodata.__FUNCTION__.18600
                0x602591e7       0x17 lib/libql_app_autoswitch.a(mqtt.c.obj)
 .rodata.__FUNCTION__.18609
                0x602591fe       0x13 lib/libql_app_autoswitch.a(mqtt.c.obj)
 .rodata.__FUNCTION__.18615
                0x60259211       0x16 lib/libql_app_autoswitch.a(mqtt.c.obj)
 .rodata.__FUNCTION__.18625
                0x60259227       0x10 lib/libql_app_autoswitch.a(mqtt.c.obj)
 .rodata.__FUNCTION__.18634
                0x60259237       0x19 lib/libql_app_autoswitch.a(mqtt.c.obj)
 .rodata.mqtt_app_thread.str1.1
                0x60259250      0x1e1 lib/libql_app_autoswitch.a(mqtt.c.obj)
                                0x1e2 (size before relaxing)
 .rodata.mqtt_connect_result_cb.str1.1
                0x60259431       0x19 lib/libql_app_autoswitch.a(mqtt.c.obj)
 .rodata.mqtt_inpub_data_cb.str1.1
                0x6025944a       0x32 lib/libql_app_autoswitch.a(mqtt.c.obj)
 .rodata.mqtt_requst_result_cb.str1.1
                0x6025947c       0x16 lib/libql_app_autoswitch.a(mqtt.c.obj)
 .rodata.mqtt_state_exception_cb.str1.1
                0x60259492       0x2f lib/libql_app_autoswitch.a(mqtt.c.obj)
 *fill*         0x602594c1        0x3 
 .text.fota_ftp_client_init
                0x602594c4      0x12c lib/libql_app_autoswitch.a(fota_ftp.c.obj)
                0x602594c4                fota_ftp_client_init
 .text.fota_ftp_net_register
                0x602595f0      0x140 lib/libql_app_autoswitch.a(fota_ftp.c.obj)
                0x602595f0                fota_ftp_net_register
 .text.fota_ftp_server_connect
                0x60259730       0x5c lib/libql_app_autoswitch.a(fota_ftp.c.obj)
                0x60259730                fota_ftp_server_connect
 .text.fota_ftp_get_server_file_size
                0x6025978c       0x60 lib/libql_app_autoswitch.a(fota_ftp.c.obj)
                0x6025978c                fota_ftp_get_server_file_size
 .text.fota_ftp_net_connect_ready
                0x602597ec       0xd4 lib/libql_app_autoswitch.a(fota_ftp.c.obj)
                0x602597ec                fota_ftp_net_connect_ready
 .text.fota_ftp_show_file_progress
                0x602598c0       0xa8 lib/libql_app_autoswitch.a(fota_ftp.c.obj)
                0x602598c0                fota_ftp_show_file_progress
 .text.fota_ftp_write_cb
                0x60259968       0xb0 lib/libql_app_autoswitch.a(fota_ftp.c.obj)
                0x60259968                fota_ftp_write_cb
 .text.fota_ftp_get_file
                0x60259a18       0x94 lib/libql_app_autoswitch.a(fota_ftp.c.obj)
                0x60259a18                fota_ftp_get_file
 .text.fota_ftp_file_download
                0x60259aac       0x9c lib/libql_app_autoswitch.a(fota_ftp.c.obj)
                0x60259aac                fota_ftp_file_download
 .text.fota_ftp_file_check
                0x60259b48       0xe0 lib/libql_app_autoswitch.a(fota_ftp.c.obj)
                0x60259b48                fota_ftp_file_check
 .text.fota_ftp_result_process
                0x60259c28       0x94 lib/libql_app_autoswitch.a(fota_ftp.c.obj)
                0x60259c28                fota_ftp_result_process
 .text.fota_ftp_app_thread
                0x60259cbc       0xc4 lib/libql_app_autoswitch.a(fota_ftp.c.obj)
                0x60259cbc                fota_ftp_app_thread
 .text.ASW_fota_ftp_app_init
                0x60259d80       0x64 lib/libql_app_autoswitch.a(fota_ftp.c.obj)
                0x60259d80                ASW_fota_ftp_app_init
 .rodata.ASW_fota_ftp_app_init.str1.1
                0x60259de4       0x58 lib/libql_app_autoswitch.a(fota_ftp.c.obj)
 .rodata.__FUNCTION__.15810
                0x60259e3c       0x15 lib/libql_app_autoswitch.a(fota_ftp.c.obj)
 .rodata.__FUNCTION__.15821
                0x60259e51       0x16 lib/libql_app_autoswitch.a(fota_ftp.c.obj)
 .rodata.__FUNCTION__.15828
                0x60259e67       0x18 lib/libql_app_autoswitch.a(fota_ftp.c.obj)
 .rodata.__FUNCTION__.15832
                0x60259e7f       0x1e lib/libql_app_autoswitch.a(fota_ftp.c.obj)
 .rodata.__FUNCTION__.15840
                0x60259e9d       0x1b lib/libql_app_autoswitch.a(fota_ftp.c.obj)
 .rodata.__FUNCTION__.15847
                0x60259eb8       0x1c lib/libql_app_autoswitch.a(fota_ftp.c.obj)
 .rodata.__FUNCTION__.15854
                0x60259ed4       0x12 lib/libql_app_autoswitch.a(fota_ftp.c.obj)
 .rodata.__FUNCTION__.15861
                0x60259ee6       0x12 lib/libql_app_autoswitch.a(fota_ftp.c.obj)
 .rodata.__FUNCTION__.15867
                0x60259ef8       0x17 lib/libql_app_autoswitch.a(fota_ftp.c.obj)
 .rodata.__FUNCTION__.15875
                0x60259f0f       0x14 lib/libql_app_autoswitch.a(fota_ftp.c.obj)
 .rodata.__FUNCTION__.15880
                0x60259f23       0x18 lib/libql_app_autoswitch.a(fota_ftp.c.obj)
 .rodata.__FUNCTION__.15885
                0x60259f3b       0x14 lib/libql_app_autoswitch.a(fota_ftp.c.obj)
 .rodata.__FUNCTION__.15891
                0x60259f4f       0x16 lib/libql_app_autoswitch.a(fota_ftp.c.obj)
 .rodata.fota_ftp_app_thread.str1.1
                0x60259f65       0x77 lib/libql_app_autoswitch.a(fota_ftp.c.obj)
 .rodata.fota_ftp_client_init.str1.1
                0x60259fdc       0x7b lib/libql_app_autoswitch.a(fota_ftp.c.obj)
                                 0x8c (size before relaxing)
 .rodata.fota_ftp_file_check.str1.1
                0x6025a057      0x135 lib/libql_app_autoswitch.a(fota_ftp.c.obj)
 .rodata.fota_ftp_file_download.str1.1
                0x6025a18c      0x1c2 lib/libql_app_autoswitch.a(fota_ftp.c.obj)
 .rodata.fota_ftp_get_file.str1.1
                0x6025a34e       0xb9 lib/libql_app_autoswitch.a(fota_ftp.c.obj)
 .rodata.fota_ftp_get_server_file_size.str1.1
                0x6025a407       0x9d lib/libql_app_autoswitch.a(fota_ftp.c.obj)
 .rodata.fota_ftp_net_connect_ready.str1.1
                0x6025a4a4      0x1c1 lib/libql_app_autoswitch.a(fota_ftp.c.obj)
 .rodata.fota_ftp_net_register.str1.1
                0x6025a665      0x163 lib/libql_app_autoswitch.a(fota_ftp.c.obj)
 .rodata.fota_ftp_result_process.str1.1
                0x6025a7c8       0xd3 lib/libql_app_autoswitch.a(fota_ftp.c.obj)
 .rodata.fota_ftp_server_connect.str1.1
                0x6025a89b       0x42 lib/libql_app_autoswitch.a(fota_ftp.c.obj)
 .rodata.fota_ftp_show_file_progress.str1.1
                0x6025a8dd       0xa0 lib/libql_app_autoswitch.a(fota_ftp.c.obj)
 .rodata.fota_ftp_write_cb.str1.1
                0x6025a97d       0x75 lib/libql_app_autoswitch.a(fota_ftp.c.obj)
 .text.ASW_enter_sleep_cb
                0x6025a9f2        0x2 lib/libql_app_autoswitch.a(power.c.obj)
                0x6025a9f2                ASW_enter_sleep_cb
 .text.Asw_power_demo_thread
                0x6025a9f4      0x144 lib/libql_app_autoswitch.a(power.c.obj)
 .text.ASW_usb_hotplug_cb
                0x6025ab38       0x2c lib/libql_app_autoswitch.a(power.c.obj)
                0x6025ab38                ASW_usb_hotplug_cb
 .text.ASW_exit_sleep_cb
                0x6025ab64        0x2 lib/libql_app_autoswitch.a(power.c.obj)
                0x6025ab64                ASW_exit_sleep_cb
 *fill*         0x6025ab66        0x2 
 .text.ASW_power_app_init
                0x6025ab68       0x50 lib/libql_app_autoswitch.a(power.c.obj)
                0x6025ab68                ASW_power_app_init
 .rodata.ASW_power_app_init.str1.1
                0x6025abb8       0x2f lib/libql_app_autoswitch.a(power.c.obj)
                                 0x3c (size before relaxing)
 .rodata.ASW_usb_hotplug_cb.str1.1
                0x6025abe7       0x3a lib/libql_app_autoswitch.a(power.c.obj)
 .rodata.Asw_power_demo_thread.str1.1
                0x6025ac21       0xe4 lib/libql_app_autoswitch.a(power.c.obj)
 .rodata.__FUNCTION__.8498
                0x6025ad05       0x13 lib/libql_app_autoswitch.a(power.c.obj)
 .rodata.__FUNCTION__.8505
                0x6025ad18       0x16 lib/libql_app_autoswitch.a(power.c.obj)
 .rodata.__FUNCTION__.8522
                0x6025ad2e       0x13 lib/libql_app_autoswitch.a(power.c.obj)
 *fill*         0x6025ad41        0x3 
 .text.ql_usb_demo_thread
                0x6025ad44       0x64 lib/libql_app_usb.a(usb_demo.c.obj)
 .text.ql_usb_app_init
                0x6025ada8       0x5c lib/libql_app_usb.a(usb_demo.c.obj)
                0x6025ada8                ql_usb_app_init
 .rodata.__FUNCTION__.8153
                0x6025ae04       0x13 lib/libql_app_usb.a(usb_demo.c.obj)
 .rodata.__FUNCTION__.8160
                0x6025ae17       0x10 lib/libql_app_usb.a(usb_demo.c.obj)
 .rodata.ql_usb_app_init.str1.1
                0x6025ae27       0x4c lib/libql_app_usb.a(usb_demo.c.obj)
 .rodata.ql_usb_demo_thread.str1.1
                0x6025ae73       0x24 lib/libql_app_usb.a(usb_demo.c.obj)
 *fill*         0x6025ae97        0x1 
 .text.ql_utf8_to_gbk_str
                0x6025ae98       0x14 ../../components/newlib/armca5/libql_api_tts.a(ql_api_tts.c.obj)
                0x6025ae98                ql_utf8_to_gbk_str
 .text.ql_tts_engine_init
                0x6025aeac      0x1c8 ../../components/newlib/armca5/libql_api_tts.a(ql_api_tts.c.obj)
                0x6025aeac                ql_tts_engine_init
 .text.ql_tts_engine_init_ex
                0x6025b074       0xa4 ../../components/newlib/armca5/libql_api_tts.a(ql_api_tts.c.obj)
                0x6025b074                ql_tts_engine_init_ex
 .text.ql_tts_set_config_param
                0x6025b118       0xb8 ../../components/newlib/armca5/libql_api_tts.a(ql_api_tts.c.obj)
                0x6025b118                ql_tts_set_config_param
 .text.ql_tts_start
                0x6025b1d0      0x18c ../../components/newlib/armca5/libql_api_tts.a(ql_api_tts.c.obj)
                0x6025b1d0                ql_tts_start
 .text.ql_tts_end
                0x6025b35c       0x34 ../../components/newlib/armca5/libql_api_tts.a(ql_api_tts.c.obj)
                0x6025b35c                ql_tts_end
 .rodata        0x6025b390       0x20 ../../components/newlib/armca5/libql_api_tts.a(ql_api_tts.c.obj)
 .rodata.ql_tts_end.str1.1
                0x6025b3b0       0x18 ../../components/newlib/armca5/libql_api_tts.a(ql_api_tts.c.obj)
 .rodata.ql_tts_engine_init.str1.1
                0x6025b3c8      0x166 ../../components/newlib/armca5/libql_api_tts.a(ql_api_tts.c.obj)
 .rodata.ql_tts_engine_init_ex.str1.1
                0x6025b52e       0x7d ../../components/newlib/armca5/libql_api_tts.a(ql_api_tts.c.obj)
 .rodata.ql_tts_start.str1.1
                0x6025b5ab       0x3a ../../components/newlib/armca5/libql_api_tts.a(ql_api_tts.c.obj)
 *fill*         0x6025b5e5        0x3 
 .text.OutputCB
                0x6025b5e8       0x40 ../../components/newlib/armca5/libql_api_tts.a(tts.c.obj)
                0x6025b5e8                OutputCB
 .text.ReadResMemoryCB
                0x6025b628       0x14 ../../components/newlib/armca5/libql_api_tts.a(tts.c.obj)
                0x6025b628                ReadResMemoryCB
 .text.ttsSetParam
                0x6025b63c       0x38 ../../components/newlib/armca5/libql_api_tts.a(tts.c.obj)
                0x6025b63c                ttsSetParam
 .text.ttsTextPut
                0x6025b674       0x3c ../../components/newlib/armca5/libql_api_tts.a(tts.c.obj)
                0x6025b674                ttsTextPut
 .text.ttsSessionEnd
                0x6025b6b0       0x60 ../../components/newlib/armca5/libql_api_tts.a(tts.c.obj)
                0x6025b6b0                ttsSessionEnd
 .text.ttsSessionBegin
                0x6025b710      0x20c ../../components/newlib/armca5/libql_api_tts.a(tts.c.obj)
                0x6025b710                ttsSessionBegin
 .rodata        0x6025b91c       0x21 ../../components/newlib/armca5/libql_api_tts.a(tts.c.obj)
 .rodata.__FUNCTION__.8262
                0x6025b93d       0x10 ../../components/newlib/armca5/libql_api_tts.a(tts.c.obj)
 .rodata.ttsSessionBegin.str1.1
                0x6025b94d      0x118 ../../components/newlib/armca5/libql_api_tts.a(tts.c.obj)
                                0x12a (size before relaxing)
 *fill*         0x6025ba65        0x3 
 .text.ivTTS_GetParam
                0x6025ba68      0x2d8 ../../components/newlib/armca5/libql_api_tts.a(ivTTS_Ctrl.c.obj)
                0x6025ba68                ivTTS_GetParam
 .text.ivTTS_SetParam
                0x6025bd40      0xa90 ../../components/newlib/armca5/libql_api_tts.a(ivTTS_Ctrl.c.obj)
                0x6025bd40                ivTTS_SetParam
 .text.OnAis50ParamChange
                0x6025c7d0      0x7a8 ../../components/newlib/armca5/libql_api_tts.a(ivTTS_Ctrl.c.obj)
                0x6025c7d0                OnAis50ParamChange
 .rodata.g_pAis50LangInfo
                0x6025cf78       0x10 ../../components/newlib/armca5/libql_api_tts.a(ivTTS_Ctrl.c.obj)
                0x6025cf78                g_pAis50LangInfo
 .text.Is4Input0_GetPos
                0x6025cf88        0x8 ../../components/newlib/armca5/libql_api_tts.a(ivTTS_Input0.c.obj)
 .text.Is4Input0_SetPos
                0x6025cf90        0x8 ../../components/newlib/armca5/libql_api_tts.a(ivTTS_Input0.c.obj)
 .text.Is4Input0_GetText
                0x6025cf98       0x28 ../../components/newlib/armca5/libql_api_tts.a(ivTTS_Input0.c.obj)
 .text.Is4Input0_RemoveText
                0x6025cfc0        0xc ../../components/newlib/armca5/libql_api_tts.a(ivTTS_Input0.c.obj)
 .rodata.g_vtabIs4Input0
                0x6025cfcc       0x14 ../../components/newlib/armca5/libql_api_tts.a(ivTTS_Input0.c.obj)
                0x6025cfcc                g_vtabIs4Input0
 .text.ivTTS_CreateG
                0x6025cfe0      0x988 ../../components/newlib/armca5/libql_api_tts.a(ivTTS_Inst.c.obj)
                0x6025cfe0                ivTTS_CreateG
 .text.ivTTS_Destroy
                0x6025d968      0x130 ../../components/newlib/armca5/libql_api_tts.a(ivTTS_Inst.c.obj)
                0x6025d968                ivTTS_Destroy
 .rodata.IsResID_SpclMarkRule
                0x6025da98       0x40 ../../components/newlib/armca5/libql_api_tts.a(ivTTS_Inst.c.obj)
 .rodata.g_Ais50idIs4Inst
                0x6025dad8       0x10 ../../components/newlib/armca5/libql_api_tts.a(ivTTS_Inst.c.obj)
                0x6025dad8                g_Ais50idIs4Inst
 .rodata.g_pTTSRole
                0x6025dae8       0x68 ../../components/newlib/armca5/libql_api_tts.a(ivTTS_Inst.c.obj)
 .text.ivTTS_Run
                0x6025db50       0xdc ../../components/newlib/armca5/libql_api_tts.a(ivTTS_Main.c.obj)
                0x6025db50                ivTTS_Run
 .text.ivTTS_SynthText
                0x6025dc2c       0xb0 ../../components/newlib/armca5/libql_api_tts.a(ivTTS_Main.c.obj)
                0x6025dc2c                ivTTS_SynthText
 .text.Is4Output_SetVoiceType
                0x6025dcdc       0xc8 ../../components/newlib/armca5/libql_api_tts.a(ivTTS_Output.c.obj)
 .text.Is4Output_ResetDecoder
                0x6025dda4       0x4c ../../components/newlib/armca5/libql_api_tts.a(ivTTS_Output.c.obj)
 .text.Is4Output_OutputVoice.part.1
                0x6025ddf0      0x17c ../../components/newlib/armca5/libql_api_tts.a(ivTTS_Output.c.obj)
 .text.Is4Output_OutputSilence
                0x6025df6c      0x134 ../../components/newlib/armca5/libql_api_tts.a(ivTTS_Output.c.obj)
 .text.Is4Output_OutputVoice
                0x6025e0a0      0x18c ../../components/newlib/armca5/libql_api_tts.a(ivTTS_Output.c.obj)
 .rodata.g_vtabIs4Output
                0x6025e22c       0x14 ../../components/newlib/armca5/libql_api_tts.a(ivTTS_Output.c.obj)
                0x6025e22c                g_vtabIs4Output
 .text.ReSample_Init
                0x6025e240      0x108 ../../components/newlib/armca5/libql_api_tts.a(ivTTS_Resample.c.obj)
                0x6025e240                ReSample_Init
 .text.ReSample
                0x6025e348      0x2ac ../../components/newlib/armca5/libql_api_tts.a(ivTTS_Resample.c.obj)
                0x6025e348                ReSample
 *fill*         0x6025e5f4        0x4 
 .rodata._sinc_table
                0x6025e5f8      0x25e ../../components/newlib/armca5/libql_api_tts.a(ivTTS_Resample.c.obj)
 *fill*         0x6025e856        0x2 
 .text.Is4Watch_EndUnit
                0x6025e858       0x58 ../../components/newlib/armca5/libql_api_tts.a(ivTTS_Watch.c.obj)
 .text.Is4Watch_InsertL3
                0x6025e8b0       0x54 ../../components/newlib/armca5/libql_api_tts.a(ivTTS_Watch.c.obj)
 .text.Is4Watch_BeginUnit
                0x6025e904       0x5c ../../components/newlib/armca5/libql_api_tts.a(ivTTS_Watch.c.obj)
 .text.Is4Watch_InsertL1
                0x6025e960       0x54 ../../components/newlib/armca5/libql_api_tts.a(ivTTS_Watch.c.obj)
 .rodata.g_vtabIs4Watch
                0x6025e9b4       0x14 ../../components/newlib/armca5/libql_api_tts.a(ivTTS_Watch.c.obj)
                0x6025e9b4                g_vtabIs4Watch
 .text.ivTTSAPI_OutputCB
                0x6025e9c8      0x124 ../../components/newlib/armca5/libql_api_tts.a(ivTTSApi.c.obj)
                0x6025e9c8                ivTTSAPI_OutputCB
 .text.ivTTSApi_Create
                0x6025eaec       0x5c ../../components/newlib/armca5/libql_api_tts.a(ivTTSApi.c.obj)
                0x6025eaec                ivTTSApi_Create
 .text.PureEnglish_NeedInsertSp
                0x6025eb48       0x34 ../../components/newlib/armca5/libql_api_tts.a(PureEnglish.c.obj)
 .text.PureEnglish_GetHeadIndex
                0x6025eb7c        0x4 ../../components/newlib/armca5/libql_api_tts.a(PureEnglish.c.obj)
 .text.PureEnglish_GetTailIndex
                0x6025eb80       0x14 ../../components/newlib/armca5/libql_api_tts.a(PureEnglish.c.obj)
 .text.PureEnglish_IsSentAlone
                0x6025eb94       0x14 ../../components/newlib/armca5/libql_api_tts.a(PureEnglish.c.obj)
 .text.PureEnglish_GetPhoneSyllable
                0x6025eba8       0x10 ../../components/newlib/armca5/libql_api_tts.a(PureEnglish.c.obj)
 .text.PureEnglish_GetLang
                0x6025ebb8        0x4 ../../components/newlib/armca5/libql_api_tts.a(PureEnglish.c.obj)
 .text.PureEnglish_BeginPart
                0x6025ebbc       0xf0 ../../components/newlib/armca5/libql_api_tts.a(PureEnglish.c.obj)
 .text.PureEnglish_EndPart
                0x6025ecac       0xac ../../components/newlib/armca5/libql_api_tts.a(PureEnglish.c.obj)
 .text.PureEnglish_GetText
                0x6025ed58       0x10 ../../components/newlib/armca5/libql_api_tts.a(PureEnglish.c.obj)
 .text.PureEnglishEngine_BeginSynth
                0x6025ed68       0x20 ../../components/newlib/armca5/libql_api_tts.a(PureEnglish.c.obj)
 .text.PureEnglishClass_CreateEngine
                0x6025ed88       0x80 ../../components/newlib/armca5/libql_api_tts.a(PureEnglish.c.obj)
 .text.PureEnglishEngine_EndSynth
                0x6025ee08       0x3c ../../components/newlib/armca5/libql_api_tts.a(PureEnglish.c.obj)
 .text.EFrontCB
                0x6025ee44      0x138 ../../components/newlib/armca5/libql_api_tts.a(PureEnglish.c.obj)
 .text.PureEnglish_GetPhoneme
                0x6025ef7c      0x220 ../../components/newlib/armca5/libql_api_tts.a(PureEnglish.c.obj)
 .text.PureEnglishEngine_Release
                0x6025f19c       0x2c ../../components/newlib/armca5/libql_api_tts.a(PureEnglish.c.obj)
 .text.PureEnglishClass_Release
                0x6025f1c8       0x1c ../../components/newlib/armca5/libql_api_tts.a(PureEnglish.c.obj)
 .text.PureEnglishClass_Match
                0x6025f1e4       0x80 ../../components/newlib/armca5/libql_api_tts.a(PureEnglish.c.obj)
 .text.PureEnglishClass_ParamProc
                0x6025f264      0x170 ../../components/newlib/armca5/libql_api_tts.a(PureEnglish.c.obj)
 .text.PureEnglishEngine_SynthText
                0x6025f3d4      0x458 ../../components/newlib/armca5/libql_api_tts.a(PureEnglish.c.obj)
 .text.PureEnglishClass_CreateCTX
                0x6025f82c       0x68 ../../components/newlib/armca5/libql_api_tts.a(PureEnglish.c.obj)
                0x6025f82c                PureEnglishClass_CreateCTX
 .rodata.IsResID_PEFlag.9964
                0x6025f894       0x10 ../../components/newlib/armca5/libql_api_tts.a(PureEnglish.c.obj)
 .rodata.vtab   0x6025f8a4       0x10 ../../components/newlib/armca5/libql_api_tts.a(PureEnglish.c.obj)
 .rodata.vtabc  0x6025f8b4        0xc ../../components/newlib/armca5/libql_api_tts.a(PureEnglish.c.obj)
 .text.PureEnglish_TestDict
                0x6025f8c0       0x30 ../../components/newlib/armca5/libql_api_tts.a(Dictionary.c.obj)
                0x6025f8c0                PureEnglish_TestDict
 .text.DictionaryInit
                0x6025f8f0       0x58 ../../components/newlib/armca5/libql_api_tts.a(Dictionary.c.obj)
                0x6025f8f0                DictionaryInit
 .text.DictionaryUninit
                0x6025f948       0x24 ../../components/newlib/armca5/libql_api_tts.a(Dictionary.c.obj)
                0x6025f948                DictionaryUninit
 .text.GetLexiconPoS
                0x6025f96c       0xa8 ../../components/newlib/armca5/libql_api_tts.a(Dictionary.c.obj)
                0x6025f96c                GetLexiconPoS
 .text.PEDictGetLexiconFreq
                0x6025fa14       0x8c ../../components/newlib/armca5/libql_api_tts.a(Dictionary.c.obj)
                0x6025fa14                PEDictGetLexiconFreq
 .text.GetLexiconInfo
                0x6025faa0      0x7bc ../../components/newlib/armca5/libql_api_tts.a(Dictionary.c.obj)
                0x6025faa0                GetLexiconInfo
 .text.LexiconMatch
                0x6026025c     0x1204 ../../components/newlib/armca5/libql_api_tts.a(Dictionary.c.obj)
                0x6026025c                LexiconMatch
 .text.PhraseMatch
                0x60261460      0x350 ../../components/newlib/armca5/libql_api_tts.a(Dictionary.c.obj)
                0x60261460                PhraseMatch
 .rodata.IsResID_PureEnglish_Dict
                0x602617b0       0x10 ../../components/newlib/armca5/libql_api_tts.a(Dictionary.c.obj)
 .rodata.IsResID_PureEnglish_UserDict
                0x602617c0       0x10 ../../components/newlib/armca5/libql_api_tts.a(Dictionary.c.obj)
 .rodata.g_AccentModeSet
                0x602617d0      0x200 ../../components/newlib/armca5/libql_api_tts.a(Dictionary.c.obj)
 .rodata.str1.4
                0x602619d0      0x198 ../../components/newlib/armca5/libql_api_tts.a(Dictionary.c.obj)
                                0x1ac (size before relaxing)
 .text.IsPEFront_EngSplitWord_RecoPhonetic
                0x60261b68      0x914 ../../components/newlib/armca5/libql_api_tts.a(FrontDefine.c.obj)
 .text.IsWordL3Tail
                0x6026247c       0x44 ../../components/newlib/armca5/libql_api_tts.a(FrontDefine.c.obj)
                0x6026247c                IsWordL3Tail
 .text.PEGetFootLen
                0x602624c0       0x4c ../../components/newlib/armca5/libql_api_tts.a(FrontDefine.c.obj)
                0x602624c0                PEGetFootLen
 .text.GetSylLeftBd
                0x6026250c       0x24 ../../components/newlib/armca5/libql_api_tts.a(FrontDefine.c.obj)
                0x6026250c                GetSylLeftBd
 .text.GetSylRightBd
                0x60262530       0x24 ../../components/newlib/armca5/libql_api_tts.a(FrontDefine.c.obj)
                0x60262530                GetSylRightBd
 .text.GetFootLeftBd
                0x60262554       0x3c ../../components/newlib/armca5/libql_api_tts.a(FrontDefine.c.obj)
                0x60262554                GetFootLeftBd
 .text.GetFootRightBd
                0x60262590       0x3c ../../components/newlib/armca5/libql_api_tts.a(FrontDefine.c.obj)
                0x60262590                GetFootRightBd
 .text.FrontMemReset
                0x602625cc       0x10 ../../components/newlib/armca5/libql_api_tts.a(FrontDefine.c.obj)
                0x602625cc                FrontMemReset
 .text.FrontMemAlloc
                0x602625dc       0x28 ../../components/newlib/armca5/libql_api_tts.a(FrontDefine.c.obj)
                0x602625dc                FrontMemAlloc
 .text.WordInfoNO
                0x60262604       0x30 ../../components/newlib/armca5/libql_api_tts.a(FrontDefine.c.obj)
                0x60262604                WordInfoNO
 .text.NBoundDist
                0x60262634       0x34 ../../components/newlib/armca5/libql_api_tts.a(FrontDefine.c.obj)
                0x60262634                NBoundDist
 .text.PBoundDist
                0x60262668       0x3c ../../components/newlib/armca5/libql_api_tts.a(FrontDefine.c.obj)
                0x60262668                PBoundDist
 .text.BoundSylLength
                0x602626a4       0x68 ../../components/newlib/armca5/libql_api_tts.a(FrontDefine.c.obj)
                0x602626a4                BoundSylLength
 .text.BoundWordLength
                0x6026270c       0xc0 ../../components/newlib/armca5/libql_api_tts.a(FrontDefine.c.obj)
                0x6026270c                BoundWordLength
 .text.GetVowelInSyl
                0x602627cc       0x38 ../../components/newlib/armca5/libql_api_tts.a(FrontDefine.c.obj)
                0x602627cc                GetVowelInSyl
 .text.StressCountL0PL3
                0x60262804      0x31c ../../components/newlib/armca5/libql_api_tts.a(FrontDefine.c.obj)
                0x60262804                StressCountL0PL3
 .text.AccentCountL0PL3
                0x60262b20      0x2f4 ../../components/newlib/armca5/libql_api_tts.a(FrontDefine.c.obj)
                0x60262b20                AccentCountL0PL3
 .text.StressCountL0NL3
                0x60262e14      0x318 ../../components/newlib/armca5/libql_api_tts.a(FrontDefine.c.obj)
                0x60262e14                StressCountL0NL3
 .text.L3CountInL4
                0x6026312c      0x328 ../../components/newlib/armca5/libql_api_tts.a(FrontDefine.c.obj)
                0x6026312c                L3CountInL4
 .text.L3PosInL4
                0x60263454      0x374 ../../components/newlib/armca5/libql_api_tts.a(FrontDefine.c.obj)
                0x60263454                L3PosInL4
 .text.AccentCountInBound
                0x602637c8      0x324 ../../components/newlib/armca5/libql_api_tts.a(FrontDefine.c.obj)
                0x602637c8                AccentCountInBound
 .text.NL3PhonePos
                0x60263aec       0xa4 ../../components/newlib/armca5/libql_api_tts.a(FrontDefine.c.obj)
                0x60263aec                NL3PhonePos
 .text.EFrontInit
                0x60263b90       0x5c ../../components/newlib/armca5/libql_api_tts.a(FrontDefine.c.obj)
                0x60263b90                EFrontInit
 .text.EFrontUninit
                0x60263bec       0x3c ../../components/newlib/armca5/libql_api_tts.a(FrontDefine.c.obj)
                0x60263bec                EFrontUninit
 .text.EFrontProcess
                0x60263c28      0x370 ../../components/newlib/armca5/libql_api_tts.a(FrontDefine.c.obj)
                0x60263c28                EFrontProcess
 .text.IsPEFront_EngSplitWord_Phonetic
                0x60263f98      0x394 ../../components/newlib/armca5/libql_api_tts.a(FrontDefine.c.obj)
                0x60263f98                IsPEFront_EngSplitWord_Phonetic
 .text.IsPEFront_AppendPhonetic
                0x6026432c       0x14 ../../components/newlib/armca5/libql_api_tts.a(FrontDefine.c.obj)
                0x6026432c                IsPEFront_AppendPhonetic
 .rodata.g_tabOneToOne
                0x60264340       0x44 ../../components/newlib/armca5/libql_api_tts.a(FrontDefine.c.obj)
 .text.QsBase_NeedInsertSp