Archive member included to satisfy reference by file (symbol)

lib/libbootloader.a(boot_platform_8910.c.obj)
                              (--whole-archive)
lib/libbootloader.a(boot_secure.c.obj)
                              (--whole-archive)
lib/libbootloader.a(boot_entry_v7a.S.obj)
                              (--whole-archive)
lib/libbootloader.a(boot_sffs_port.c.obj)
                              (--whole-archive)
lib/libbootloader.a(boot_delay.c.obj)
                              (--whole-archive)
lib/libbootloader.a(boot_mem.c.obj)
                              (--whole-archive)
lib/libbootloader.a(boot_spi_flash.c.obj)
                              (--whole-archive)
lib/libbootloader.a(boot_debuguart.c.obj)
                              (--whole-archive)
lib/libbootloader.a(boot_trace.c.obj)
                              (--whole-archive)
lib/libbootloader.a(boot_fdl.c.obj)
                              (--whole-archive)
lib/libbootloader.a(boot_fdl_dnld.c.obj)
                              (--whole-archive)
lib/libbootloader.a(boot_aes.c.obj)
                              (--whole-archive)
lib/libbootloader.a(boot_vfs.c.obj)
                              (--whole-archive)
lib/libbootloader.a(boot_irq.c.obj)
                              (--whole-archive)
lib/libbootloader.a(boot_timer.c.obj)
                              (--whole-archive)
lib/libbootloader.a(boot_uart.c.obj)
                              (--whole-archive)
lib/libbootloader.a(boot_uart_cmn.c.obj)
                              (--whole-archive)
lib/libbootloader.a(boot_mmu.c.obj)
                              (--whole-archive)
lib/libbootloader.a(boot_uimage.c.obj)
                              (--whole-archive)
lib/libbootloader.a(boot_udc.c.obj)
                              (--whole-archive)
lib/libbootloader.a(boot_usb_fdl_channel.c.obj)
                              (--whole-archive)
lib/libbootloader.a(boot_pdl.c.obj)
                              (--whole-archive)
lib/libbootloader.a(boot_pdl_uimage.c.obj)
                              (--whole-archive)
lib/libbootloader.a(boot_lcd.c.obj)
                              (--whole-archive)
lib/libbootloader.a(boot_unity.c.obj)
                              (--whole-archive)
lib/libbootloader.a(boot_override.c.obj)
                              (--whole-archive)
lib/libbootloader.a(boot_adi_bus.c.obj)
                              (--whole-archive)
lib/libbootloader.a(boot_log.c.obj)
                              (--whole-archive)
lib/libhal.a(hal_clock_init.c.obj)
                              components/bootloader/CMakeFiles/boot2.dir/boot/boot2_start_8910.c.obj (halRamInit)
lib/libhal.a(hal_chip_8910.c.obj)
                              lib/libbootloader.a(boot_usb_fdl_channel.c.obj) (osiDCacheClean)
lib/libhal.a(hal_pmu_8910.c.obj)
                              lib/libbootloader.a(boot_unity.c.obj) (halPmuExtFlashPowerOn)
lib/libhal.a(hal_efuse_8910.c.obj)
                              lib/libbootloader.a(boot_secure.c.obj) (halEfuseOpen)
lib/libhal.a(hal_delay.c.obj)
                              components/bootloader/CMakeFiles/boot2.dir/boot/boot2_start_8910.c.obj (osiDelayUS)
lib/libhal.a(hal_reg_apply.c.obj)
                              lib/libhal.a(hal_clock_init.c.obj) (halApplyRegisters)
lib/libhal.a(hal_chip.c.obj)  lib/libbootloader.a(boot_uart.c.obj) (halCalcDivider20)
lib/libhal.a(hal_chip_armv7a.c.obj)
                              lib/libbootloader.a(boot_platform_8910.c.obj) (halSaveBlueScreenReg)
lib/libhal.a(hal_hwspinlock.c.obj)
                              lib/libhal.a(hal_efuse_8910.c.obj) (halHwspinlockAcquire)
lib/libhal.a(hal_spi_flash.c.obj)
                              lib/libbootloader.a(boot_spi_flash.c.obj) (halSpiFlashChipErase)
lib/libhal.a(hal_gpio.c.obj)  lib/libhal.a(hal_pmu_8910.c.obj) (halGpioSetOutput)
lib/libosi_lib.a(osi_fifo.c.obj)
                              lib/libbootloader.a(boot_usb_fdl_channel.c.obj) (osiFifoInit)
lib/libfupdate_core.a(fupdate_bootloader.c.obj)
                              components/bootloader/CMakeFiles/boot2.dir/boot/boot2_start_8910.c.obj (fupdateGetUpdatingType)
lib/libfupdate_core.a(fupdate_common.c.obj)
                              lib/libfupdate_core.a(fupdate_bootloader.c.obj) (fupdateBlockedFname)
lib/libfsmount.a(fs_mount.c.obj)
                              lib/libbootloader.a(boot_fdl_dnld.c.obj) (fsMountFsPath)
lib/libsffs_core.a(sffs.c.obj)
                              lib/libbootloader.a(boot_vfs.c.obj) (sffsMount)
lib/libsffs_core.a(lzmar.c.obj)
                              lib/libfupdate_core.a(fupdate_bootloader.c.obj) (lzmarCompress)
lib/libsffs_core.a(LzmaEnc.c.obj)
                              lib/libsffs_core.a(lzmar.c.obj) (LzmaEncode)
lib/libsffs_core.a(LzmaDec.c.obj)
                              lib/libsffs_core.a(lzmar.c.obj) (LzmaDecode2)
lib/libsffs_core.a(LzFind.c.obj)
                              lib/libsffs_core.a(LzmaEnc.c.obj) (MatchFinder_Construct)
[...]
Memory Configuration

Name             Origin             Length             Attributes
sram             0x00810040         0x0002ffc0         xrw
*default*        0x00000000         0xffffffff

Linker script and memory map

LOAD components/bootloader/CMakeFiles/boot2.dir/boot/boot2_start_8910.c.obj
LOAD lib/libbootloader.a
START GROUP
LOAD lib/libhal.a
LOAD lib/libosi_lib.a
LOAD lib/libfupdate_core.a
LOAD lib/libfupdate_security_boot.a
LOAD lib/libfsmount.a
LOAD lib/libsffs_core.a
LOAD lib/libbdev.a
LOAD lib/libbdev_core.a
LOAD lib/libboot_ex_ql.a
END GROUP
LOAD ../../components/newlib/armca5/libc.a
LOAD ../../prebuilts/win32/gcc-arm-none-eabi/bin/../lib/gcc/arm-none-eabi/7.2.1/thumb/v7-ar/fpv3/hard/libgcc.a
LOAD lib/libboot_calclib_crc.a
LOAD lib/libboot_ex_fat_rdonly.a
LOAD lib/libboot_ex_sdmmc.a
LOAD lib/libboot_ex_spi6nor.a
LOAD lib/libboot_ex_ql_pin.a
LOAD ../../components/libs/boot_encrypt/libboot_encrypt.a
LOAD lib/libcalclib.a
LOAD lib/libhal.a
LOAD lib/libdriver.a
LOAD lib/libhal_prop.a
LOAD lib/libdriver_lcd.a
LOAD lib/liboql_core_boot_virt_func.a
LOAD lib/libdriver_camera.a
LOAD lib/libhal.a
LOAD lib/libdriver.a
LOAD lib/libhal_prop.a
LOAD lib/libdriver_lcd.a
LOAD lib/liboql_core_boot_virt_func.a
LOAD lib/libdriver_camera.a
LOAD lib/libfs_partinfo.a

.text           0x00810040     0xdf20
                0x00810040                __text_start = .
 *(BOOT_ENTRY)
 BOOT_ENTRY     0x00810040      0x25c lib/libbootloader.a(boot_entry_v7a.S.obj)
                0x00810040                Vectors
                0x008101e4                bootEntry
                0x00810260                bootJumpImageEntry
 SORT_BY_NAME(*)(.sramboottext .sramboottext.*)
 .sramboottext  0x0081029c       0x6c lib/libhal.a(hal_delay.c.obj)
                0x0081029c                osiDelayLoops
                0x008102a8                osiDelayUS
                0x008102c8                osiDebugEvent
                0x008102fc                osiHWTick16K
 .sramboottext  0x00810308       0x56 lib/libhal.a(hal_reg_apply.c.obj)
                0x00810308                halApplyRegisters
                0x0081033a                halApplyRegisterList
 SORT_BY_NAME(*)(.sramtext .sramtext.*)
 .sramtext      0x0081035e       0x1e lib/libhal.a(hal_chip_8910.c.obj)
                0x0081035e                uxPortSetInterruptMaskFromISR
                0x0081035e                vPortDisableInterrupts
                0x0081035e                uxPortEnterCritical
                0x0081035e                osiEnterCritical
                0x0081035e                osiIrqSave
                0x0081036e                osiExitCritical
                0x0081036e                osiIrqRestore
                0x0081036e                vPortExitCritical
                0x0081036e                vPortClearInterruptMaskFromISR
 SORT_BY_NAME(*)(.ramtext .ramtext.*)
 .ramtext.osi_log.430
                0x0081037c       0x98 lib/libbootloader.a(boot_log.c.obj)
 .ramtext.osi_log.521
                0x00810414       0x24 lib/libbootloader.a(boot_log.c.obj)
                0x00810414                osiTraceBasic
                0x00810414                boot_osiTraceBasic
 .ramtext.osi_log.535
                0x00810438       0x24 lib/libbootloader.a(boot_log.c.obj)
                0x00810438                osiTraceIdBasic
                0x00810438                boot_osiTraceIdBasic
 .ramtext.flashhal.989
                0x0081045c       0xe4 lib/libhal.a(hal_spi_flash.c.obj)
                0x0081045c                halSpiFlashCmd
 .ramtext.flashhal.245
                0x00810540       0x20 lib/libhal.a(hal_spi_flash.c.obj)
 .ramtext.flashhal.313
                0x00810560       0x14 lib/libhal.a(hal_spi_flash.c.obj)
 .ramtext.flashhal.329
                0x00810574       0x24 lib/libhal.a(hal_spi_flash.c.obj)
 .ramtext.flashhal.239
                0x00810598       0x16 lib/libhal.a(hal_spi_flash.c.obj)
 .ramtext.flashhal.509
                0x008105ae        0xa lib/libhal.a(hal_spi_flash.c.obj)
 .ramtext.flashhal.498
                0x008105b8        0xa lib/libhal.a(hal_spi_flash.c.obj)
 .ramtext.flashhal.487
                0x008105c2        0xa lib/libhal.a(hal_spi_flash.c.obj)
 .ramtext.flashhal.907
                0x008105cc       0x1a lib/libhal.a(hal_spi_flash.c.obj)
                0x008105cc                halSpiFlashErase
 .ramtext.flashhal.227
                0x008105e6       0x12 lib/libhal.a(hal_spi_flash.c.obj)
 .ramtext.flashhal.346
                0x008105f8       0x18 lib/libhal.a(hal_spi_flash.c.obj)
 .ramtext.flashhal.397
                0x00810610       0x24 lib/libhal.a(hal_spi_flash.c.obj)
 .ramtext.flashhal.476
                0x00810634        0xc lib/libhal.a(hal_spi_flash.c.obj)
                0x00810634                halSpiFlashPageProgram
 .ramtext.flashhal.370
                0x00810640       0x64 lib/libhal.a(hal_spi_flash.c.obj)
 .ramtext.flashhal.1068
                0x008106a4        0xa lib/libhal.a(hal_spi_flash.c.obj)
                0x008106a4                halSpiFlashWriteEnable
 *fill*         0x008106ae        0x2 
 .ramtext.flashhal.414
                0x008106b0      0x184 lib/libhal.a(hal_spi_flash.c.obj)
                0x008106b0                halSpiFlashPrepareEraseProgram
 .ramtext.flashhal.450
                0x00810834       0x6c lib/libhal.a(hal_spi_flash.c.obj)
                0x00810834                halSpiFlashFinishEraseProgram
 .ramtext.flashhal.1076
                0x008108a0        0xa lib/libhal.a(hal_spi_flash.c.obj)
                0x008108a0                halSpiFlashWriteDisable
 .ramtext.flashhal.1084
                0x008108aa        0xa lib/libhal.a(hal_spi_flash.c.obj)
                0x008108aa                halSpiFlashResetEnable
 .ramtext.flashhal.1092
                0x008108b4        0xa lib/libhal.a(hal_spi_flash.c.obj)
                0x008108b4                halSpiFlashReset
 .ramtext.flashhal.1100
                0x008108be       0x1a lib/libhal.a(hal_spi_flash.c.obj)
                0x008108be                halSpiFlashReadSR
 .ramtext.flashhal.1136
                0x008108d8       0x26 lib/libhal.a(hal_spi_flash.c.obj)
                0x008108d8                halSpiFlashIsWipFinished
 .ramtext.flashhal.1149
                0x008108fe       0x10 lib/libhal.a(hal_spi_flash.c.obj)
                0x008108fe                halSpiFlashWaitWipFinish
 .ramtext.flashhal.1108
                0x0081090e       0x6c lib/libhal.a(hal_spi_flash.c.obj)
                0x0081090e                halSpiFlashWriteSR
 *fill*         0x0081097a        0x2 
 .ramtext.flashhal.1272
                0x0081097c      0x18c lib/libhal.a(hal_spi_flash.c.obj)
                0x0081097c                halSpiFlashStatusCheck
 .ramtext.flashhal.1385
                0x00810b08      0x10c lib/libhal.a(hal_spi_flash.c.obj)
                0x00810b08                halSpiFlashInit
 .ramtext.flashhal.103
                0x00810c14       0x44 lib/libhal.a(hal_spi_flash.c.obj)
 .ramtext.flashhal.126
                0x00810c58       0x44 lib/libhal.a(hal_spi_flash.c.obj)
 .ramtext.flashhal.149
                0x00810c9c       0x44 lib/libhal.a(hal_spi_flash.c.obj)
 .ramtext.flashhal.172
                0x00810ce0       0x3c lib/libhal.a(hal_spi_flash.c.obj)
 .ramtext.flashhal.63
                0x00810d1c       0x34 lib/libhal.a(hal_spi_flash.c.obj)
 .ramtext.flashhal.82
                0x00810d50       0x3c lib/libhal.a(hal_spi_flash.c.obj)
 SORT_BY_NAME(*)(.text .text.* .gnu.linkonce.t.* .rdata .rodata .rodata.* .rodata1 .gnu.linkonce.r.*)
 .text.__getreent
                0x00810d8c        0xc ../../components/newlib/armca5/libc.a(lib_a-getreent.o)
                0x00810d8c                __getreent
 .text.memcmp   0x00810d98       0x5c ../../components/newlib/armca5/libc.a(lib_a-memcmp.o)
                0x00810d98                memcmp
 .text.memcpy   0x00810df4       0xc8 ../../components/newlib/armca5/libc.a(lib_a-memcpy-stub.o)
                0x00810df4                memcpy
 .text.memmove  0x00810ebc       0xd4 ../../components/newlib/armca5/libc.a(lib_a-memmove.o)
                0x00810ebc                memmove
 .text.memset   0x00810f90       0xa8 ../../components/newlib/armca5/libc.a(lib_a-memset.o)
                0x00810f90                memset
 .text.strchr   0x00811038       0xd0 ../../components/newlib/armca5/libc.a(lib_a-strchr.o)
                0x00811038                strchr
 .text.strcpy   0x00811108       0xc4 ../../components/newlib/armca5/libc.a(lib_a-strcpy.o)
                0x00811108                strcpy
 .text.strdup   0x008111cc       0x14 ../../components/newlib/armca5/libc.a(lib_a-strdup.o)
                0x008111cc                strdup
 .text._strdup_r
                0x008111e0       0x24 ../../components/newlib/armca5/libc.a(lib_a-strdup_r.o)
                0x008111e0                _strdup_r
 *fill*         0x00811204       0x3c 
 .text          0x00811240       0xdc ../../components/newlib/armca5/libc.a(lib_a-strlen.o)
                0x00811240                strlen
 .text.strncmp  0x0081131c       0x84 ../../components/newlib/armca5/libc.a(lib_a-strncmp.o)
                0x0081131c                strncmp
 .text.strrchr  0x008113a0       0x24 ../../components/newlib/armca5/libc.a(lib_a-strrchr.o)
                0x008113a0                strrchr
 *fill*         0x008113c4        0x4 
 .text          0x008113c8      0x2b0 ../../prebuilts/win32/gcc-arm-none-eabi/bin/../lib/gcc/arm-none-eabi/7.2.1/thumb/v7-ar/fpv3/hard/libgcc.a(_divsi3.o)
                0x008113c8                __divsi3
                0x008113c8                __aeabi_idiv
                0x0081165c                __aeabi_idivmod
 .text          0x00811678        0x4 ../../prebuilts/win32/gcc-arm-none-eabi/bin/../lib/gcc/arm-none-eabi/7.2.1/thumb/v7-ar/fpv3/hard/libgcc.a(_dvmd_tls.o)
                0x00811678                __aeabi_idiv0
                0x00811678                __aeabi_ldiv0
 *fill*         0x0081167c        0x4 
 .text          0x00811680      0x278 ../../prebuilts/win32/gcc-arm-none-eabi/bin/../lib/gcc/arm-none-eabi/7.2.1/thumb/v7-ar/fpv3/hard/libgcc.a(_udivsi3.o)
                0x00811680                __aeabi_uidiv
                0x00811680                __udivsi3
                0x008118dc                __aeabi_uidivmod
 .text.prvFirmwareUpdateProgress
                0x008118f8       0x20 components/bootloader/CMakeFiles/boot2.dir/boot/boot2_start_8910.c.obj
 .text.prvFirmwareUpdatePreProgress
                0x00811918       0x4c components/bootloader/CMakeFiles/boot2.dir/boot/boot2_start_8910.c.obj
 .text.bootStart
                0x00811964      0x244 components/bootloader/CMakeFiles/boot2.dir/boot/boot2_start_8910.c.obj
                0x00811964                bootStart
 .rodata.bootStart.str1.1
                0x00811ba8        0xc components/bootloader/CMakeFiles/boot2.dir/boot/boot2_start_8910.c.obj
 .rodata.prvFirmwareUpdatePreProgress.str1.1
                0x00811bb4       0x5a components/bootloader/CMakeFiles/boot2.dir/boot/boot2_start_8910.c.obj
 .rodata.prvFirmwareUpdateProgress.str1.1
                0x00811c0e       0x15 components/bootloader/CMakeFiles/boot2.dir/boot/boot2_start_8910.c.obj
 *fill*         0x00811c23        0x1 
 .text.blockDeviceRead
                0x00811c24        0xc lib/libbdev.a(block_device.c.obj)
                0x00811c24                blockDeviceRead
 .text.blockDeviceWrite
                0x00811c30        0xc lib/libbdev.a(block_device.c.obj)
                0x00811c30                blockDeviceWrite
 .text.blockDeviceErase
                0x00811c3c        0xc lib/libbdev.a(block_device.c.obj)
                0x00811c3c                blockDeviceErase
 .text.blockDeviceDestroy
                0x00811c48        0x8 lib/libbdev.a(block_device.c.obj)
                0x00811c48                blockDeviceDestroy
 .text._destroy
                0x00811c50        0x4 lib/libbdev.a(partition_block_device.c.obj)
 .text._erase   0x00811c54       0x14 lib/libbdev.a(partition_block_device.c.obj)
 .text._write   0x00811c68       0x14 lib/libbdev.a(partition_block_device.c.obj)
 .text._read    0x00811c7c       0x14 lib/libbdev.a(partition_block_device.c.obj)
 .text.partBlockDeviceCreate
                0x00811c90       0x78 lib/libbdev.a(partition_block_device.c.obj)
                0x00811c90                partBlockDeviceCreate
 .text.prvDestroy
                0x00811d08       0x1c lib/libbdev_core.a(flash_block_device_v2.c.obj)
 .text.prvStat  0x00811d24       0x64 lib/libbdev_core.a(flash_block_device_v2.c.obj)
 .text.prvPbGetStatus.isra.8
                0x00811d88       0x14 lib/libbdev_core.a(flash_block_device_v2.c.obj)
 .text.prvEbFindGcTo
                0x00811d9c       0x56 lib/libbdev_core.a(flash_block_device_v2.c.obj)
 .text.prvPbSetStatus.isra.9
                0x00811df2       0x2e lib/libbdev_core.a(flash_block_device_v2.c.obj)
 .text.prvFlashWrite
                0x00811e20       0x3c lib/libbdev_core.a(flash_block_device_v2.c.obj)
 .text.prvPbDelete
                0x00811e5c       0x1e lib/libbdev_core.a(flash_block_device_v2.c.obj)
 .text.prvErase
                0x00811e7a       0x72 lib/libbdev_core.a(flash_block_device_v2.c.obj)
 .text.prvFlashWriteCheck
                0x00811eec       0x28 lib/libbdev_core.a(flash_block_device_v2.c.obj)
 .text.prvFlashRead
                0x00811f14       0x44 lib/libbdev_core.a(flash_block_device_v2.c.obj)
 .text.prvPbReadTail
                0x00811f58        0xe lib/libbdev_core.a(flash_block_device_v2.c.obj)
 .text.prvRead  0x00811f66       0x7e lib/libbdev_core.a(flash_block_device_v2.c.obj)
 .text.prvPbMemCalcCrc.isra.13
                0x00811fe4       0x1c lib/libbdev_core.a(flash_block_device_v2.c.obj)
 .text.prvPbReadStatus
                0x00812000       0xa8 lib/libbdev_core.a(flash_block_device_v2.c.obj)
 .text.prvSetGeom
                0x008120a8       0xbe lib/libbdev_core.a(flash_block_device_v2.c.obj)
 *fill*         0x00812166        0x2 
 .text.prvScan  0x00812168      0x230 lib/libbdev_core.a(flash_block_device_v2.c.obj)
 .text.prvWrite
                0x00812398      0x34c lib/libbdev_core.a(flash_block_device_v2.c.obj)
 .text.flashBlockDeviceCreateV2
                0x008126e4       0xfc lib/libbdev_core.a(flash_block_device_v2.c.obj)
                0x008126e4                flashBlockDeviceCreateV2
 .text.flashBlockDeviceFormatV2
                0x008127e0       0x70 lib/libbdev_core.a(flash_block_device_v2.c.obj)
                0x008127e0                flashBlockDeviceFormatV2
 .rodata.gFbdev2Ops
                0x00812850       0x14 lib/libbdev_core.a(flash_block_device_v2.c.obj)
 .text.crc_table_init
                0x00812864       0x68 lib/libboot_calclib_crc.a(crc32.c.obj)
                0x00812864                crc_table_init
 .text.crc32Init
                0x008128cc       0x1c lib/libboot_calclib_crc.a(crc32.c.obj)
                0x008128cc                crc32Init
 .text.crc32Calc
                0x008128e8       0x38 lib/libboot_calclib_crc.a(crc32.c.obj)
                0x008128e8                crc32Calc
 .text.crc32VariantInit
                0x00812920       0x1c lib/libboot_calclib_crc.a(crc32.c.obj)
                0x00812920                crc32VariantInit
 .text.crc32VariantUpdate
                0x0081293c       0x34 lib/libboot_calclib_crc.a(crc32.c.obj)
                0x0081293c                crc32VariantUpdate
 .text.crc32VariantCalc
                0x00812970       0x34 lib/libboot_calclib_crc.a(crc32.c.obj)
                0x00812970                crc32VariantCalc
 .text.crc8RohcInit
                0x008129a4       0x1c lib/libboot_calclib_crc.a(crc32.c.obj)
                0x008129a4                crc8RohcInit
 .text.crc8RohcCalc
                0x008129c0       0x2c lib/libboot_calclib_crc.a(crc32.c.obj)
                0x008129c0                crc8RohcCalc
 .text.disk_readp
                0x008129ec        0x4 lib/libboot_ex_fat_rdonly.a(diskio.c.obj)
                0x008129ec                disk_readp
 .text.ff_convert
                0x008129f0       0x38 lib/libboot_ex_fat_rdonly.a(pff_basic.c.obj)
                0x008129f0                ff_convert
 .text.ld_word  0x00812a28        0x4 lib/libboot_ex_fat_rdonly.a(pff_basic.c.obj)
                0x00812a28                ld_word
 .text.ld_dword
                0x00812a2c        0x4 lib/libboot_ex_fat_rdonly.a(pff_basic.c.obj)
                0x00812a2c                ld_dword
 .text.mem_set  0x00812a30        0xe lib/libboot_ex_fat_rdonly.a(pff_basic.c.obj)
                0x00812a30                mem_set
 .text.mem_cmp  0x00812a3e       0x1c lib/libboot_ex_fat_rdonly.a(pff_basic.c.obj)
                0x00812a3e                mem_cmp
 .text.chk_chr  0x00812a5a        0xe lib/libboot_ex_fat_rdonly.a(pff_basic.c.obj)
                0x00812a5a                chk_chr
 .text.test_lfn
                0x00812a68       0x58 lib/libboot_ex_fat_rdonly.a(pff_basic.c.obj)
                0x00812a68                test_lfn
 .text.sum_sfn  0x00812ac0       0x1e lib/libboot_ex_fat_rdonly.a(pff_basic.c.obj)
                0x00812ac0                sum_sfn
 *fill*         0x00812ade        0x2 
 .text.clust2sect
                0x00812ae0       0x20 lib/libboot_ex_fat_rdonly.a(pff_basic.c.obj)
                0x00812ae0                clust2sect
 .text.get_clust
                0x00812b00        0xa lib/libboot_ex_fat_rdonly.a(pff_basic.c.obj)
                0x00812b00                get_clust
 *fill*         0x00812b0a        0x2 
 .text.create_name
                0x00812b0c      0x200 lib/libboot_ex_fat_rdonly.a(pff_basic.c.obj)
                0x00812b0c                create_name
 .text.check_fs
                0x00812d0c       0x5c lib/libboot_ex_fat_rdonly.a(pff_basic.c.obj)
                0x00812d0c                check_fs
 .rodata.LfnOfs
                0x00812d68        0xd lib/libboot_ex_fat_rdonly.a(pff_basic.c.obj)
                0x00812d68                LfnOfs
 *fill*         0x00812d75        0x1 
 .rodata.Tbl    0x00812d76      0x100 lib/libboot_ex_fat_rdonly.a(pff_basic.c.obj)
 .rodata.create_name.str1.1
                0x00812e76       0x10 lib/libboot_ex_fat_rdonly.a(pff_basic.c.obj)
 *fill*         0x00812e86        0x2 
 .text.get_fat  0x00812e88       0x7c lib/libboot_ex_fat_rdonly.a(pff_rdonly.c.obj)
 .text.dir_seek.constprop.2
                0x00812f04       0x44 lib/libboot_ex_fat_rdonly.a(pff_rdonly.c.obj)
 .text.pf_mount
                0x00812f48      0x158 lib/libboot_ex_fat_rdonly.a(pff_rdonly.c.obj)
                0x00812f48                pf_mount
 .text.pf_open  0x008130a0      0x204 lib/libboot_ex_fat_rdonly.a(pff_rdonly.c.obj)
                0x008130a0                pf_open
 .text.pf_read  0x008132a4       0xd4 lib/libboot_ex_fat_rdonly.a(pff_rdonly.c.obj)
                0x008132a4                pf_read
 .text.quec_blockDeviceRead
                0x00813378       0x20 lib/libboot_ex_fat_rdonly.a(quec_boot_block_device.c.obj)
                0x00813378                quec_blockDeviceRead
 .text.ql_boot_fat_open
                0x00813398       0x1a lib/libboot_ex_fat_rdonly.a(quec_boot_pff_rdonly.c.obj)
                0x00813398                ql_boot_fat_open
 .text.ql_boot_fat_read
                0x008133b2       0x22 lib/libboot_ex_fat_rdonly.a(quec_boot_pff_rdonly.c.obj)
                0x008133b2                ql_boot_fat_read
 .text.quec_get_real_path
                0x008133d4       0x28 lib/libboot_ex_fat_rdonly.a(quec_boot_pff_rdonly.c.obj)
                0x008133d4                quec_get_real_path
 .text.quec_boot_open_file
                0x008133fc       0x80 lib/libboot_ex_fat_rdonly.a(quec_boot_pff_rdonly.c.obj)
                0x008133fc                quec_boot_open_file
 .text.quec_bootVfsOpen
                0x0081347c       0x2a lib/libboot_ex_fat_rdonly.a(quec_boot_pff_rdonly.c.obj)
                0x0081347c                quec_bootVfsOpen
 *fill*         0x008134a6        0x2 
 .text.quec_bootVfsRead
                0x008134a8       0x30 lib/libboot_ex_fat_rdonly.a(quec_boot_pff_rdonly.c.obj)
                0x008134a8                quec_bootVfsRead
 .text.quec_bootVfsClose
                0x008134d8       0x28 lib/libboot_ex_fat_rdonly.a(quec_boot_pff_rdonly.c.obj)
                0x008134d8                quec_bootVfsClose
 .text.quec_bootVfsFileSize
                0x00813500       0x40 lib/libboot_ex_fat_rdonly.a(quec_boot_pff_rdonly.c.obj)
                0x00813500                quec_bootVfsFileSize
 .text.quec_bootVfsCheckPath
                0x00813540       0x12 lib/libboot_ex_fat_rdonly.a(quec_boot_pff_rdonly.c.obj)
                0x00813540                quec_bootVfsCheckPath
 .rodata.quec_boot_open_file.str1.1
                0x00813552       0x21 lib/libboot_ex_fat_rdonly.a(quec_boot_pff_rdonly.c.obj)
 .rodata.quec_get_real_path.str1.1
                0x00813573        0xe lib/libboot_ex_fat_rdonly.a(quec_boot_pff_rdonly.c.obj)
 *fill*         0x00813581        0x3 
 .text.ql_boot_fat_disk_read
                0x00813584       0x28 lib/libboot_ex_fat_rdonly.a(quec_boot_vfs.c.obj)
                0x00813584                ql_boot_fat_disk_read
 .text.quec_check_path_type
                0x008135ac       0x88 lib/libboot_ex_ql.a(quec_boot_fota.c.obj)
                0x008135ac                quec_check_path_type
 .text.prvQuec_Load_Fota_nv_Cfg
                0x00813634       0x90 lib/libboot_ex_ql.a(quec_boot_fota.c.obj)
                0x00813634                prvQuec_Load_Fota_nv_Cfg
 .text.quec_boot_fota_init
                0x008136c4       0xa4 lib/libboot_ex_ql.a(quec_boot_fota.c.obj)
                0x008136c4                quec_boot_fota_init
 .text.quec_boot_fota_pack_verify
                0x00813768       0xbc lib/libboot_ex_ql.a(quec_boot_fota.c.obj)
                0x00813768                quec_boot_fota_pack_verify
 .rodata.gFupdatePackFileNameInvalid
                0x00813824        0x9 lib/libboot_ex_ql.a(quec_boot_fota.c.obj)
 .rodata.prvQuec_Load_Fota_nv_Cfg.str1.1
                0x0081382d       0x5e lib/libboot_ex_ql.a(quec_boot_fota.c.obj)
 .rodata.quec_boot_fota_init.str1.1
                0x0081388b       0x37 lib/libboot_ex_ql.a(quec_boot_fota.c.obj)
 .rodata.quec_boot_fota_pack_verify.str1.1
                0x008138c2       0x12 lib/libboot_ex_ql.a(quec_boot_fota.c.obj)
 .rodata.quec_check_path_type.str1.1
                0x008138d4       0x1d lib/libboot_ex_ql.a(quec_boot_fota.c.obj)
 .rodata.ql_boot_model_diff_ctx
                0x008138f1        0x1 lib/libboot_ex_ql_pin.a(quec_boot_pin_map.c.obj)
                0x008138f1                ql_boot_model_diff_ctx
 *fill*         0x008138f2        0x2 
 .text.bootdrvIfcChannelInit
                0x008138f4       0x1c lib/libboot_ex_sdmmc.a(quec_boot_ifc.c.obj)
                0x008138f4                bootdrvIfcChannelInit
 .text.bootdrvIfcRequestChannel
                0x00813910       0x44 lib/libboot_ex_sdmmc.a(quec_boot_ifc.c.obj)
                0x00813910                bootdrvIfcRequestChannel
 .text.bootdrvIfcFlush
                0x00813954        0xa lib/libboot_ex_sdmmc.a(quec_boot_ifc.c.obj)
                0x00813954                bootdrvIfcFlush
 .text.bootdrvIfcStart
                0x0081395e       0x2e lib/libboot_ex_sdmmc.a(quec_boot_ifc.c.obj)
                0x0081395e                bootdrvIfcStart
 .rodata.bootdrvIfcRequestChannel.str1.1
                0x0081398c       0x1f lib/libboot_ex_sdmmc.a(quec_boot_ifc.c.obj)
 *fill*         0x008139ab        0x1 
 .rodata.gIfcDescs
                0x008139ac       0x20 lib/libboot_ex_sdmmc.a(quec_boot_ifc.c.obj)
 .text.prvSdmmcSetClk
                0x008139cc       0x40 lib/libboot_ex_sdmmc.a(quec_boot_sd.c.obj)
 .text.prvSdmmcWaitCmdDone
                0x00813a0c       0x2c lib/libboot_ex_sdmmc.a(quec_boot_sd.c.obj)
 .text.prvSdmmcWaitCmdResp
                0x00813a38       0x2e lib/libboot_ex_sdmmc.a(quec_boot_sd.c.obj)
 *fill*         0x00813a66        0x2 
 .text.prvSdmmcCommand
                0x00813a68      0x234 lib/libboot_ex_sdmmc.a(quec_boot_sd.c.obj)
 .text.prvSdmmcWaitTransDone.constprop.11
                0x00813c9c       0x38 lib/libboot_ex_sdmmc.a(quec_boot_sd.c.obj)
 .text.quec_boot_sdmmc_read
                0x00813cd4       0xd0 lib/libboot_ex_sdmmc.a(quec_boot_sd.c.obj)
                0x00813cd4                quec_boot_sdmmc_read
 .text.quec_sdmmc_init_internal
                0x00813da4      0x3b4 lib/libboot_ex_sdmmc.a(quec_boot_sd.c.obj)
 .text.quec_boot_sdmmc_init
                0x00814158       0x7c lib/libboot_ex_sdmmc.a(quec_boot_sd.c.obj)
                0x00814158                quec_boot_sdmmc_init
 .rodata.quec_boot_sdmmc_init.str1.1
                0x008141d4       0x25 lib/libboot_ex_sdmmc.a(quec_boot_sd.c.obj)
 .rodata.quec_sdmmc_init_internal.str1.1
                0x008141f9       0x51 lib/libboot_ex_sdmmc.a(quec_boot_sd.c.obj)
 *fill*         0x0081424a        0x2 
 .text.quec_boot_sdmmc_switch_power
                0x0081424c       0x34 lib/libboot_ex_sdmmc.a(quec_boot_sdmmc.c.obj)
                0x0081424c                quec_boot_sdmmc_switch_power
 .text.quec_boot_set_sdmmc_power_level
                0x00814280       0x44 lib/libboot_ex_sdmmc.a(quec_boot_sdmmc.c.obj)
                0x00814280                quec_boot_set_sdmmc_power_level
 .text.ql_boot_set_power_domain
                0x008142c4       0xf0 lib/libboot_ex_spi6nor.a(quec_boot_pin_power_domain.c.obj)
                0x008142c4                ql_boot_set_power_domain
 .rodata.ql_boot_set_power_domain.str1.1
                0x008143b4       0x1d lib/libboot_ex_spi6nor.a(quec_boot_pin_power_domain.c.obj)
 *fill*         0x008143d1        0x3 
 .text.ql_set_spi6_ext_nor_flash_status
                0x008143d4        0xc lib/libboot_ex_spi6nor.a(quec_spi6_ext_norflash_cfg.c.obj)
                0x008143d4                ql_set_spi6_ext_nor_flash_status
 .text.ql_get_spi6_ext_nor_status
                0x008143e0        0xc lib/libboot_ex_spi6nor.a(quec_spi6_ext_norflash_cfg.c.obj)
                0x008143e0                ql_get_spi6_ext_nor_status
 .text.quec_set_spi6_ext_nor_flash_capacity
                0x008143ec       0x78 lib/libboot_ex_spi6nor.a(quec_spi6_ext_norflash_cfg.c.obj)
                0x008143ec                quec_set_spi6_ext_nor_flash_capacity
 .text.quec_spi6_ext_nor_flash_mount
                0x00814464       0x7c lib/libboot_ex_spi6nor.a(quec_spi6_ext_norflash_cfg.c.obj)
                0x00814464                quec_spi6_ext_nor_flash_mount
 .text.quec_boot_spi6_pin_init
                0x008144e0       0xe8 lib/libboot_ex_spi6nor.a(quec_spi6_ext_norflash_cfg.c.obj)
                0x008144e0                quec_boot_spi6_pin_init
 .text.quec_boot_spi6_ext_norflash_gpio_init
                0x008145c8        0xc lib/libboot_ex_spi6nor.a(quec_spi6_ext_norflash_cfg.c.obj)
                0x008145c8                quec_boot_spi6_ext_norflash_gpio_init
 .text.quec_boot_spi6_ext_norflash_init
                0x008145d4       0x38 lib/libboot_ex_spi6nor.a(quec_spi6_ext_norflash_cfg.c.obj)
                0x008145d4                quec_boot_spi6_ext_norflash_init
 .text.quec_boot_get_spi6_ext_norflash_gpio_default_fuction
                0x0081460c       0x5c lib/libboot_ex_spi6nor.a(quec_spi6_ext_norflash_cfg.c.obj)
                0x0081460c                quec_boot_get_spi6_ext_norflash_gpio_default_fuction
 .rodata.__FUNCTION__.48814
                0x00814668       0x25 lib/libboot_ex_spi6nor.a(quec_spi6_ext_norflash_cfg.c.obj)
 .rodata.__FUNCTION__.48826
                0x0081468d       0x1e lib/libboot_ex_spi6nor.a(quec_spi6_ext_norflash_cfg.c.obj)
 .rodata.__FUNCTION__.48905
                0x008146ab       0x21 lib/libboot_ex_spi6nor.a(quec_spi6_ext_norflash_cfg.c.obj)
 .rodata.quec_boot_spi6_ext_norflash_init.str1.1
                0x008146cc       0x27 lib/libboot_ex_spi6nor.a(quec_spi6_ext_norflash_cfg.c.obj)
 .rodata.quec_set_spi6_ext_nor_flash_capacity.str1.1
                0x008146f3       0x5c lib/libboot_ex_spi6nor.a(quec_spi6_ext_norflash_cfg.c.obj)
 .rodata.quec_spi6_ext_nor_flash_mount.str1.1
                0x0081474f       0x2f lib/libboot_ex_spi6nor.a(quec_spi6_ext_norflash_cfg.c.obj)
 *fill*         0x0081477e        0x2 
 .text.bootAdiBusInit
                0x00814780       0x28 lib/libbootloader.a(boot_adi_bus.c.obj)
                0x00814780                bootAdiBusInit
                0x00814780                halAdiBusInit
 .text.bootAdiBusRead
                0x008147a8       0x2c lib/libbootloader.a(boot_adi_bus.c.obj)
                0x008147a8                halAdiBusRead
                0x008147a8                bootAdiBusRead
 .text.bootAdiBusWrite
                0x008147d4       0x1c lib/libbootloader.a(boot_adi_bus.c.obj)
                0x008147d4                halAdiBusWrite
                0x008147d4                bootAdiBusWrite
 .text.quec_bootAdiBusBatchChange
                0x008147f0       0x50 lib/libbootloader.a(boot_adi_bus.c.obj)
                0x008147f0                quec_bootAdiBusBatchChange
 .text.bootAdiBusChange
                0x00814840        0x4 lib/libbootloader.a(boot_adi_bus.c.obj)
                0x00814840                halAdiBusChange
                0x00814840                bootAdiBusChange
 .rodata        0x00814844        0x4 lib/libbootloader.a(boot_adi_bus.c.obj)
 .text.bootDebuguartInit
                0x00814848       0x3c lib/libbootloader.a(boot_debuguart.c.obj)
                0x00814848                bootDebuguartInit
 .text.bootDebuguartWrite
                0x00814884       0x34 lib/libbootloader.a(boot_debuguart.c.obj)
                0x00814884                bootDebuguartWrite
 .text.bootDebuguartWriteAll
                0x008148b8       0x2e lib/libbootloader.a(boot_debuguart.c.obj)
                0x008148b8                bootDebuguartWriteAll
 .text.bootPanic
                0x008148e6        0x2 lib/libbootloader.a(boot_delay.c.obj)
                0x008148e6                osiPanic
                0x008148e6                bootPanic
 .text.bootElapsedTimerStart
                0x008148e8       0x10 lib/libbootloader.a(boot_delay.c.obj)
                0x008148e8                osiElapsedTimerStart
                0x008148e8                bootElapsedTimerStart
 .text.bootElapsedTimeUS
                0x008148f8       0x14 lib/libbootloader.a(boot_delay.c.obj)
                0x008148f8                bootElapsedTimeUS
                0x008148f8                osiElapsedTimeUS
 .text.bootIrqHandler
                0x0081490c       0x1c lib/libbootloader.a(boot_irq.c.obj)
                0x0081490c                bootIrqHandler
 .text.prvParamCount
                0x00814928       0x30 lib/libbootloader.a(boot_log.c.obj)
 .text.prvParamBuf
                0x00814958       0xc4 lib/libbootloader.a(boot_log.c.obj)
 .text.prvTraceIdBasic
                0x00814a1c       0x74 lib/libbootloader.a(boot_log.c.obj)
                0x00814a1c                prvTraceIdBasic
 .text.prvTraceIdEx
                0x00814a90       0x9c lib/libbootloader.a(boot_log.c.obj)
                0x00814a90                prvTraceIdEx
 .text.boot_osiTraceIdEx
                0x00814b2c       0x24 lib/libbootloader.a(boot_log.c.obj)
                0x00814b2c                osiTraceIdEx
                0x00814b2c                boot_osiTraceIdEx
 .text.boot_osiTraceVprintf
                0x00814b50      0x2a0 lib/libbootloader.a(boot_log.c.obj)
                0x00814b50                boot_osiTraceVprintf
                0x00814b50                osiTraceVprintf
 .text.boot_osiTracePrintf
                0x00814df0       0x24 lib/libbootloader.a(boot_log.c.obj)
                0x00814df0                osiTracePrintf
                0x00814df0                boot_osiTracePrintf
 .rodata.parbufsize.45828
                0x00814e14       0x18 lib/libbootloader.a(boot_log.c.obj)
 .rodata.parcount.45827
                0x00814e2c       0x18 lib/libbootloader.a(boot_log.c.obj)
 .rodata.prvParamBuf.str1.1
                0x00814e44        0x7 lib/libbootloader.a(boot_log.c.obj)
 *fill*         0x00814e4b        0x1 
 .text._heap_malloc
                0x00814e4c       0x38 lib/libbootloader.a(boot_mem.c.obj)
 .text._heap_calloc
                0x00814e84       0x26 lib/libbootloader.a(boot_mem.c.obj)
 .text._heap_free
                0x00814eaa       0x76 lib/libbootloader.a(boot_mem.c.obj)
 .text.bootHeapInit
                0x00814f20       0x48 lib/libbootloader.a(boot_mem.c.obj)
                0x00814f20                bootHeapInit
 .text.bootFree
                0x00814f68       0x38 lib/libbootloader.a(boot_mem.c.obj)
                0x00814f68                bootFree
 .text.bootHeapDefaultExtRam
                0x00814fa0       0x10 lib/libbootloader.a(boot_mem.c.obj)
                0x00814fa0                bootHeapDefaultExtRam
 .text.bootExtRamMalloc
                0x00814fb0        0xc lib/libbootloader.a(boot_mem.c.obj)
                0x00814fb0                bootExtRamMalloc
 .text.bootExtRamCalloc
                0x00814fbc       0x10 lib/libbootloader.a(boot_mem.c.obj)
                0x00814fbc                bootExtRamCalloc
 .text.malloc   0x00814fcc       0x10 lib/libbootloader.a(boot_mem.c.obj)
                0x00814fcc                malloc
 .text.calloc   0x00814fdc       0x10 lib/libbootloader.a(boot_mem.c.obj)
                0x00814fdc                calloc
 .text.free     0x00814fec        0x4 lib/libbootloader.a(boot_mem.c.obj)
                0x00814fec                free
 .text.bootMmuEnable
                0x00814ff0      0x214 lib/libbootloader.a(boot_mmu.c.obj)
                0x00814ff0                bootMmuEnable
 .text.osiMutexCreate
                0x00815204        0x4 lib/libbootloader.a(boot_override.c.obj)
                0x00815204                osiMutexCreate
 .text.osiMutexDelete
                0x00815208        0x2 lib/libbootloader.a(boot_override.c.obj)
                0x00815208                osiMutexDelete
 .text.osiMutexLock
                0x0081520a        0x2 lib/libbootloader.a(boot_override.c.obj)
                0x0081520a                osiMutexLock
 .text.osiMutexUnlock
                0x0081520c        0x2 lib/libbootloader.a(boot_override.c.obj)
                0x0081520c                osiMutexUnlock
 *fill*         0x0081520e        0x2 
 .text.bootReset
                0x00815210       0x48 lib/libbootloader.a(boot_platform_8910.c.obj)
                0x00815210                bootReset
 .text._psmPrepare
                0x00815258      0x144 lib/libbootloader.a(boot_platform_8910.c.obj)
                0x00815258                _psmPrepare
 .text.bootPowerOff
                0x0081539c       0x34 lib/libbootloader.a(boot_platform_8910.c.obj)
                0x0081539c                bootPowerOff
 .text.bootIsFromPsmSleep
                0x008153d0       0x3c lib/libbootloader.a(boot_platform_8910.c.obj)
                0x008153d0                bootIsFromPsmSleep
 .text.bootPowerOnCause
                0x0081540c       0x44 lib/libbootloader.a(boot_platform_8910.c.obj)
                0x0081540c                bootPowerOnCause
 .text.bootResetPinEnable
                0x00815450       0x44 lib/libbootloader.a(boot_platform_8910.c.obj)
                0x00815450                bootResetPinEnable
 .text.bootBlueScreen
                0x00815494        0xc lib/libbootloader.a(boot_platform_8910.c.obj)
                0x00815494                bootBlueScreen
 .text.prvRomHashInit
                0x008154a0       0x10 lib/libbootloader.a(boot_secure.c.obj)
 .text.prvRomHashUpdate
                0x008154b0        0xc lib/libbootloader.a(boot_secure.c.obj)
 .text.prvSecureInit
                0x008154bc       0x8c lib/libbootloader.a(boot_secure.c.obj)
 .text.prvEmbeddedSigCheck
                0x00815548      0x100 lib/libbootloader.a(boot_secure.c.obj)
 .text.bootSecureBootEnable
                0x00815648       0x28 lib/libbootloader.a(boot_secure.c.obj)
                0x00815648                bootSecureBootEnable
 .text.bootSecureUimageSigCheck
                0x00815670       0x22 lib/libbootloader.a(boot_secure.c.obj)
                0x00815670                bootSecureUimageSigCheck
 .rodata.prvEmbeddedSigCheck.str1.1
                0x00815692       0x10 lib/libbootloader.a(boot_secure.c.obj)
 .text.drvSpiFlashOpen
                0x008156a2        0x4 lib/libbootloader.a(boot_sffs_port.c.obj)
                0x008156a2                drvSpiFlashOpen
 .text.drvSpiFlashMapAddress
                0x008156a6        0x4 lib/libbootloader.a(boot_sffs_port.c.obj)
                0x008156a6                drvSpiFlashMapAddress
 .text.drvSpiFlashWrite
                0x008156aa        0x4 lib/libbootloader.a(boot_sffs_port.c.obj)
                0x008156aa                drvSpiFlashWrite
 .text.drvSpiFlashErase
                0x008156ae        0x4 lib/libbootloader.a(boot_sffs_port.c.obj)
                0x008156ae                drvSpiFlashErase
 .text.prvErase
                0x008156b2       0x1e lib/libbootloader.a(boot_spi_flash.c.obj)
 .text.bootSpiFlashOpen
                0x008156d0       0x64 lib/libbootloader.a(boot_spi_flash.c.obj)
                0x008156d0                bootSpiFlashOpen
 .text.bootSpiFlashSetRangeWriteProhibit
                0x00815734       0x38 lib/libbootloader.a(boot_spi_flash.c.obj)
                0x00815734                bootSpiFlashSetRangeWriteProhibit
 .text.bootSpiFlashMapAddress
                0x0081576c        0x6 lib/libbootloader.a(boot_spi_flash.c.obj)
                0x0081576c                bootSpiFlashMapAddress
 .text.bootSpiFlashWriteNoWait
                0x00815772       0x72 lib/libbootloader.a(boot_spi_flash.c.obj)
                0x00815772                bootSpiFlashWriteNoWait
 .text.bootSpiFlashEraseNoWait
                0x008157e4       0xd6 lib/libbootloader.a(boot_spi_flash.c.obj)
                0x008157e4                bootSpiFlashEraseNoWait
 .text.bootSpiFlashErase
                0x008158ba       0x3c lib/libbootloader.a(boot_spi_flash.c.obj)
                0x008158ba                bootSpiFlashErase
 .text.bootSpiFlashWrite
                0x008158f6       0x46 lib/libbootloader.a(boot_spi_flash.c.obj)
                0x008158f6                bootSpiFlashWrite
 .rodata.bootSpiFlashOpen.str1.1
                0x0081593c       0x20 lib/libbootloader.a(boot_spi_flash.c.obj)
 .text.bootTimerISR
                0x0081595c       0x1c lib/libbootloader.a(boot_timer.c.obj)
                0x0081595c                bootTimerISR
 .text.bootTraceInit
                0x00815978       0x18 lib/libbootloader.a(boot_trace.c.obj)
                0x00815978                bootTraceInit
 .text.bootTraceBufPut
                0x00815990        0xa lib/libbootloader.a(boot_trace.c.obj)
                0x00815990                bootTraceBufPut
                0x00815990                osiTraceBufPut
 .text.bootTraceBufPutMulti
                0x0081599a       0x22 lib/libbootloader.a(boot_trace.c.obj)
                0x0081599a                bootTraceBufPutMulti
                0x0081599a                osiTraceBufPutMulti
 .text._getFileByFd
                0x008159bc       0x34 lib/libbootloader.a(boot_vfs.c.obj)
 .text._getFileByPath
                0x008159f0       0x70 lib/libbootloader.a(boot_vfs.c.obj)
 .text.quec_boot_jump_kernel
                0x00815a60       0x38 lib/libbootloader.a(boot_vfs.c.obj)
                0x00815a60                quec_boot_jump_kernel
 .text.bootVfsMount
                0x00815a98       0x6c lib/libbootloader.a(boot_vfs.c.obj)
                0x00815a98                bootVfsMount
 .text.bootVfsMountHandle
                0x00815b04       0x34 lib/libbootloader.a(boot_vfs.c.obj)
                0x00815b04                vfs_mount_handle
                0x00815b04                bootVfsMountHandle
 .text.bootVfsOpen
                0x00815b38       0x64 lib/libbootloader.a(boot_vfs.c.obj)
                0x00815b38                vfs_open
                0x00815b38                bootVfsOpen
 .text.bootVfsRead
                0x00815b9c       0x36 lib/libbootloader.a(boot_vfs.c.obj)
                0x00815b9c                vfs_read
                0x00815b9c                bootVfsRead
 .text.bootVfsLseek
                0x00815bd2       0x2e lib/libbootloader.a(boot_vfs.c.obj)
                0x00815bd2                vfs_lseek
                0x00815bd2                bootVfsLseek
 .text.bootVfsClose
                0x00815c00       0x30 lib/libbootloader.a(boot_vfs.c.obj)
                0x00815c00                vfs_close
                0x00815c00                bootVfsClose
 .text.bootVfsUnlink
                0x00815c30       0x32 lib/libbootloader.a(boot_vfs.c.obj)
                0x00815c30                bootVfsUnlink
                0x00815c30                vfs_unlink
 .text.bootVfsFileRead
                0x00815c62       0x2a lib/libbootloader.a(boot_vfs.c.obj)
                0x00815c62                vfs_sfile_read
                0x00815c62                vfs_file_read
                0x00815c62                bootVfsFileRead
 .text.bootVfsSfileWrite
                0x00815c8c       0x38 lib/libbootloader.a(boot_vfs.c.obj)
                0x00815c8c                vfs_sfile_write
                0x00815c8c                bootVfsSfileWrite
 .text.quec_boot_fota_force_finish
                0x00815cc4       0x50 lib/libbootloader.a(boot_vfs.c.obj)
                0x00815cc4                quec_boot_fota_force_finish
 .text.bootVfsFstat
                0x00815d14       0x36 lib/libbootloader.a(boot_vfs.c.obj)
                0x00815d14                vfs_fstat
                0x00815d14                bootVfsFstat
 .text.bootVfsFileSize
                0x00815d4a       0x42 lib/libbootloader.a(boot_vfs.c.obj)
                0x00815d4a                vfs_file_size
                0x00815d4a                bootVfsFileSize
                0x00815d4a                vfs_sfile_size
 .text.bootVfsSfileInit
                0x00815d8c        0xa lib/libbootloader.a(boot_vfs.c.obj)
                0x00815d8c                bootVfsSfileInit
                0x00815d8c                vfs_sfile_init
 .text.bootVfsMkFilePath
                0x00815d96       0x70 lib/libbootloader.a(boot_vfs.c.obj)
                0x00815d96                vfs_mkfilepath
                0x00815d96                bootVfsMkFilePath
 .text.bootSffsMount
                0x00815e06       0x3e lib/libbootloader.a(boot_vfs.c.obj)
                0x00815e06                bootSffsMount
                0x00815e06                sffsVfsMount
 .text.bootSffsMkfs
                0x00815e44        0xa lib/libbootloader.a(boot_vfs.c.obj)
                0x00815e44                sffsVfsMkfs
                0x00815e44                bootSffsMkfs
 .rodata.__FUNCTION__.8913
                0x00815e4e       0x1c lib/libbootloader.a(boot_vfs.c.obj)
 .rodata.__FUNCTION__.8965
                0x00815e6a        0xc lib/libbootloader.a(boot_vfs.c.obj)
 .rodata.bootVfsOpen.str1.1
                0x00815e76       0x10 lib/libbootloader.a(boot_vfs.c.obj)
 .rodata.quec_boot_fota_force_finish.str1.1
                0x00815e86       0x1d lib/libbootloader.a(boot_vfs.c.obj)
 *fill*         0x00815ea3        0x1 
 .text.read_int
                0x00815ea4       0x22 lib/libcalclib.a(decompress_unlzma.c.obj)
 .text.noerror  0x00815ec6        0x2 lib/libcalclib.a(decompress_unlzma.c.obj)
 .text.nofill   0x00815ec8        0x6 lib/libcalclib.a(decompress_unlzma.c.obj)
 *fill*         0x00815ece        0x2 
 .text.rc_read  0x00815ed0       0x2c lib/libcalclib.a(decompress_unlzma.c.obj)
 .text.rc_do_normalize
                0x00815efc       0x28 lib/libcalclib.a(decompress_unlzma.c.obj)
 .text.rc_update_bit_0
                0x00815f24       0x12 lib/libcalclib.a(decompress_unlzma.c.obj)
 .text.rc_update_bit_1
                0x00815f36       0x1a lib/libcalclib.a(decompress_unlzma.c.obj)
 .text.write_byte
                0x00815f50       0x8c lib/libcalclib.a(decompress_unlzma.c.obj)
 .text.peek_old_byte
                0x00815fdc       0x38 lib/libcalclib.a(decompress_unlzma.c.obj)
 .text.rc_is_bit_0
                0x00816014       0x28 lib/libcalclib.a(decompress_unlzma.c.obj)
 .text.rc_get_bit
                0x0081603c       0x32 lib/libcalclib.a(decompress_unlzma.c.obj)
 *fill*         0x0081606e        0x2 
 .text.lzmaDecompress
                0x00816070      0x660 lib/libcalclib.a(decompress_unlzma.c.obj)
                0x00816070                lzmaDecompress
 .text.lzmaDecompressProbe
                0x008166d0       0x88 lib/libcalclib.a(decompress_unlzma.c.obj)
                0x008166d0                lzmaDecompressProbe
 .text.lzmaDecompressMem
                0x00816758       0x1e lib/libcalclib.a(decompress_unlzma.c.obj)
                0x00816758                lzmaDecompressMem
 .rodata.lzmaDecompress.str1.1
                0x00816776       0x40 lib/libcalclib.a(decompress_unlzma.c.obj)
 .rodata.rc_read.str1.1
                0x008167b6        0xf lib/libcalclib.a(decompress_unlzma.c.obj)
 *fill*         0x008167c5        0x3 
 .text          0x008167c8      0x160 lib/libfs_partinfo.a(partinfo.bin.S.obj)
                0x008167c8                gPartInfo
 .text.quec_fs_part_info_init
                0x00816928       0x10 lib/libfs_partinfo.a(ql_fs_part_info.c.obj)
                0x00816928                quec_fs_part_info_init
 .text.prvFlagIgnored
                0x00816938       0x20 lib/libfsmount.a(fs_mount.c.obj)
 .text.prvRegisterBlockDevice
                0x00816958       0x44 lib/libfsmount.a(fs_mount.c.obj)
 .text.fsFindBlockDeviceByName
                0x0081699c       0x18 lib/libfsmount.a(fs_mount.c.obj)
                0x0081699c                fsFindBlockDeviceByName
 .text.prvCreateSubpart
                0x008169b4       0x64 lib/libfsmount.a(fs_mount.c.obj)
 .text.prvMountSffs
                0x00816a18       0xb4 lib/libfsmount.a(fs_mount.c.obj)
                0x00816a18                prvMountSffs
 .text.prvCreateFbdev2
                0x00816acc       0xc0 lib/libfsmount.a(fs_mount.c.obj)
                0x00816acc                prvCreateFbdev2
 .text.fsMountSetScenario
                0x00816b8c       0x14 lib/libfsmount.a(fs_mount.c.obj)
                0x00816b8c                fsMountSetScenario
 .text.fsMountAll
                0x00816ba0      0x148 lib/libfsmount.a(fs_mount.c.obj)
                0x00816ba0                fsMountAll
 .rodata.prvCreateFbdev2.str1.1
                0x00816ce8       0x1d lib/libfsmount.a(fs_mount.c.obj)
 *fill*         0x00816d05        0x1 
 .text.prvProgressNone
                0x00816d06        0x2 lib/libfupdate_core.a(fupdate_bootloader.c.obj)
 .text._bulkBlockedFileAllocMem
                0x00816d08       0x50 lib/libfupdate_core.a(fupdate_bootloader.c.obj)
 .text._decompressBundle
                0x00816d58       0x94 lib/libfupdate_core.a(fupdate_bootloader.c.obj)
 .text._decompBlockedFile
                0x00816dec       0x54 lib/libfupdate_core.a(fupdate_bootloader.c.obj)
 .text._fileWriteAndCheck
                0x00816e40       0x34 lib/libfupdate_core.a(fupdate_bootloader.c.obj)
 .text.fupdateGetUpdatingType
                0x00816e74       0x18 lib/libfupdate_core.a(fupdate_bootloader.c.obj)
                0x00816e74                fupdateGetUpdatingType
 .text.fupdateGetFlashUpdatingContent
                0x00816e8c       0x28 lib/libfupdate_core.a(fupdate_bootloader.c.obj)
                0x00816e8c                fupdateGetFlashUpdatingContent
 .text.fupdateRunV2
                0x00816eb4      0xd54 lib/libfupdate_core.a(fupdate_bootloader.c.obj)
                0x00816eb4                fupdateRunV2
 .rodata.fupdateRunV2.str1.1
                0x00817c08        0x9 lib/libfupdate_core.a(fupdate_bootloader.c.obj)
 *fill*         0x00817c11        0x1 
 .text._updateFileCrc
                0x00817c12       0x3c lib/libfupdate_core.a(fupdate_common.c.obj)
 *fill*         0x00817c4e        0x2 
 .text.fupdateBlockedFname
                0x00817c50       0x60 lib/libfupdate_core.a(fupdate_common.c.obj)
                0x00817c50                fupdateBlockedFname
 .text.fupdateCheckFileSizeCrc
                0x00817cb0       0x6c lib/libfupdate_core.a(fupdate_common.c.obj)
                0x00817cb0                fupdateCheckFileSizeCrc
 .text.fupdateCheckPlainFileSizeCrc
                0x00817d1c       0x54 lib/libfupdate_core.a(fupdate_common.c.obj)
                0x00817d1c                fupdateCheckPlainFileSizeCrc
 .text.fupdateCheckBlockedFileSizeCrc
                0x00817d70       0x92 lib/libfupdate_core.a(fupdate_common.c.obj)
                0x00817d70                fupdateCheckBlockedFileSizeCrc
 *fill*         0x00817e02        0x2 
 .text.fupdateReadContext
                0x00817e04       0x1c lib/libfupdate_core.a(fupdate_common.c.obj)
                0x00817e04                fupdateReadContext
 .text.fupdateWriteContext
                0x00817e20       0x1c lib/libfupdate_core.a(fupdate_common.c.obj)
                0x00817e20                fupdateWriteContext
 .text.fupdateParseBulk
                0x00817e3c      0x178 lib/libfupdate_core.a(fupdate_common.c.obj)
                0x00817e3c                fupdateParseBulk
 .text.fupdateParsePack
                0x00817fb4       0x5e lib/libfupdate_core.a(fupdate_common.c.obj)
                0x00817fb4                fupdateParsePack
 .text.fupdateParseBundle
                0x00818012       0x12 lib/libfupdate_core.a(fupdate_common.c.obj)
                0x00818012                fupdateParseBundle
 .text.fupdateParseBundleData
                0x00818024       0x6a lib/libfupdate_core.a(fupdate_common.c.obj)
                0x00818024                fupdateParseBundleData
 .text.fupdateParseBlock
                0x0081808e       0x18 lib/libfupdate_core.a(fupdate_common.c.obj)
                0x0081808e                fupdateParseBlock
 .text.fupdateParseBlockSize
                0x008180a6       0x24 lib/libfupdate_core.a(fupdate_common.c.obj)
                0x008180a6                fupdateParseBlockSize
 .text.fupdateParsePiece
                0x008180ca       0x18 lib/libfupdate_core.a(fupdate_common.c.obj)
                0x008180ca                fupdateParsePiece
 .rodata.str1.1
                0x008180e2       0x30 lib/libfupdate_core.a(fupdate_common.c.obj)
 .text.osiDCacheClean
                0x00818112       0x1c lib/libhal.a(hal_chip_8910.c.obj)
                0x00818112                osiDCacheClean
 .text.osiDCacheInvalidate
                0x0081812e       0x18 lib/libhal.a(hal_chip_8910.c.obj)
                0x0081812e                osiDCacheInvalidate
 .text.osiDCacheCleanInvalidateAll
                0x00818146       0xac lib/libhal.a(hal_chip_8910.c.obj)
                0x00818146                osiDCacheCleanInvalidateAll
 *fill*         0x008181f2        0x2 
 .text.halSaveBlueScreenReg
                0x008181f4      0x210 lib/libhal.a(hal_chip_armv7a.c.obj)
                0x008181f4                halSaveBlueScreenReg
 .text.prvRamPhyPadCfg
                0x00818404       0xb4 lib/libhal.a(hal_clock_init.c.obj)
 .text.prvRamDmcCfg
                0x008184b8       0xbc lib/libhal.a(hal_clock_init.c.obj)
 .text.prvDelayUS
                0x00818574       0x14 lib/libhal.a(hal_clock_init.c.obj)
 .text._dmc400QosConfig
                0x00818588      0x164 lib/libhal.a(hal_clock_init.c.obj)
 .text.halPsramPllTrainAds0
                0x008186ec       0x3c lib/libhal.a(hal_clock_init.c.obj)
 .text.halPsramPllTrainAds1
                0x00818728       0x3c lib/libhal.a(hal_clock_init.c.obj)
 .text.halWriteDllTrain
                0x00818764       0x40 lib/libhal.a(hal_clock_init.c.obj)
 .text.halRamInit
                0x008187a4       0xb8 lib/libhal.a(hal_clock_init.c.obj)
                0x008187a4                halRamInit
 .text.halClockInit
                0x0081885c      0x23c lib/libhal.a(hal_clock_init.c.obj)
                0x0081885c                halClockInit
 .rodata        0x00818a98        0x8 lib/libhal.a(hal_clock_init.c.obj)
 .text.prvEfuseSetDouble
                0x00818aa0       0x10 lib/libhal.a(hal_efuse_8910.c.obj)
 .text.halEfuseOpen
                0x00818ab0       0x60 lib/libhal.a(hal_efuse_8910.c.obj)
                0x00818ab0                halEfuseOpen
 .text.halEfuseClose
                0x00818b10       0x48 lib/libhal.a(hal_efuse_8910.c.obj)
                0x00818b10                halEfuseClose
 .text.halEfuseDoubleRead
                0x00818b58       0x3c lib/libhal.a(hal_efuse_8910.c.obj)
                0x00818b58                halEfuseDoubleRead
 .text.halHwspinlockAcquire
                0x00818b94       0x38 lib/libhal.a(hal_hwspinlock.c.obj)
                0x00818b94                halHwspinlockAcquire
 .text.halHwspinlockRelease
                0x00818bcc       0x14 lib/libhal.a(hal_hwspinlock.c.obj)
                0x00818bcc                halHwspinlockRelease
 .text.halHwspinlockReleaseInCritical
                0x00818be0       0x14 lib/libhal.a(hal_hwspinlock.c.obj)
                0x00818be0                halHwspinlockReleaseInCritical
 .text.halLzmaDataSize
                0x00818bf4        0xc lib/libhal.a(hal_lzma.c.obj)
                0x00818bf4                halLzmaDataSize
 .text.halLzmaReset
                0x00818c00       0x30 lib/libhal.a(hal_lzma.c.obj)
                0x00818c00                halLzmaReset
 .text.halLzmaEnable
                0x00818c30       0x18 lib/libhal.a(hal_lzma.c.obj)
                0x00818c30                halLzmaEnable
 .text.halLzmaDisable
                0x00818c48       0x18 lib/libhal.a(hal_lzma.c.obj)
                0x00818c48                halLzmaDisable
 .text.halLzmaDecompressBlock
                0x00818c60       0xd0 lib/libhal.a(hal_lzma.c.obj)
                0x00818c60                halLzmaDecompressBlock
 .text.halLzmaDecompressFile
                0x00818d30       0xc0 lib/libhal.a(hal_lzma.c.obj)
                0x00818d30                halLzmaDecompressFile
 .text.halPmuExtFlashPowerOn
                0x00818df0       0x54 lib/libhal.a(hal_pmu_8910.c.obj)
                0x00818df0                halPmuExtFlashPowerOn
 .rodata.str1.1
                0x00818e44       0x19 lib/libhal.a(hal_spi_flash.c.obj)
 *fill*         0x00818e5d        0x3 
 .text.quec_spi_flash_props_init
                0x00818e60       0x20 lib/libhal_prop.a(ql_hal_spi_flash_prop.c.obj)
                0x00818e60                quec_spi_flash_props_init
 .text.quec_mipi_lcd_clk_set
                0x00818e80       0x14 lib/libhal_prop.a(ql_hal_spi_flash_prop.c.obj)
                0x00818e80                quec_mipi_lcd_clk_set
 .text.MatchFinder_GetPointerToCurrentPos
                0x00818e94        0x4 lib/libsffs_core.a(LzFind.c.obj)
                0x00818e94                MatchFinder_GetPointerToCurrentPos
 .text.MatchFinder_GetIndexByte
                0x00818e98        0x6 lib/libsffs_core.a(LzFind.c.obj)
                0x00818e98                MatchFinder_GetIndexByte
 .text.MatchFinder_GetNumAvailableBytes
                0x00818e9e        0x8 lib/libsffs_core.a(LzFind.c.obj)
                0x00818e9e                MatchFinder_GetNumAvailableBytes
 .text.MatchFinder_SetLimits
                0x00818ea6       0x3c lib/libsffs_core.a(LzFind.c.obj)
 .text.Hc_GetMatchesSpec
                0x00818ee2       0x8a lib/libsffs_core.a(LzFind.c.obj)
 .text.SkipMatchesSpec
                0x00818f6c       0xa0 lib/libsffs_core.a(LzFind.c.obj)
 .text.MatchFinder_ReadBlock
                0x0081900c       0x6a lib/libsffs_core.a(LzFind.c.obj)
 .text.MatchFinder_Init
                0x00819076       0x38 lib/libsffs_core.a(LzFind.c.obj)
                0x00819076                MatchFinder_Init
 .text.MatchFinder_ReduceOffsets
                0x008190ae       0x14 lib/libsffs_core.a(LzFind.c.obj)
                0x008190ae                MatchFinder_ReduceOffsets
 .text.MatchFinder_MoveBlock
                0x008190c2       0x22 lib/libsffs_core.a(LzFind.c.obj)
                0x008190c2                MatchFinder_MoveBlock
 .text.MatchFinder_NeedMove
                0x008190e4       0x1e lib/libsffs_core.a(LzFind.c.obj)
                0x008190e4                MatchFinder_NeedMove
 *fill*         0x00819102        0x2 
 .text.MatchFinder_Construct
                0x00819104       0x40 lib/libsffs_core.a(LzFind.c.obj)
                0x00819104                MatchFinder_Construct
 .text.MatchFinder_Free
                0x00819144       0x22 lib/libsffs_core.a(LzFind.c.obj)
                0x00819144                MatchFinder_Free
 *fill*         0x00819166        0x2 
 .text.MatchFinder_Create
                0x00819168      0x128 lib/libsffs_core.a(LzFind.c.obj)
                0x00819168                MatchFinder_Create
 .text.MatchFinder_Normalize3
                0x00819290       0x1a lib/libsffs_core.a(LzFind.c.obj)
                0x00819290                MatchFinder_Normalize3
 .text.MatchFinder_CheckLimits
                0x008192aa       0x6a lib/libsffs_core.a(LzFind.c.obj)
 .text.MatchFinder_MovePos
                0x00819314       0x1e lib/libsffs_core.a(LzFind.c.obj)
 .text.Bt4_MatchFinder_Skip
                0x00819332       0xa2 lib/libsffs_core.a(LzFind.c.obj)
 .text.Bt3_MatchFinder_Skip
                0x008193d4       0x86 lib/libsffs_core.a(LzFind.c.obj)
 .text.Bt2_MatchFinder_Skip
                0x0081945a       0x68 lib/libsffs_core.a(LzFind.c.obj)
 .text.Hc4_MatchFinder_Skip
                0x008194c2       0x8a lib/libsffs_core.a(LzFind.c.obj)
 .text.Hc4_MatchFinder_GetMatches
                0x0081954c      0x146 lib/libsffs_core.a(LzFind.c.obj)
 .text.GetMatchesSpec1
                0x00819692       0xfa lib/libsffs_core.a(LzFind.c.obj)
                0x00819692                GetMatchesSpec1
 .text.Bt4_MatchFinder_GetMatches
                0x0081978c      0x156 lib/libsffs_core.a(LzFind.c.obj)
 .text.Bt3_MatchFinder_GetMatches
                0x008198e2      0x10c lib/libsffs_core.a(LzFind.c.obj)
 .text.Bt2_MatchFinder_GetMatches
                0x008199ee       0x74 lib/libsffs_core.a(LzFind.c.obj)
 *fill*         0x00819a62        0x2 
 .text.MatchFinder_CreateVTable
                0x00819a64       0x70 lib/libsffs_core.a(LzFind.c.obj)
                0x00819a64                MatchFinder_CreateVTable
 .text.RangeEnc_FlushStream
                0x00819ad4       0x32 lib/libsffs_core.a(LzmaEnc.c.obj)
 .text.RangeEnc_ShiftLow
                0x00819b06       0x66 lib/libsffs_core.a(LzmaEnc.c.obj)
 .text.RangeEnc_EncodeDirectBits
                0x00819b6c       0x44 lib/libsffs_core.a(LzmaEnc.c.obj)
 .text.RangeEnc_EncodeBit
                0x00819bb0       0x4e lib/libsffs_core.a(LzmaEnc.c.obj)
 .text.LitEnc_Encode
                0x00819bfe       0x24 lib/libsffs_core.a(LzmaEnc.c.obj)
 .text.LitEnc_GetPrice
                0x00819c22       0x2c lib/libsffs_core.a(LzmaEnc.c.obj)
 .text.LitEnc_GetPriceMatched
                0x00819c4e       0x42 lib/libsffs_core.a(LzmaEnc.c.obj)
 .text.RcTree_Encode
                0x00819c90       0x30 lib/libsffs_core.a(LzmaEnc.c.obj)
 .text.RcTree_ReverseEncode
                0x00819cc0       0x32 lib/libsffs_core.a(LzmaEnc.c.obj)
 .text.RcTree_GetPrice
                0x00819cf2       0x2e lib/libsffs_core.a(LzmaEnc.c.obj)
 .text.RcTree_ReverseGetPrice
                0x00819d20       0x2e lib/libsffs_core.a(LzmaEnc.c.obj)
 .text.LenEnc_Init
                0x00819d4e       0x3a lib/libsffs_core.a(LzmaEnc.c.obj)
 .text.LenEnc_SetPrices
                0x00819d88       0xb2 lib/libsffs_core.a(LzmaEnc.c.obj)
 .text.MovePos  0x00819e3a       0x22 lib/libsffs_core.a(LzmaEnc.c.obj)
 .text.ReadMatchDistances
                0x00819e5c       0x88 lib/libsffs_core.a(LzmaEnc.c.obj)
 .text.FillAlignPrices
                0x00819ee4       0x3a lib/libsffs_core.a(LzmaEnc.c.obj)
 .text.FillDistancesPrices
                0x00819f1e      0x110 lib/libsffs_core.a(LzmaEnc.c.obj)
 .text.MyWrite  0x0081a02e       0x2c lib/libsffs_core.a(LzmaEnc.c.obj)
 .text.LenEnc_Encode2
                0x0081a05a       0xa4 lib/libsffs_core.a(LzmaEnc.c.obj)
 .text.GetPureRepPrice
                0x0081a0fe       0x7a lib/libsffs_core.a(LzmaEnc.c.obj)
 .text.Flush    0x0081a178      0x114 lib/libsffs_core.a(LzmaEnc.c.obj)
 .text.CheckErrors
                0x0081a28c       0x32 lib/libsffs_core.a(LzmaEnc.c.obj)
 *fill*         0x0081a2be        0x2 
 .text.LzmaEnc_CodeOneBlock
                0x0081a2c0     0x1674 lib/libsffs_core.a(LzmaEnc.c.obj)
 .text.LzmaEnc_Encode2
                0x0081b934       0x60 lib/libsffs_core.a(LzmaEnc.c.obj)
 .text.LzmaEncProps_Init
                0x0081b994       0x22 lib/libsffs_core.a(LzmaEnc.c.obj)
                0x0081b994                LzmaEncProps_Init
 .text.LzmaEncProps_Normalize
                0x0081b9b6       0xa4 lib/libsffs_core.a(LzmaEnc.c.obj)
                0x0081b9b6                LzmaEncProps_Normalize
 .text.LzmaEnc_FastPosInit
                0x0081ba5a       0x32 lib/libsffs_core.a(LzmaEnc.c.obj)
                0x0081ba5a                LzmaEnc_FastPosInit
 .text.LzmaEnc_SetProps
                0x0081ba8c       0xa8 lib/libsffs_core.a(LzmaEnc.c.obj)
                0x0081ba8c                LzmaEnc_SetProps
 .text.LzmaEnc_InitPriceTables
                0x0081bb34       0x32 lib/libsffs_core.a(LzmaEnc.c.obj)
                0x0081bb34                LzmaEnc_InitPriceTables
 .text.LzmaEnc_Construct
                0x0081bb66       0x48 lib/libsffs_core.a(LzmaEnc.c.obj)
                0x0081bb66                LzmaEnc_Construct
 *fill*         0x0081bbae        0x2 
 .text.LzmaEnc_Create
                0x0081bbb0       0x18 lib/libsffs_core.a(LzmaEnc.c.obj)
                0x0081bbb0                LzmaEnc_Create
 .text.LzmaEnc_FreeLits
                0x0081bbc8       0x2e lib/libsffs_core.a(LzmaEnc.c.obj)
                0x0081bbc8                LzmaEnc_FreeLits
 .text.LzmaEnc_Destruct
                0x0081bbf6       0x2c lib/libsffs_core.a(LzmaEnc.c.obj)
                0x0081bbf6                LzmaEnc_Destruct
 .text.LzmaEnc_Destroy
                0x0081bc22       0x16 lib/libsffs_core.a(LzmaEnc.c.obj)
                0x0081bc22                LzmaEnc_Destroy
 .text.LzmaEnc_Init
                0x0081bc38      0x122 lib/libsffs_core.a(LzmaEnc.c.obj)
                0x0081bc38                LzmaEnc_Init
 .text.LzmaEnc_InitPrices
                0x0081bd5a       0xd8 lib/libsffs_core.a(LzmaEnc.c.obj)
                0x0081bd5a                LzmaEnc_InitPrices
 .text.LzmaEnc_AllocAndInit
                0x0081be32      0x11e lib/libsffs_core.a(LzmaEnc.c.obj)
 .text.LzmaEnc_WriteProperties
                0x0081bf50       0x6a lib/libsffs_core.a(LzmaEnc.c.obj)
                0x0081bf50                LzmaEnc_WriteProperties
 *fill*         0x0081bfba        0x2 
 .text.LzmaEnc_MemEncode
                0x0081bfbc       0x5c lib/libsffs_core.a(LzmaEnc.c.obj)
                0x0081bfbc                LzmaEnc_MemEncode
 .text.LzmaEncode
                0x0081c018       0x6e lib/libsffs_core.a(LzmaEnc.c.obj)
                0x0081c018                LzmaEncode
 *fill*         0x0081c086        0x2 
 .rodata.kLiteralNextStates
                0x0081c088       0x30 lib/libsffs_core.a(LzmaEnc.c.obj)
 .rodata.kMatchNextStates
                0x0081c0b8       0x30 lib/libsffs_core.a(LzmaEnc.c.obj)
 .rodata.kRepNextStates
                0x0081c0e8       0x30 lib/libsffs_core.a(LzmaEnc.c.obj)
 .rodata.kShortRepNextStates
                0x0081c118       0x30 lib/libsffs_core.a(LzmaEnc.c.obj)
 .text.SzFree   0x0081c148        0x6 lib/libsffs_core.a(lzmar.c.obj)
 .text.SzAlloc  0x0081c14e        0x6 lib/libsffs_core.a(lzmar.c.obj)
 .text._encodeBlock
                0x0081c154       0x64 lib/libsffs_core.a(lzmar.c.obj)
 .text.lzmarCompress
                0x0081c1b8       0xc6 lib/libsffs_core.a(lzmar.c.obj)
                0x0081c1b8                lzmarCompress
 *fill*         0x0081c27e        0x2 
 .text._cacheDataIsRootDir
                0x0081c280       0x1c lib/libsffs_core.a(sffs.c.obj)
 .text._cacheSetDirty
                0x0081c29c       0x38 lib/libsffs_core.a(sffs.c.obj)
 .text._pathFileName
                0x0081c2d4       0x12 lib/libsffs_core.a(sffs.c.obj)
 .text._blockAllocFree
                0x0081c2e6       0x5c lib/libsffs_core.a(sffs.c.obj)
 .text._blockIsFree.isra.12
                0x0081c342       0x1a lib/libsffs_core.a(sffs.c.obj)
 .text._blockSetUsed
                0x0081c35c       0x2e lib/libsffs_core.a(sffs.c.obj)
 .text._blockSetFree
                0x0081c38a       0x30 lib/libsffs_core.a(sffs.c.obj)
 .text._isNodeOpened
                0x0081c3ba       0x24 lib/libsffs_core.a(sffs.c.obj)
 .text._getFileFromFd.isra.14
                0x0081c3de        0xe lib/libsffs_core.a(sffs.c.obj)
 .text._cacheFindNotBusyByState.isra.20
                0x0081c3ec       0x14 lib/libsffs_core.a(sffs.c.obj)
 .text._cacheFlush
                0x0081c400       0x2a lib/libsffs_core.a(sffs.c.obj)
 .text._cacheFlushAll
                0x0081c42a       0x1a lib/libsffs_core.a(sffs.c.obj)
 .text._cacheAllocForNode
                0x0081c444       0xe0 lib/libsffs_core.a(sffs.c.obj)
 .text._cacheAllocWithData
                0x0081c524        0x6 lib/libsffs_core.a(sffs.c.obj)
 *fill*         0x0081c52a        0x2 
 .text._fileGetDataNode
                0x0081c52c       0x94 lib/libsffs_core.a(sffs.c.obj)
 .text._cacheAllocForWrite
                0x0081c5c0        0x6 lib/libsffs_core.a(sffs.c.obj)
 *fill*         0x0081c5c6        0x2 
 .text._allocTablBlock
                0x0081c5c8       0x3c lib/libsffs_core.a(sffs.c.obj)
 .text._fileWriteAll
                0x0081c604      0x1ac lib/libsffs_core.a(sffs.c.obj)
 .text._dirRemoveChildNode
                0x0081c7b0       0x58 lib/libsffs_core.a(sffs.c.obj)
 .text._dirAddChildNodeIfNotExist
                0x0081c808       0x66 lib/libsffs_core.a(sffs.c.obj)
 .text.prvFileWriteAllNotExit
                0x0081c86e       0x3e lib/libsffs_core.a(sffs.c.obj)
 .text.prvIsRootDirFull
                0x0081c8ac       0x42 lib/libsffs_core.a(sffs.c.obj)
 *fill*         0x0081c8ee        0x2 
 .text._blockScanDir
                0x0081c8f0      0x214 lib/libsffs_core.a(sffs.c.obj)
 .text._findByPathInParent
                0x0081cb04       0x98 lib/libsffs_core.a(sffs.c.obj)
 .text._findByPath
                0x0081cb9c       0x4c lib/libsffs_core.a(sffs.c.obj)
 .text._findParentByPath
                0x0081cbe8       0x40 lib/libsffs_core.a(sffs.c.obj)
 .text._removeNode
                0x0081cc28       0x3c lib/libsffs_core.a(sffs.c.obj)
 .text._removeMultiTabl
                0x0081cc64       0x70 lib/libsffs_core.a(sffs.c.obj)
 .text._fileDecreaseSize
                0x0081ccd4      0x2ec lib/libsffs_core.a(sffs.c.obj)
 .text._moveNodeRecovery
                0x0081cfc0      0x124 lib/libsffs_core.a(sffs.c.obj)
 .text._scanMoveRecovery
                0x0081d0e4       0x98 lib/libsffs_core.a(sffs.c.obj)
 .text.sffsFileBlockNeeded
                0x0081d17c       0x4c lib/libsffs_core.a(sffs.c.obj)
                0x0081d17c                sffsFileBlockNeeded
 .text.sffsMount
                0x0081d1c8      0x1fc lib/libsffs_core.a(sffs.c.obj)
                0x0081d1c8                sffsMount
 .text.sffsUnmount
                0x0081d3c4       0x14 lib/libsffs_core.a(sffs.c.obj)
                0x0081d3c4                sffsUnmount
 .text.sffsMakeFs
                0x0081d3d8       0x90 lib/libsffs_core.a(sffs.c.obj)
                0x0081d3d8                sffsMakeFs
 .text.sffsOpen
                0x0081d468      0x274 lib/libsffs_core.a(sffs.c.obj)
                0x0081d468                sffsOpen
 .text.sffsSfileWrite
                0x0081d6dc      0x3f8 lib/libsffs_core.a(sffs.c.obj)
                0x0081d6dc                sffsSfileWrite
 .text.sffsRead
                0x0081dad4      0x128 lib/libsffs_core.a(sffs.c.obj)
                0x0081dad4                sffsRead
 .text.sffsSeek
                0x0081dbfc       0x7c lib/libsffs_core.a(sffs.c.obj)
                0x0081dbfc                sffsSeek
 .text.sffsClose
                0x0081dc78       0x4c lib/libsffs_core.a(sffs.c.obj)
                0x0081dc78                sffsClose
 .text.sffsFstat
                0x0081dcc4       0x78 lib/libsffs_core.a(sffs.c.obj)
                0x0081dcc4                sffsFstat
 .text.sffsMkDir
                0x0081dd3c      0x14c lib/libsffs_core.a(sffs.c.obj)
                0x0081dd3c                sffsMkDir
 .text.sffsUnlink
                0x0081de88       0xc4 lib/libsffs_core.a(sffs.c.obj)
                0x0081de88                sffsUnlink
 .text.sffsSetSfileReserveCount
                0x0081df4c       0x14 lib/libsffs_core.a(sffs.c.obj)
                0x0081df4c                sffsSetSfileReserveCount
 *(.rokeep)
                0x0081df60                __text_end = .
                0x0081df60                . = ALIGN (0x20)

.data           0x0081df60      0x3a0
                0x0081df60                __data_start = .
 SORT_BY_NAME(*)(.sramdata .sramdata.*)
 SORT_BY_NAME(*)(.data .data.* .sdata .sdata.* .data1 .gnu.linkonce.d.*)
 .data._impure_ptr
                0x0081df60        0x4 components/bootloader/CMakeFiles/boot2.dir/boot/boot2_start_8910.c.obj
                0x0081df60                _impure_ptr
 .data.quec_pff_sector_size
                0x0081df64        0x4 lib/libboot_ex_fat_rdonly.a(pff_basic.c.obj)
                0x0081df64                quec_pff_sector_size
 .data.quec_boot_fs_type
                0x0081df68        0x1 lib/libboot_ex_ql.a(quec_boot_fota.c.obj)
                0x0081df68                quec_boot_fs_type
 .data.quec_fota_stage
                0x0081df69        0x9 lib/libboot_ex_ql.a(quec_boot_fota.c.obj)
                0x0081df69                quec_fota_stage
 *fill*         0x0081df72        0x2 
 .data.quec_boot_spi6_pin_cfg_map
                0x0081df74       0x98 lib/libboot_ex_ql_pin.a(quec_boot_pin_map.c.obj)
                0x0081df74                quec_boot_spi6_pin_cfg_map
 .data.ql_boot_sdmmc_cfg
                0x0081e00c        0x8 lib/libboot_ex_sdmmc.a(quec_boot_sdmmc.c.obj)
                0x0081e00c                ql_boot_sdmmc_cfg
 .data.gPartInfo_extflash
                0x0081e014       0x70 lib/libboot_ex_spi6nor.a(quec_spi6_ext_norflash_cfg.c.obj)
                0x0081e014                gPartInfo_extflash
 .data.ql_spi6_ext_nor_flash_clk
                0x0081e084        0x1 lib/libboot_ex_spi6nor.a(quec_spi6_ext_norflash_cfg.c.obj)
                0x0081e084                ql_spi6_ext_nor_flash_clk
 .data.quec_skip_spi6_ext_nor_flash_init
                0x0081e085        0x1 lib/libboot_ex_spi6nor.a(quec_spi6_ext_norflash_cfg.c.obj)
                0x0081e085                quec_skip_spi6_ext_nor_flash_init
 *fill*         0x0081e086        0x2 
 .data.gDrvSpiFlashCtx
                0x0081e088       0x80 lib/libbootloader.a(boot_spi_flash.c.obj)
 .data.gFsScenario
                0x0081e108        0x1 lib/libfsmount.a(fs_mount.c.obj)
 *fill*         0x0081e109        0x3 
 .data.gFupdatePackFileName
                0x0081e10c        0x4 lib/libfupdate_core.a(fupdate_common.c.obj)
                0x0081e10c                gFupdatePackFileName
 .data.gFupdateStageFileName
                0x0081e110        0x4 lib/libfupdate_core.a(fupdate_common.c.obj)
                0x0081e110                gFupdateStageFileName
 .data.gFupdateTempFileName
                0x0081e114        0x4 lib/libfupdate_core.a(fupdate_common.c.obj)
                0x0081e114                gFupdateTempFileName
 .data.ql_SpiFlashProps
                0x0081e118      0x1cc lib/libhal_prop.a(ql_hal_spi_flash_prop.c.obj)
                0x0081e118                ql_SpiFlashProps
 .data.ql_SpiFlashPropsLen
                0x0081e2e4        0x4 lib/libhal_prop.a(ql_hal_spi_flash_prop.c.obj)
                0x0081e2e4                ql_SpiFlashPropsLen
 .data.quec_nor_ext_mount_start_addr
                0x0081e2e8        0x4 lib/libhal_prop.a(ql_hal_spi_flash_prop.c.obj)
                0x0081e2e8                quec_nor_ext_mount_start_addr
 .data.g_Alloc  0x0081e2ec        0x8 lib/libsffs_core.a(lzmar.c.obj)
 *(.rwkeep)
 .rwkeep        0x0081e2f4        0x8 lib/libhal.a(hal_chip_armv7a.c.obj)
                0x0081e2f4                gGdbRegAddress
                0x0081e2f8                gGdbCtxType
                0x0081e2fc                __data_end = .
                0x0081e300                . = ALIGN (0x20)
 *fill*         0x0081e2fc        0x4 

.lastflash      0x0081e300        0x0
                0x0081e300                . = ALIGN (0x20)

.bss            0x0081e300      0xf00
                0x0081e300                __bss_start = .
 *(.srambss .srambss.*)
 *(.bss .bss.* COMMON .scommon .sbss .sbss.* .sbss2 .sbss2.* .gnu.linkonce.b.*)
 .bss.gZeroedReent
                0x0081e300      0x428 components/bootloader/CMakeFiles/boot2.dir/boot/boot2_start_8910.c.obj
 .bss.gSecureCtx
                0x0081e728       0x30 lib/libbootloader.a(boot_secure.c.obj)
 .bss.gDefaultHeap
                0x0081e758        0x4 lib/libbootloader.a(boot_mem.c.obj)
 .bss.gExtRamHeap
                0x0081e75c        0xc lib/libbootloader.a(boot_mem.c.obj)
 .bss.gIramHeap
                0x0081e768        0xc lib/libbootloader.a(boot_mem.c.obj)
 .bss.gBootVfsRegList
                0x0081e774        0x4 lib/libbootloader.a(boot_vfs.c.obj)
 .bss.quec_boot_start_param
                0x0081e778        0x4 lib/libbootloader.a(boot_vfs.c.obj)
                0x0081e778                quec_boot_start_param
 .bss.quec_header
                0x0081e77c        0x4 lib/libbootloader.a(boot_vfs.c.obj)
                0x0081e77c                quec_header
 .bss.gTimerCb  0x0081e780        0x8 lib/libbootloader.a(boot_timer.c.obj)
 .bss.gTraceEnabled
                0x0081e788        0x1 lib/libbootloader.a(boot_log.c.obj)
                0x0081e788                gTraceEnabled
 *fill*         0x0081e789        0x3 
 COMMON         0x0081e78c       0x54 lib/libbootloader.a(boot_log.c.obj)
                0x0081e78c                v_tra_pubModuleControl
                0x0081e790                v_tra_categoryControl
                0x0081e794                gTraceSequence
                0x0081e798                v_tra_lteModuleControl
                0x0081e79c                sxs_IoCtx
 .bss.quec_ext_flash_gpio_first_time_init
                0x0081e7e0        0x1 lib/libhal.a(hal_pmu_8910.c.obj)
 *fill*         0x0081e7e1        0x3 
 COMMON         0x0081e7e4      0x290 lib/libhal.a(hal_chip_armv7a.c.obj)
                0x0081e7e4                gBlueScreenCp15
                0x0081e8b8                gBlueScreenRegs
 .bss.gSpiFlashProps
                0x0081ea74        0x4 lib/libhal.a(hal_spi_flash.c.obj)
 .bss.gSpiFlashPropsLen
                0x0081ea78        0x4 lib/libhal.a(hal_spi_flash.c.obj)
 .bss.gFotaEngine
                0x0081ea7c        0x4 lib/libfupdate_core.a(fupdate_bootloader.c.obj)
 .bss.gBdevList
                0x0081ea80        0x4 lib/libfsmount.a(fs_mount.c.obj)
                0x0081ea80                gBdevList
 .bss.gPartInfo_ptr
                0x0081ea84        0x4 lib/libfsmount.a(fs_mount.c.obj)
                0x0081ea84                gPartInfo_ptr
 .bss.boot_fota_param
                0x0081ea88       0xc4 lib/libboot_ex_ql.a(quec_boot_fota.c.obj)
                0x0081ea88                boot_fota_param
 .bss.boot_urc_enable
                0x0081eb4c        0x1 lib/libboot_ex_ql.a(quec_boot_fota.c.obj)
                0x0081eb4c                boot_urc_enable
 .bss.quec_current_partition
                0x0081eb4d        0x1 lib/libboot_ex_ql.a(quec_boot_fota.c.obj)
                0x0081eb4d                quec_current_partition
 .bss.quec_partition_num
                0x0081eb4e        0x1 lib/libboot_ex_ql.a(quec_boot_fota.c.obj)
                0x0081eb4e                quec_partition_num
 *fill*         0x0081eb4f        0x1 
 .bss.updata_urc_num
                0x0081eb50        0x4 lib/libboot_ex_ql.a(quec_boot_fota.c.obj)
                0x0081eb50                updata_urc_num
 .bss.gCrc32TableInited
                0x0081eb54        0x1 lib/libboot_calclib_crc.a(crc32.c.obj)
 .bss.gCrc8Table
                0x0081eb55      0x100 lib/libboot_calclib_crc.a(crc32.c.obj)
 .bss.gCrc8TableInited
                0x0081ec55        0x1 lib/libboot_calclib_crc.a(crc32.c.obj)
 *fill*         0x0081ec56        0x2 
 .bss.vds_crc32_table
                0x0081ec58      0x400 lib/libboot_calclib_crc.a(crc32.c.obj)
                0x0081ec58                vds_crc32_table
 .bss.bootfs    0x0081f058       0xb0 lib/libboot_ex_fat_rdonly.a(quec_boot_vfs.c.obj)
                0x0081f058                bootfs
 .bss.quec_boot_vfs_state
                0x0081f108        0x2 lib/libboot_ex_fat_rdonly.a(quec_boot_vfs.c.obj)
                0x0081f108                quec_boot_vfs_state
 *fill*         0x0081f10a        0x2 
 COMMON         0x0081f10c        0x8 lib/libboot_ex_fat_rdonly.a(quec_boot_vfs.c.obj)
                0x0081f10c                quec_boot_block_dev
 .bss.mount_flag
                0x0081f114        0x2 lib/libboot_ex_fat_rdonly.a(pff_rdonly.c.obj)
 *fill*         0x0081f116        0x2 
 COMMON         0x0081f118       0xaa lib/libboot_ex_fat_rdonly.a(pff_basic.c.obj)
                0x0081f118                FatFs
                0x0081f120                LfnBuf
 *fill*         0x0081f1c2        0x2 
 .bss.bootgv_sdmmc
                0x0081f1c4        0x4 lib/libboot_ex_sdmmc.a(quec_boot_sdmmc.c.obj)
                0x0081f1c4                bootgv_sdmmc
 .bss.tbuff_sdmmc
                0x0081f1c8        0x4 lib/libboot_ex_sdmmc.a(quec_boot_sdmmc.c.obj)
                0x0081f1c8                tbuff_sdmmc
 .bss.tbuff_sdmmc_32aligned
                0x0081f1cc        0x4 lib/libboot_ex_sdmmc.a(quec_boot_sdmmc.c.obj)
                0x0081f1cc                tbuff_sdmmc_32aligned
 .bss.qboot_sdmmc
                0x0081f1d0        0x4 lib/libboot_ex_sdmmc.a(quec_boot_sd.c.obj)
 .bss.ext_flash_gpio_cfg_reg
                0x0081f1d4       0x18 lib/libboot_ex_spi6nor.a(quec_spi6_ext_norflash_cfg.c.obj)
 .bss.quec_spi6_ext_nor_flash_capacity
                0x0081f1ec        0x4 lib/libboot_ex_spi6nor.a(quec_spi6_ext_norflash_cfg.c.obj)
                0x0081f1ec                quec_spi6_ext_nor_flash_capacity
 .bss.quec_spi6_ext_nor_flash_is_exist
                0x0081f1f0        0x1 lib/libboot_ex_spi6nor.a(quec_spi6_ext_norflash_cfg.c.obj)
                0x0081f1f0                quec_spi6_ext_nor_flash_is_exist
 .bss.quec_spi6_ext_norflash_mount_status
                0x0081f1f1        0x1 lib/libboot_ex_spi6nor.a(quec_spi6_ext_norflash_cfg.c.obj)
                0x0081f1f1                quec_spi6_ext_norflash_mount_status
 .bss.ql_boot_cur_spi6_port
                0x0081f1f2        0x1 lib/libboot_ex_ql_pin.a(quec_boot_pin_map.c.obj)
                0x0081f1f2                ql_boot_cur_spi6_port
                0x0081f1f3                __bss_end = .
                0x0081f200                . = ALIGN (0x20)
 *fill*         0x0081f1f3        0xd 

.sys_stack      0x0081f200     0x1800
                0x0081f200                __sys_stack_start = .
                0x00820a00                . = (. + 0x1800)
 *fill*         0x0081f200     0x1800 
                0x00820a00                __sys_stack_end = .
                0x00820a00                . = ALIGN (0x20)

.irq_stack      0x00820a00      0x800
                0x00820a00                __irq_stack_start = .
                0x00821200                . = (. + 0x800)
 *fill*         0x00820a00      0x800 
                0x00821200                __irq_stack_end = .
                0x00821200                . = ALIGN (0x20)

.blue_screen    0x00821200      0x600
                0x00821200                __blue_screen_start = .
                0x00821800                . = (. + 0x600)
 *fill*         0x00821200      0x600 
                0x00821800                __blue_screen_end = .
                0x00821800                . = ALIGN (0x20)

.sram_heap      0x00821800    0x1a400
                0x00821800                __sram_heap_start = .
                0x0083bc00                . = ((ORIGIN (sram) + LENGTH (sram)) - 0x4400)
 *fill*         0x00821800    0x1a400 
                0x0083bc00                __sram_heap_end = .
                0x0083bc00                . = ALIGN (0x20)

.mmu_ttbl2      0x0083bc00      0x400
                0x0083bc00                __mmu_ttbl2_start = .
                0x0083c000                . = (. + 0x400)
 *fill*         0x0083bc00      0x400 
                0x0083c000                __mmu_ttbl2_end = .
                0x0083c000                . = ALIGN (0x20)

.mmu_ttbl1      0x0083c000     0x4000
                0x0083c000                __mmu_ttbl1_start = .
                0x00840000                . = (. + 0x4000)
 *fill*         0x0083c000     0x4000 
                0x00840000                __mmu_ttbl1_end = .
                0x00840000                . = ALIGN (0x20)
                0x00000001                ASSERT (((__mmu_ttbl1_start % 0x4000) == 0x0), TTB L1 is not aligned)
                0x00810040                __flash_start = LOADADDR (.text)
                0x0081e300                __flash_end = ADDR (.lastflash)

.comment        0x00000000       0xf7
 *(.comment)
 .comment       0x00000000       0x7e components/bootloader/CMakeFiles/boot2.dir/boot/boot2_start_8910.c.obj
                                 0x7f (size before relaxing)
 .comment       0x0000007e       0x7f lib/libbootloader.a(boot_platform_8910.c.obj)
 .comment       0x0000007e       0x7f lib/libbootloader.a(boot_secure.c.obj)
 .comment       0x0000007e       0x7f lib/libbootloader.a(boot_sffs_port.c.obj)
 .comment       0x0000007e       0x7f lib/libbootloader.a(boot_delay.c.obj)
 .comment       0x0000007e       0x7f lib/libbootloader.a(boot_mem.c.obj)
 .comment       0x0000007e       0x7f lib/libbootloader.a(boot_spi_flash.c.obj)
 .comment       0x0000007e       0x7f lib/libbootloader.a(boot_debuguart.c.obj)
 .comment       0x0000007e       0x7f lib/libbootloader.a(boot_trace.c.obj)
 .comment       0x0000007e       0x7f lib/libbootloader.a(boot_vfs.c.obj)
 .comment       0x0000007e       0x7f lib/libbootloader.a(boot_irq.c.obj)
 .comment       0x0000007e       0x7f lib/libbootloader.a(boot_timer.c.obj)
 .comment       0x0000007e       0x7f lib/libbootloader.a(boot_mmu.c.obj)
 .comment       0x0000007e       0x7f lib/libbootloader.a(boot_override.c.obj)
 .comment       0x0000007e       0x7f lib/libbootloader.a(boot_adi_bus.c.obj)
 .comment       0x0000007e       0x7f lib/libbootloader.a(boot_log.c.obj)
 .comment       0x0000007e       0x7f lib/libhal.a(hal_clock_init.c.obj)
 .comment       0x0000007e       0x7f lib/libhal.a(hal_chip_8910.c.obj)
 .comment       0x0000007e       0x7f lib/libhal.a(hal_pmu_8910.c.obj)
 .comment       0x0000007e       0x7f lib/libhal.a(hal_efuse_8910.c.obj)
 .comment       0x0000007e       0x7f lib/libhal.a(hal_delay.c.obj)
 .comment       0x0000007e       0x7f lib/libhal.a(hal_reg_apply.c.obj)
 .comment       0x0000007e       0x7f lib/libhal.a(hal_chip_armv7a.c.obj)
 .comment       0x0000007e       0x7f lib/libhal.a(hal_hwspinlock.c.obj)
 .comment       0x0000007e       0x7f lib/libhal.a(hal_spi_flash.c.obj)
 .comment       0x0000007e       0x7f lib/libfupdate_core.a(fupdate_bootloader.c.obj)
 .comment       0x0000007e       0x7f lib/libfupdate_core.a(fupdate_common.c.obj)
 .comment       0x0000007e       0x7f lib/libfsmount.a(fs_mount.c.obj)
 .comment       0x0000007e       0x7f lib/libsffs_core.a(sffs.c.obj)
 .comment       0x0000007e       0x7f lib/libsffs_core.a(lzmar.c.obj)
 .comment       0x0000007e       0x7f lib/libsffs_core.a(LzmaEnc.c.obj)
 .comment       0x0000007e       0x7f lib/libsffs_core.a(LzFind.c.obj)
 .comment       0x0000007e       0x7f lib/libbdev.a(block_device.c.obj)
 .comment       0x0000007e       0x7f lib/libbdev.a(partition_block_device.c.obj)
 .comment       0x0000007e       0x7f lib/libbdev_core.a(flash_block_device_v2.c.obj)
 .comment       0x0000007e       0x7f lib/libboot_ex_ql.a(quec_boot_fota.c.obj)
 .comment       0x0000007e       0x7f lib/libhal.a(hal_lzma.c.obj)
 .comment       0x0000007e       0x79 ../../components/newlib/armca5/libc.a(lib_a-memcmp.o)
                                 0x7a (size before relaxing)
 .comment       0x000000f7       0x7a ../../components/newlib/armca5/libc.a(lib_a-memcpy-stub.o)
 .comment       0x000000f7       0x7a ../../components/newlib/armca5/libc.a(lib_a-memmove.o)
 .comment       0x000000f7       0x7a ../../components/newlib/armca5/libc.a(lib_a-memset.o)
 .comment       0x000000f7       0x7a ../../components/newlib/armca5/libc.a(lib_a-strchr.o)
 .comment       0x000000f7       0x7a ../../components/newlib/armca5/libc.a(lib_a-strcpy.o)
 .comment       0x000000f7       0x7a ../../components/newlib/armca5/libc.a(lib_a-strdup.o)
 .comment       0x000000f7       0x7a ../../components/newlib/armca5/libc.a(lib_a-strdup_r.o)
 .comment       0x000000f7       0x7a ../../components/newlib/armca5/libc.a(lib_a-strncmp.o)
 .comment       0x000000f7       0x7a ../../components/newlib/armca5/libc.a(lib_a-strrchr.o)
 .comment       0x000000f7       0x7a ../../components/newlib/armca5/libc.a(lib_a-getreent.o)
 .comment       0x000000f7       0x7f lib/libboot_calclib_crc.a(crc32.c.obj)
 .comment       0x000000f7       0x7f lib/libboot_ex_fat_rdonly.a(quec_boot_pff_rdonly.c.obj)
 .comment       0x000000f7       0x7f lib/libboot_ex_fat_rdonly.a(quec_boot_vfs.c.obj)
 .comment       0x000000f7       0x7f lib/libboot_ex_fat_rdonly.a(pff_rdonly.c.obj)
 .comment       0x000000f7       0x7f lib/libboot_ex_fat_rdonly.a(quec_boot_block_device.c.obj)
 .comment       0x000000f7       0x7f lib/libboot_ex_fat_rdonly.a(diskio.c.obj)
 .comment       0x000000f7       0x7f lib/libboot_ex_fat_rdonly.a(pff_basic.c.obj)
 .comment       0x000000f7       0x7f lib/libboot_ex_sdmmc.a(quec_boot_sdmmc.c.obj)
 .comment       0x000000f7       0x7f lib/libboot_ex_sdmmc.a(quec_boot_sd.c.obj)
 .comment       0x000000f7       0x7f lib/libboot_ex_sdmmc.a(quec_boot_ifc.c.obj)
 .comment       0x000000f7       0x7f lib/libboot_ex_spi6nor.a(quec_spi6_ext_norflash_cfg.c.obj)
 .comment       0x000000f7       0x7f lib/libboot_ex_spi6nor.a(quec_boot_pin_power_domain.c.obj)
 .comment       0x000000f7       0x7f lib/libboot_ex_ql_pin.a(quec_boot_pin_map.c.obj)
 .comment       0x000000f7       0x7f lib/libcalclib.a(decompress_unlzma.c.obj)
 .comment       0x000000f7       0x7f lib/libhal_prop.a(ql_hal_spi_flash_prop.c.obj)
 .comment       0x000000f7       0x7f lib/libfs_partinfo.a(ql_fs_part_info.c.obj)

.ARM.attributes
                0x00000000       0x3d
 *(.ARM.attributes)
 .ARM.attributes
                0x00000000       0x3d components/bootloader/CMakeFiles/boot2.dir/boot/boot2_start_8910.c.obj
 .ARM.attributes
                0x0000003d       0x3d lib/libbootloader.a(boot_platform_8910.c.obj)
 .ARM.attributes
                0x0000007a       0x3d lib/libbootloader.a(boot_secure.c.obj)
 .ARM.attributes
                0x000000b7       0x2b lib/libbootloader.a(boot_entry_v7a.S.obj)
 .ARM.attributes
                0x000000e2       0x3d lib/libbootloader.a(boot_sffs_port.c.obj)
 .ARM.attributes
                0x0000011f       0x3d lib/libbootloader.a(boot_delay.c.obj)
 .ARM.attributes
                0x0000015c       0x3d lib/libbootloader.a(boot_mem.c.obj)
 .ARM.attributes
                0x00000199       0x3d lib/libbootloader.a(boot_spi_flash.c.obj)
 .ARM.attributes
                0x000001d6       0x3d lib/libbootloader.a(boot_debuguart.c.obj)
 .ARM.attributes
                0x00000213       0x3d lib/libbootloader.a(boot_trace.c.obj)
 .ARM.attributes
                0x00000250       0x3d lib/libbootloader.a(boot_vfs.c.obj)
 .ARM.attributes
                0x0000028d       0x3d lib/libbootloader.a(boot_irq.c.obj)
 .ARM.attributes
                0x000002ca       0x3d lib/libbootloader.a(boot_timer.c.obj)
 .ARM.attributes
                0x00000307       0x3d lib/libbootloader.a(boot_mmu.c.obj)
 .ARM.attributes
                0x00000344       0x3d lib/libbootloader.a(boot_override.c.obj)
 .ARM.attributes
                0x00000381       0x3d lib/libbootloader.a(boot_adi_bus.c.obj)
 .ARM.attributes
                0x000003be       0x3d lib/libbootloader.a(boot_log.c.obj)
 .ARM.attributes
                0x000003fb       0x3d lib/libhal.a(hal_clock_init.c.obj)
 .ARM.attributes
                0x00000438       0x3d lib/libhal.a(hal_chip_8910.c.obj)
 .ARM.attributes
                0x00000475       0x3d lib/libhal.a(hal_pmu_8910.c.obj)
 .ARM.attributes
                0x000004b2       0x3d lib/libhal.a(hal_efuse_8910.c.obj)
 .ARM.attributes
                0x000004ef       0x3d lib/libhal.a(hal_delay.c.obj)
 .ARM.attributes
                0x0000052c       0x3d lib/libhal.a(hal_reg_apply.c.obj)
 .ARM.attributes
                0x00000569       0x3d lib/libhal.a(hal_chip_armv7a.c.obj)
 .ARM.attributes
                0x000005a6       0x3d lib/libhal.a(hal_hwspinlock.c.obj)
 .ARM.attributes
                0x000005e3       0x3d lib/libhal.a(hal_spi_flash.c.obj)
 .ARM.attributes
                0x00000620       0x3d lib/libfupdate_core.a(fupdate_bootloader.c.obj)
 .ARM.attributes
                0x0000065d       0x3d lib/libfupdate_core.a(fupdate_common.c.obj)
 .ARM.attributes
                0x0000069a       0x3d lib/libfsmount.a(fs_mount.c.obj)
 .ARM.attributes
                0x000006d7       0x3d lib/libsffs_core.a(sffs.c.obj)
 .ARM.attributes
                0x00000714       0x3d lib/libsffs_core.a(lzmar.c.obj)
 .ARM.attributes
                0x00000751       0x3d lib/libsffs_core.a(LzmaEnc.c.obj)
 .ARM.attributes
                0x0000078e       0x3d lib/libsffs_core.a(LzFind.c.obj)
 .ARM.attributes
                0x000007cb       0x3d lib/libbdev.a(block_device.c.obj)
 .ARM.attributes
                0x00000808       0x3d lib/libbdev.a(partition_block_device.c.obj)
 .ARM.attributes
                0x00000845       0x3d lib/libbdev_core.a(flash_block_device_v2.c.obj)
 .ARM.attributes
                0x00000882       0x3d lib/libboot_ex_ql.a(quec_boot_fota.c.obj)
 .ARM.attributes
                0x000008bf       0x3d lib/libhal.a(hal_lzma.c.obj)
 .ARM.attributes
                0x000008fc       0x37 ../../components/newlib/armca5/libc.a(lib_a-memcmp.o)
 .ARM.attributes
                0x00000933       0x37 ../../components/newlib/armca5/libc.a(lib_a-memcpy-stub.o)
 .ARM.attributes
                0x0000096a       0x37 ../../components/newlib/armca5/libc.a(lib_a-memmove.o)
 .ARM.attributes
                0x000009a1       0x37 ../../components/newlib/armca5/libc.a(lib_a-memset.o)
 .ARM.attributes
                0x000009d8       0x37 ../../components/newlib/armca5/libc.a(lib_a-strchr.o)
 .ARM.attributes
                0x00000a0f       0x37 ../../components/newlib/armca5/libc.a(lib_a-strcpy.o)
 .ARM.attributes
                0x00000a46       0x37 ../../components/newlib/armca5/libc.a(lib_a-strdup.o)
 .ARM.attributes
                0x00000a7d       0x37 ../../components/newlib/armca5/libc.a(lib_a-strdup_r.o)
 .ARM.attributes
                0x00000ab4       0x1d ../../components/newlib/armca5/libc.a(lib_a-strlen.o)
 .ARM.attributes
                0x00000ad1       0x37 ../../components/newlib/armca5/libc.a(lib_a-strncmp.o)
 .ARM.attributes
                0x00000b08       0x37 ../../components/newlib/armca5/libc.a(lib_a-strrchr.o)
 .ARM.attributes
                0x00000b3f       0x37 ../../components/newlib/armca5/libc.a(lib_a-getreent.o)
 .ARM.attributes
                0x00000b76       0x1b ../../prebuilts/win32/gcc-arm-none-eabi/bin/../lib/gcc/arm-none-eabi/7.2.1/thumb/v7-ar/fpv3/hard/libgcc.a(_udivsi3.o)
 .ARM.attributes
                0x00000b91       0x1b ../../prebuilts/win32/gcc-arm-none-eabi/bin/../lib/gcc/arm-none-eabi/7.2.1/thumb/v7-ar/fpv3/hard/libgcc.a(_divsi3.o)
 .ARM.attributes
                0x00000bac       0x1b ../../prebuilts/win32/gcc-arm-none-eabi/bin/../lib/gcc/arm-none-eabi/7.2.1/thumb/v7-ar/fpv3/hard/libgcc.a(_dvmd_tls.o)
 .ARM.attributes
                0x00000bc7       0x3d lib/libboot_calclib_crc.a(crc32.c.obj)
 .ARM.attributes
                0x00000c04       0x3d lib/libboot_ex_fat_rdonly.a(quec_boot_pff_rdonly.c.obj)
 .ARM.attributes
                0x00000c41       0x3d lib/libboot_ex_fat_rdonly.a(quec_boot_vfs.c.obj)
 .ARM.attributes
                0x00000c7e       0x3d lib/libboot_ex_fat_rdonly.a(pff_rdonly.c.obj)
 .ARM.attributes
                0x00000cbb       0x3d lib/libboot_ex_fat_rdonly.a(quec_boot_block_device.c.obj)
 .ARM.attributes
                0x00000cf8       0x3d lib/libboot_ex_fat_rdonly.a(diskio.c.obj)
 .ARM.attributes
                0x00000d35       0x3d lib/libboot_ex_fat_rdonly.a(pff_basic.c.obj)
 .ARM.attributes
                0x00000d72       0x3d lib/libboot_ex_sdmmc.a(quec_boot_sdmmc.c.obj)
 .ARM.attributes
                0x00000daf       0x3d lib/libboot_ex_sdmmc.a(quec_boot_sd.c.obj)
 .ARM.attributes
                0x00000dec       0x3d lib/libboot_ex_sdmmc.a(quec_boot_ifc.c.obj)
 .ARM.attributes
                0x00000e29       0x3d lib/libboot_ex_spi6nor.a(quec_spi6_ext_norflash_cfg.c.obj)
 .ARM.attributes
                0x00000e66       0x3d lib/libboot_ex_spi6nor.a(quec_boot_pin_power_domain.c.obj)
 .ARM.attributes
                0x00000ea3       0x3d lib/libboot_ex_ql_pin.a(quec_boot_pin_map.c.obj)
 .ARM.attributes
                0x00000ee0       0x3d lib/libcalclib.a(decompress_unlzma.c.obj)
 .ARM.attributes
                0x00000f1d       0x3d lib/libhal_prop.a(ql_hal_spi_flash_prop.c.obj)
 .ARM.attributes
                0x00000f5a       0x3d lib/libfs_partinfo.a(ql_fs_part_info.c.obj)
 .ARM.attributes
                0x00000f97       0x2b lib/libfs_partinfo.a(partinfo.bin.S.obj)

.iplt           0x00000000        0x0
 *(.iplt)
 .iplt          0x00000000        0x0 components/bootloader/CMakeFiles/boot2.dir/boot/boot2_start_8910.c.obj

.igot.plt       0x00000000        0x0
 *(.igot.plt)
 .igot.plt      0x00000000        0x0 components/bootloader/CMakeFiles/boot2.dir/boot/boot2_start_8910.c.obj

.rel.dyn        0x00000000        0x0
 *(.rel.dyn)